Archive member included to satisfy reference by file (symbol)

c:/st/stm32cubeide_1.4.0/stm32cubeide/plugins/com.st.stm32cube.ide.mcu.externaltools.gnu-tools-for-stm32.10.3-2021.10.win32_1.0.0.202111181127/tools/bin/../lib/gcc/arm-none-eabi/10.3.1/../../../../arm-none-eabi/lib/thumb/v7e-m+fp/hard\libc_nano.a(lib_a-errno.o)
                              ./Core/Src/syscalls.o (__errno)
c:/st/stm32cubeide_1.4.0/stm32cubeide/plugins/com.st.stm32cube.ide.mcu.externaltools.gnu-tools-for-stm32.10.3-2021.10.win32_1.0.0.202111181127/tools/bin/../lib/gcc/arm-none-eabi/10.3.1/../../../../arm-none-eabi/lib/thumb/v7e-m+fp/hard\libc_nano.a(lib_a-exit.o)
                              c:/st/stm32cubeide_1.4.0/stm32cubeide/plugins/com.st.stm32cube.ide.mcu.externaltools.gnu-tools-for-stm32.10.3-2021.10.win32_1.0.0.202111181127/tools/bin/../lib/gcc/arm-none-eabi/10.3.1/../../../../arm-none-eabi/lib/thumb/v7e-m+fp/hard/crt0.o (exit)
c:/st/stm32cubeide_1.4.0/stm32cubeide/plugins/com.st.stm32cube.ide.mcu.externaltools.gnu-tools-for-stm32.10.3-2021.10.win32_1.0.0.202111181127/tools/bin/../lib/gcc/arm-none-eabi/10.3.1/../../../../arm-none-eabi/lib/thumb/v7e-m+fp/hard\libc_nano.a(lib_a-impure.o)
                              c:/st/stm32cubeide_1.4.0/stm32cubeide/plugins/com.st.stm32cube.ide.mcu.externaltools.gnu-tools-for-stm32.10.3-2021.10.win32_1.0.0.202111181127/tools/bin/../lib/gcc/arm-none-eabi/10.3.1/../../../../arm-none-eabi/lib/thumb/v7e-m+fp/hard\libc_nano.a(lib_a-exit.o) (_global_impure_ptr)
c:/st/stm32cubeide_1.4.0/stm32cubeide/plugins/com.st.stm32cube.ide.mcu.externaltools.gnu-tools-for-stm32.10.3-2021.10.win32_1.0.0.202111181127/tools/bin/../lib/gcc/arm-none-eabi/10.3.1/../../../../arm-none-eabi/lib/thumb/v7e-m+fp/hard\libc_nano.a(lib_a-init.o)
                              c:/st/stm32cubeide_1.4.0/stm32cubeide/plugins/com.st.stm32cube.ide.mcu.externaltools.gnu-tools-for-stm32.10.3-2021.10.win32_1.0.0.202111181127/tools/bin/../lib/gcc/arm-none-eabi/10.3.1/../../../../arm-none-eabi/lib/thumb/v7e-m+fp/hard/crt0.o (__libc_init_array)
c:/st/stm32cubeide_1.4.0/stm32cubeide/plugins/com.st.stm32cube.ide.mcu.externaltools.gnu-tools-for-stm32.10.3-2021.10.win32_1.0.0.202111181127/tools/bin/../lib/gcc/arm-none-eabi/10.3.1/../../../../arm-none-eabi/lib/thumb/v7e-m+fp/hard\libc_nano.a(lib_a-memcpy-stub.o)
                              ./Middlewares/ST/BlueNRG-MS/hci/controller/bluenrg_gap_aci.o (memcpy)
c:/st/stm32cubeide_1.4.0/stm32cubeide/plugins/com.st.stm32cube.ide.mcu.externaltools.gnu-tools-for-stm32.10.3-2021.10.win32_1.0.0.202111181127/tools/bin/../lib/gcc/arm-none-eabi/10.3.1/../../../../arm-none-eabi/lib/thumb/v7e-m+fp/hard\libc_nano.a(lib_a-memset.o)
                              c:/st/stm32cubeide_1.4.0/stm32cubeide/plugins/com.st.stm32cube.ide.mcu.externaltools.gnu-tools-for-stm32.10.3-2021.10.win32_1.0.0.202111181127/tools/bin/../lib/gcc/arm-none-eabi/10.3.1/../../../../arm-none-eabi/lib/thumb/v7e-m+fp/hard/crt0.o (memset)
c:/st/stm32cubeide_1.4.0/stm32cubeide/plugins/com.st.stm32cube.ide.mcu.externaltools.gnu-tools-for-stm32.10.3-2021.10.win32_1.0.0.202111181127/tools/bin/../lib/gcc/arm-none-eabi/10.3.1/../../../../arm-none-eabi/lib/thumb/v7e-m+fp/hard\libc_nano.a(lib_a-printf.o)
                              ./Core/Src/FitnessController_ApplicationLayer/BatteryService/BatteryService.o (printf)
c:/st/stm32cubeide_1.4.0/stm32cubeide/plugins/com.st.stm32cube.ide.mcu.externaltools.gnu-tools-for-stm32.10.3-2021.10.win32_1.0.0.202111181127/tools/bin/../lib/gcc/arm-none-eabi/10.3.1/../../../../arm-none-eabi/lib/thumb/v7e-m+fp/hard\libc_nano.a(lib_a-puts.o)
                              ./Core/Src/main.o (puts)
c:/st/stm32cubeide_1.4.0/stm32cubeide/plugins/com.st.stm32cube.ide.mcu.externaltools.gnu-tools-for-stm32.10.3-2021.10.win32_1.0.0.202111181127/tools/bin/../lib/gcc/arm-none-eabi/10.3.1/../../../../arm-none-eabi/lib/thumb/v7e-m+fp/hard\libc_nano.a(lib_a-strlen.o)
                              ./Core/Src/FitnessController_ApplicationLayer/FitnessController.o (strlen)
c:/st/stm32cubeide_1.4.0/stm32cubeide/plugins/com.st.stm32cube.ide.mcu.externaltools.gnu-tools-for-stm32.10.3-2021.10.win32_1.0.0.202111181127/tools/bin/../lib/gcc/arm-none-eabi/10.3.1/../../../../arm-none-eabi/lib/thumb/v7e-m+fp/hard\libc_nano.a(lib_a-wbuf.o)
                              c:/st/stm32cubeide_1.4.0/stm32cubeide/plugins/com.st.stm32cube.ide.mcu.externaltools.gnu-tools-for-stm32.10.3-2021.10.win32_1.0.0.202111181127/tools/bin/../lib/gcc/arm-none-eabi/10.3.1/../../../../arm-none-eabi/lib/thumb/v7e-m+fp/hard\libc_nano.a(lib_a-puts.o) (__swbuf_r)
c:/st/stm32cubeide_1.4.0/stm32cubeide/plugins/com.st.stm32cube.ide.mcu.externaltools.gnu-tools-for-stm32.10.3-2021.10.win32_1.0.0.202111181127/tools/bin/../lib/gcc/arm-none-eabi/10.3.1/../../../../arm-none-eabi/lib/thumb/v7e-m+fp/hard\libc_nano.a(lib_a-wsetup.o)
[...]
Memory Configuration

Name             Origin             Length             Attributes
RAM              0x0000000020000000 0x0000000000018000 xrw
RAM2             0x0000000010000000 0x0000000000008000 xrw
FLASH            0x0000000008000000 0x0000000000100000 xr
*default*        0x0000000000000000 0xffffffffffffffff

Linker script and memory map

LOAD c:/st/stm32cubeide_1.4.0/stm32cubeide/plugins/com.st.stm32cube.ide.mcu.externaltools.gnu-tools-for-stm32.10.3-2021.10.win32_1.0.0.202111181127/tools/bin/../lib/gcc/arm-none-eabi/10.3.1/thumb/v7e-m+fp/hard/crti.o
LOAD c:/st/stm32cubeide_1.4.0/stm32cubeide/plugins/com.st.stm32cube.ide.mcu.externaltools.gnu-tools-for-stm32.10.3-2021.10.win32_1.0.0.202111181127/tools/bin/../lib/gcc/arm-none-eabi/10.3.1/thumb/v7e-m+fp/hard/crtbegin.o
LOAD c:/st/stm32cubeide_1.4.0/stm32cubeide/plugins/com.st.stm32cube.ide.mcu.externaltools.gnu-tools-for-stm32.10.3-2021.10.win32_1.0.0.202111181127/tools/bin/../lib/gcc/arm-none-eabi/10.3.1/../../../../arm-none-eabi/lib/thumb/v7e-m+fp/hard/crt0.o
LOAD ./BlueNRG-MS/Target/hci_tl_interface.o
LOAD ./Core/Src/FitnessController_ApplicationLayer/BatteryService/BatteryService.o
LOAD ./Core/Src/FitnessController_ApplicationLayer/Controller_Parts/analog_stick.o
LOAD ./Core/Src/FitnessController_ApplicationLayer/Controller_Parts/analog_stick_hardware.o
LOAD ./Core/Src/FitnessController_ApplicationLayer/Controller_Parts/button.o
LOAD ./Core/Src/FitnessController_ApplicationLayer/Controller_Parts/button_hardware.o
LOAD ./Core/Src/FitnessController_ApplicationLayer/Controller_Parts/trigger.o
LOAD ./Core/Src/FitnessController_ApplicationLayer/Controller_Parts/trigger_hardware.o
LOAD ./Core/Src/FitnessController_ApplicationLayer/DeviceInfoService/DeviceInfoService.o
LOAD ./Core/Src/FitnessController_ApplicationLayer/FitnessController.o
LOAD ./Core/Src/FitnessController_ApplicationLayer/HIDService/HID.o
LOAD ./Core/Src/FitnessController_ApplicationLayer/HIDService/HIDService.o
LOAD ./Core/Src/adc.o
LOAD ./Core/Src/dma.o
LOAD ./Core/Src/gpio.o
LOAD ./Core/Src/main.o
LOAD ./Core/Src/stm32l4xx_hal_msp.o
LOAD ./Core/Src/stm32l4xx_it.o
LOAD ./Core/Src/syscalls.o
LOAD ./Core/Src/sysmem.o
LOAD ./Core/Src/system_stm32l4xx.o
LOAD ./Core/Src/usart.o
LOAD ./Core/Startup/startup_stm32l475vgtx.o
LOAD ./Drivers/BSP/B-L475E-IOT01A1/b_l475e_iot01a1_bus.o
LOAD ./Drivers/STM32L4xx_HAL_Driver/Src/stm32l4xx_hal.o
LOAD ./Drivers/STM32L4xx_HAL_Driver/Src/stm32l4xx_hal_adc.o
LOAD ./Drivers/STM32L4xx_HAL_Driver/Src/stm32l4xx_hal_adc_ex.o
LOAD ./Drivers/STM32L4xx_HAL_Driver/Src/stm32l4xx_hal_cortex.o
LOAD ./Drivers/STM32L4xx_HAL_Driver/Src/stm32l4xx_hal_dma.o
LOAD ./Drivers/STM32L4xx_HAL_Driver/Src/stm32l4xx_hal_dma_ex.o
LOAD ./Drivers/STM32L4xx_HAL_Driver/Src/stm32l4xx_hal_exti.o
LOAD ./Drivers/STM32L4xx_HAL_Driver/Src/stm32l4xx_hal_flash.o
LOAD ./Drivers/STM32L4xx_HAL_Driver/Src/stm32l4xx_hal_flash_ex.o
LOAD ./Drivers/STM32L4xx_HAL_Driver/Src/stm32l4xx_hal_flash_ramfunc.o
LOAD ./Drivers/STM32L4xx_HAL_Driver/Src/stm32l4xx_hal_gpio.o
LOAD ./Drivers/STM32L4xx_HAL_Driver/Src/stm32l4xx_hal_i2c.o
LOAD ./Drivers/STM32L4xx_HAL_Driver/Src/stm32l4xx_hal_i2c_ex.o
LOAD ./Drivers/STM32L4xx_HAL_Driver/Src/stm32l4xx_hal_pwr.o
LOAD ./Drivers/STM32L4xx_HAL_Driver/Src/stm32l4xx_hal_pwr_ex.o
LOAD ./Drivers/STM32L4xx_HAL_Driver/Src/stm32l4xx_hal_rcc.o
LOAD ./Drivers/STM32L4xx_HAL_Driver/Src/stm32l4xx_hal_rcc_ex.o
LOAD ./Drivers/STM32L4xx_HAL_Driver/Src/stm32l4xx_hal_spi.o
LOAD ./Drivers/STM32L4xx_HAL_Driver/Src/stm32l4xx_hal_spi_ex.o
LOAD ./Drivers/STM32L4xx_HAL_Driver/Src/stm32l4xx_hal_tim.o
LOAD ./Drivers/STM32L4xx_HAL_Driver/Src/stm32l4xx_hal_tim_ex.o
LOAD ./Drivers/STM32L4xx_HAL_Driver/Src/stm32l4xx_hal_uart.o
LOAD ./Drivers/STM32L4xx_HAL_Driver/Src/stm32l4xx_hal_uart_ex.o
LOAD ./Middlewares/ST/BlueNRG-MS/hci/controller/bluenrg_gap_aci.o
LOAD ./Middlewares/ST/BlueNRG-MS/hci/controller/bluenrg_gatt_aci.o
LOAD ./Middlewares/ST/BlueNRG-MS/hci/controller/bluenrg_hal_aci.o
LOAD ./Middlewares/ST/BlueNRG-MS/hci/controller/bluenrg_l2cap_aci.o
LOAD ./Middlewares/ST/BlueNRG-MS/hci/controller/bluenrg_updater_aci.o
LOAD ./Middlewares/ST/BlueNRG-MS/hci/controller/bluenrg_utils_small.o
LOAD ./Middlewares/ST/BlueNRG-MS/hci/hci_le.o
LOAD ./Middlewares/ST/BlueNRG-MS/hci/hci_tl_patterns/Basic/hci_tl.o
LOAD ./Middlewares/ST/BlueNRG-MS/utils/ble_list.o
START GROUP
LOAD c:/st/stm32cubeide_1.4.0/stm32cubeide/plugins/com.st.stm32cube.ide.mcu.externaltools.gnu-tools-for-stm32.10.3-2021.10.win32_1.0.0.202111181127/tools/bin/../lib/gcc/arm-none-eabi/10.3.1/../../../../arm-none-eabi/lib/thumb/v7e-m+fp/hard\libc_nano.a
LOAD c:/st/stm32cubeide_1.4.0/stm32cubeide/plugins/com.st.stm32cube.ide.mcu.externaltools.gnu-tools-for-stm32.10.3-2021.10.win32_1.0.0.202111181127/tools/bin/../lib/gcc/arm-none-eabi/10.3.1/../../../../arm-none-eabi/lib/thumb/v7e-m+fp/hard\libm.a
END GROUP
START GROUP
LOAD c:/st/stm32cubeide_1.4.0/stm32cubeide/plugins/com.st.stm32cube.ide.mcu.externaltools.gnu-tools-for-stm32.10.3-2021.10.win32_1.0.0.202111181127/tools/bin/../lib/gcc/arm-none-eabi/10.3.1/thumb/v7e-m+fp/hard\libgcc.a
LOAD c:/st/stm32cubeide_1.4.0/stm32cubeide/plugins/com.st.stm32cube.ide.mcu.externaltools.gnu-tools-for-stm32.10.3-2021.10.win32_1.0.0.202111181127/tools/bin/../lib/gcc/arm-none-eabi/10.3.1/../../../../arm-none-eabi/lib/thumb/v7e-m+fp/hard\libc_nano.a
END GROUP
START GROUP
LOAD c:/st/stm32cubeide_1.4.0/stm32cubeide/plugins/com.st.stm32cube.ide.mcu.externaltools.gnu-tools-for-stm32.10.3-2021.10.win32_1.0.0.202111181127/tools/bin/../lib/gcc/arm-none-eabi/10.3.1/thumb/v7e-m+fp/hard\libgcc.a
LOAD c:/st/stm32cubeide_1.4.0/stm32cubeide/plugins/com.st.stm32cube.ide.mcu.externaltools.gnu-tools-for-stm32.10.3-2021.10.win32_1.0.0.202111181127/tools/bin/../lib/gcc/arm-none-eabi/10.3.1/../../../../arm-none-eabi/lib/thumb/v7e-m+fp/hard\libc_nano.a
LOAD c:/st/stm32cubeide_1.4.0/stm32cubeide/plugins/com.st.stm32cube.ide.mcu.externaltools.gnu-tools-for-stm32.10.3-2021.10.win32_1.0.0.202111181127/tools/bin/../lib/gcc/arm-none-eabi/10.3.1/../../../../arm-none-eabi/lib/thumb/v7e-m+fp/hard\libnosys.a
END GROUP
START GROUP
LOAD c:/st/stm32cubeide_1.4.0/stm32cubeide/plugins/com.st.stm32cube.ide.mcu.externaltools.gnu-tools-for-stm32.10.3-2021.10.win32_1.0.0.202111181127/tools/bin/../lib/gcc/arm-none-eabi/10.3.1/thumb/v7e-m+fp/hard\libgcc.a
LOAD c:/st/stm32cubeide_1.4.0/stm32cubeide/plugins/com.st.stm32cube.ide.mcu.externaltools.gnu-tools-for-stm32.10.3-2021.10.win32_1.0.0.202111181127/tools/bin/../lib/gcc/arm-none-eabi/10.3.1/../../../../arm-none-eabi/lib/thumb/v7e-m+fp/hard\libc_nano.a
LOAD c:/st/stm32cubeide_1.4.0/stm32cubeide/plugins/com.st.stm32cube.ide.mcu.externaltools.gnu-tools-for-stm32.10.3-2021.10.win32_1.0.0.202111181127/tools/bin/../lib/gcc/arm-none-eabi/10.3.1/../../../../arm-none-eabi/lib/thumb/v7e-m+fp/hard\libnosys.a
END GROUP
LOAD c:/st/stm32cubeide_1.4.0/stm32cubeide/plugins/com.st.stm32cube.ide.mcu.externaltools.gnu-tools-for-stm32.10.3-2021.10.win32_1.0.0.202111181127/tools/bin/../lib/gcc/arm-none-eabi/10.3.1/thumb/v7e-m+fp/hard/crtend.o
LOAD c:/st/stm32cubeide_1.4.0/stm32cubeide/plugins/com.st.stm32cube.ide.mcu.externaltools.gnu-tools-for-stm32.10.3-2021.10.win32_1.0.0.202111181127/tools/bin/../lib/gcc/arm-none-eabi/10.3.1/thumb/v7e-m+fp/hard/crtn.o
                0x0000000020018000                _estack = (ORIGIN (RAM) + LENGTH (RAM))
                0x0000000000000200                _Min_Heap_Size = 0x200
                0x0000000000000400                _Min_Stack_Size = 0x400

.isr_vector     0x0000000008000000      0x188
                0x0000000008000000                . = ALIGN (0x4)
 *(.isr_vector)
 .isr_vector    0x0000000008000000      0x188 ./Core/Startup/startup_stm32l475vgtx.o
                0x0000000008000000                g_pfnVectors
                0x0000000008000188                . = ALIGN (0x4)

.text           0x0000000008000190     0x9c64
                0x0000000008000190                . = ALIGN (0x4)
 *(.text)
 .text          0x0000000008000190       0x40 c:/st/stm32cubeide_1.4.0/stm32cubeide/plugins/com.st.stm32cube.ide.mcu.externaltools.gnu-tools-for-stm32.10.3-2021.10.win32_1.0.0.202111181127/tools/bin/../lib/gcc/arm-none-eabi/10.3.1/thumb/v7e-m+fp/hard/crtbegin.o
 .text          0x00000000080001d0       0x10 c:/st/stm32cubeide_1.4.0/stm32cubeide/plugins/com.st.stm32cube.ide.mcu.externaltools.gnu-tools-for-stm32.10.3-2021.10.win32_1.0.0.202111181127/tools/bin/../lib/gcc/arm-none-eabi/10.3.1/../../../../arm-none-eabi/lib/thumb/v7e-m+fp/hard\libc_nano.a(lib_a-strlen.o)
                0x00000000080001d0                strlen
 .text          0x00000000080001e0       0xa0 c:/st/stm32cubeide_1.4.0/stm32cubeide/plugins/com.st.stm32cube.ide.mcu.externaltools.gnu-tools-for-stm32.10.3-2021.10.win32_1.0.0.202111181127/tools/bin/../lib/gcc/arm-none-eabi/10.3.1/../../../../arm-none-eabi/lib/thumb/v7e-m+fp/hard\libc_nano.a(lib_a-memchr.o)
                0x00000000080001e0                memchr
 .text          0x0000000008000280       0x30 c:/st/stm32cubeide_1.4.0/stm32cubeide/plugins/com.st.stm32cube.ide.mcu.externaltools.gnu-tools-for-stm32.10.3-2021.10.win32_1.0.0.202111181127/tools/bin/../lib/gcc/arm-none-eabi/10.3.1/thumb/v7e-m+fp/hard\libgcc.a(_aeabi_uldivmod.o)
                0x0000000008000280                __aeabi_uldivmod
 .text          0x00000000080002b0      0x2d0 c:/st/stm32cubeide_1.4.0/stm32cubeide/plugins/com.st.stm32cube.ide.mcu.externaltools.gnu-tools-for-stm32.10.3-2021.10.win32_1.0.0.202111181127/tools/bin/../lib/gcc/arm-none-eabi/10.3.1/thumb/v7e-m+fp/hard\libgcc.a(_udivmoddi4.o)
                0x00000000080002b0                __udivmoddi4
 .text          0x0000000008000580        0x4 c:/st/stm32cubeide_1.4.0/stm32cubeide/plugins/com.st.stm32cube.ide.mcu.externaltools.gnu-tools-for-stm32.10.3-2021.10.win32_1.0.0.202111181127/tools/bin/../lib/gcc/arm-none-eabi/10.3.1/thumb/v7e-m+fp/hard\libgcc.a(_dvmd_tls.o)
                0x0000000008000580                __aeabi_idiv0
                0x0000000008000580                __aeabi_ldiv0
 *(.text*)
 .text.HCI_TL_SPI_Init
                0x0000000008000584       0x94 ./BlueNRG-MS/Target/hci_tl_interface.o
                0x0000000008000584                HCI_TL_SPI_Init
 .text.HCI_TL_SPI_DeInit
                0x0000000008000618       0x30 ./BlueNRG-MS/Target/hci_tl_interface.o
                0x0000000008000618                HCI_TL_SPI_DeInit
 .text.HCI_TL_SPI_Reset
                0x0000000008000648       0x44 ./BlueNRG-MS/Target/hci_tl_interface.o
                0x0000000008000648                HCI_TL_SPI_Reset
 .text.HCI_TL_SPI_Receive
                0x000000000800068c       0xb8 ./BlueNRG-MS/Target/hci_tl_interface.o
                0x000000000800068c                HCI_TL_SPI_Receive
 .text.HCI_TL_SPI_Send
                0x0000000008000744       0xac ./BlueNRG-MS/Target/hci_tl_interface.o
                0x0000000008000744                HCI_TL_SPI_Send
 .text.IsDataAvailable
                0x00000000080007f0       0x20 ./BlueNRG-MS/Target/hci_tl_interface.o
 .text.hci_tl_lowlevel_init
                0x0000000008000810       0x74 ./BlueNRG-MS/Target/hci_tl_interface.o
                0x0000000008000810                hci_tl_lowlevel_init
 .text.hci_tl_lowlevel_isr
                0x0000000008000884       0x22 ./BlueNRG-MS/Target/hci_tl_interface.o
                0x0000000008000884                hci_tl_lowlevel_isr
 *fill*         0x00000000080008a6        0x2 
 .text.AddBatteryService
                0x00000000080008a8       0x68 ./Core/Src/FitnessController_ApplicationLayer/BatteryService/BatteryService.o
                0x00000000080008a8                AddBatteryService
 .text.AddBatteryCharacteristics
                0x0000000008000910       0xa0 ./Core/Src/FitnessController_ApplicationLayer/BatteryService/BatteryService.o
 .text.InitBatteryValue
                0x00000000080009b0       0x18 ./Core/Src/FitnessController_ApplicationLayer/BatteryService/BatteryService.o
 .text.UpdateBatteryValue
                0x00000000080009c8       0x4c ./Core/Src/FitnessController_ApplicationLayer/BatteryService/BatteryService.o
 .text.GetBatteryValue
                0x0000000008000a14       0x10 ./Core/Src/FitnessController_ApplicationLayer/BatteryService/BatteryService.o
 .text.AnalogStickInit
                0x0000000008000a24       0x42 ./Core/Src/FitnessController_ApplicationLayer/Controller_Parts/analog_stick.o
                0x0000000008000a24                AnalogStickInit
 .text.AnalogStickRead
                0x0000000008000a66       0x54 ./Core/Src/FitnessController_ApplicationLayer/Controller_Parts/analog_stick.o
                0x0000000008000a66                AnalogStickRead
 *fill*         0x0000000008000aba        0x2 
 .text.AnalogStickIOInit
                0x0000000008000abc       0x38 ./Core/Src/FitnessController_ApplicationLayer/Controller_Parts/analog_stick_hardware.o
 .text.AnalogStickIODeInit
                0x0000000008000af4       0x20 ./Core/Src/FitnessController_ApplicationLayer/Controller_Parts/analog_stick_hardware.o
 .text.AnalogStickIORead1
                0x0000000008000b14       0x50 ./Core/Src/FitnessController_ApplicationLayer/Controller_Parts/analog_stick_hardware.o
 .text.AnalogStickIORead2
                0x0000000008000b64       0x50 ./Core/Src/FitnessController_ApplicationLayer/Controller_Parts/analog_stick_hardware.o
 .text.ButtonInit
                0x0000000008000bb4       0x46 ./Core/Src/FitnessController_ApplicationLayer/Controller_Parts/button.o
                0x0000000008000bb4                ButtonInit
 .text.ButtonRead
                0x0000000008000bfa       0x3a ./Core/Src/FitnessController_ApplicationLayer/Controller_Parts/button.o
                0x0000000008000bfa                ButtonRead
 .text.Button_IO_init
                0x0000000008000c34       0x20 ./Core/Src/FitnessController_ApplicationLayer/Controller_Parts/button_hardware.o
 .text.Button_IO_deinit
                0x0000000008000c54       0x20 ./Core/Src/FitnessController_ApplicationLayer/Controller_Parts/button_hardware.o
 .text.Button_IO_ReadPosLogic
                0x0000000008000c74       0x40 ./Core/Src/FitnessController_ApplicationLayer/Controller_Parts/button_hardware.o
 .text.Button_IO_ReadNegLogic
                0x0000000008000cb4       0x40 ./Core/Src/FitnessController_ApplicationLayer/Controller_Parts/button_hardware.o
 .text.TriggerInit
                0x0000000008000cf4       0x3c ./Core/Src/FitnessController_ApplicationLayer/Controller_Parts/trigger.o
                0x0000000008000cf4                TriggerInit
 .text.TriggerRead
                0x0000000008000d30       0x34 ./Core/Src/FitnessController_ApplicationLayer/Controller_Parts/trigger.o
                0x0000000008000d30                TriggerRead
 .text.TriggerIOInit
                0x0000000008000d64       0x38 ./Core/Src/FitnessController_ApplicationLayer/Controller_Parts/trigger_hardware.o
 .text.TriggerIODeInit
                0x0000000008000d9c       0x20 ./Core/Src/FitnessController_ApplicationLayer/Controller_Parts/trigger_hardware.o
 .text.TriggerIORead1
                0x0000000008000dbc       0x48 ./Core/Src/FitnessController_ApplicationLayer/Controller_Parts/trigger_hardware.o
 .text.TriggerIORead2
                0x0000000008000e04       0x48 ./Core/Src/FitnessController_ApplicationLayer/Controller_Parts/trigger_hardware.o
 .text.AddDeviceInfoService
                0x0000000008000e4c       0x4c ./Core/Src/FitnessController_ApplicationLayer/DeviceInfoService/DeviceInfoService.o
                0x0000000008000e4c                AddDeviceInfoService
 .text.InitDeviceInfoCharacteristics
                0x0000000008000e98       0x8c ./Core/Src/FitnessController_ApplicationLayer/DeviceInfoService/DeviceInfoService.o
 .text.AddDeviceInfoCharacteristics
                0x0000000008000f24       0xc4 ./Core/Src/FitnessController_ApplicationLayer/DeviceInfoService/DeviceInfoService.o
 .text.FitnessControllerBLEInit
                0x0000000008000fe8      0x164 ./Core/Src/FitnessController_ApplicationLayer/FitnessController.o
                0x0000000008000fe8                FitnessControllerBLEInit
 .text.FitnessController_BLE_Process
                0x000000000800114c       0x3c ./Core/Src/FitnessController_ApplicationLayer/FitnessController.o
                0x000000000800114c                FitnessController_BLE_Process
 .text.FitnessControllerHardwareInit
                0x0000000008001188       0x22 ./Core/Src/FitnessController_ApplicationLayer/FitnessController.o
                0x0000000008001188                FitnessControllerHardwareInit
 *fill*         0x00000000080011aa        0x2 
 .text.FitnessControllerUpdateState
                0x00000000080011ac      0x188 ./Core/Src/FitnessController_ApplicationLayer/FitnessController.o
                0x00000000080011ac                FitnessControllerUpdateState
 .text.AddServices
                0x0000000008001334       0x5c ./Core/Src/FitnessController_ApplicationLayer/FitnessController.o
 .text.SetDiscoverable
                0x0000000008001390       0x60 ./Core/Src/FitnessController_ApplicationLayer/FitnessController.o
 .text.ControllerEventNotify
                0x00000000080013f0       0xe0 ./Core/Src/FitnessController_ApplicationLayer/FitnessController.o
 .text.ControllerButtonInit
                0x00000000080014d0       0xac ./Core/Src/FitnessController_ApplicationLayer/FitnessController.o
 .text.ControllerTriggerInit
                0x000000000800157c       0x54 ./Core/Src/FitnessController_ApplicationLayer/FitnessController.o
 .text.ControllerStickInit
                0x00000000080015d0       0x54 ./Core/Src/FitnessController_ApplicationLayer/FitnessController.o
 .text.AddHIDService
                0x0000000008001624       0x4c ./Core/Src/FitnessController_ApplicationLayer/HIDService/HIDService.o
                0x0000000008001624                AddHIDService
 .text.AddHIDCharacteristics
                0x0000000008001670       0xd0 ./Core/Src/FitnessController_ApplicationLayer/HIDService/HIDService.o
 .text.InitHIDCharacteristicValues
                0x0000000008001740       0xe0 ./Core/Src/FitnessController_ApplicationLayer/HIDService/HIDService.o
 .text.SendHIDData
                0x0000000008001820       0x40 ./Core/Src/FitnessController_ApplicationLayer/HIDService/HIDService.o
                0x0000000008001820                SendHIDData
 .text.HAL_ADC_MspInit
                0x0000000008001860      0x130 ./Core/Src/adc.o
                0x0000000008001860                HAL_ADC_MspInit
 .text.ADC1_Init
                0x0000000008001990      0x190 ./Core/Src/adc.o
                0x0000000008001990                ADC1_Init
 .text.ADC_DMA_Init
                0x0000000008001b20       0x34 ./Core/Src/dma.o
                0x0000000008001b20                ADC_DMA_Init
 .text.BLE_GPIO_Init
                0x0000000008001b54      0x360 ./Core/Src/gpio.o
                0x0000000008001b54                BLE_GPIO_Init
 .text.Button_GPIO_Init
                0x0000000008001eb4      0x124 ./Core/Src/gpio.o
                0x0000000008001eb4                Button_GPIO_Init
 .text.ADC_GPIO_Init
                0x0000000008001fd8       0x30 ./Core/Src/gpio.o
                0x0000000008001fd8                ADC_GPIO_Init
 .text.main     0x0000000008002008       0x38 ./Core/Src/main.o
                0x0000000008002008                main
 .text.SystemClock_Config
                0x0000000008002040       0xc4 ./Core/Src/main.o
                0x0000000008002040                SystemClock_Config
 .text.Error_Handler
                0x0000000008002104        0xa ./Core/Src/main.o
                0x0000000008002104                Error_Handler
 *fill*         0x000000000800210e        0x2 
 .text.HAL_MspInit
                0x0000000008002110       0x48 ./Core/Src/stm32l4xx_hal_msp.o
                0x0000000008002110                HAL_MspInit
 .text.NMI_Handler
                0x0000000008002158        0x6 ./Core/Src/stm32l4xx_it.o
                0x0000000008002158                NMI_Handler
 .text.HardFault_Handler
                0x000000000800215e        0x6 ./Core/Src/stm32l4xx_it.o
                0x000000000800215e                HardFault_Handler
 .text.MemManage_Handler
                0x0000000008002164        0x6 ./Core/Src/stm32l4xx_it.o
                0x0000000008002164                MemManage_Handler
 .text.BusFault_Handler
                0x000000000800216a        0x6 ./Core/Src/stm32l4xx_it.o
                0x000000000800216a                BusFault_Handler
 .text.UsageFault_Handler
                0x0000000008002170        0x6 ./Core/Src/stm32l4xx_it.o
                0x0000000008002170                UsageFault_Handler
 .text.SVC_Handler
                0x0000000008002176        0xe ./Core/Src/stm32l4xx_it.o
                0x0000000008002176                SVC_Handler
 .text.DebugMon_Handler
                0x0000000008002184        0xe ./Core/Src/stm32l4xx_it.o
                0x0000000008002184                DebugMon_Handler
 .text.PendSV_Handler
                0x0000000008002192        0xe ./Core/Src/stm32l4xx_it.o
                0x0000000008002192                PendSV_Handler
 .text.SysTick_Handler
                0x00000000080021a0        0xc ./Core/Src/stm32l4xx_it.o
                0x00000000080021a0                SysTick_Handler
 .text.DMA1_Channel1_IRQHandler
                0x00000000080021ac       0x14 ./Core/Src/stm32l4xx_it.o
                0x00000000080021ac                DMA1_Channel1_IRQHandler
 .text.EXTI9_5_IRQHandler
                0x00000000080021c0       0x28 ./Core/Src/stm32l4xx_it.o
                0x00000000080021c0                EXTI9_5_IRQHandler
 .text.EXTI15_10_IRQHandler
                0x00000000080021e8       0x28 ./Core/Src/stm32l4xx_it.o
                0x00000000080021e8                EXTI15_10_IRQHandler
 .text._read    0x0000000008002210       0x3a ./Core/Src/syscalls.o
                0x0000000008002210                _read
 .text._write   0x000000000800224a       0x38 ./Core/Src/syscalls.o
                0x000000000800224a                _write
 .text._close   0x0000000008002282       0x18 ./Core/Src/syscalls.o
                0x0000000008002282                _close
 .text._fstat   0x000000000800229a       0x20 ./Core/Src/syscalls.o
                0x000000000800229a                _fstat
 .text._isatty  0x00000000080022ba       0x16 ./Core/Src/syscalls.o
                0x00000000080022ba                _isatty
 .text._lseek   0x00000000080022d0       0x1a ./Core/Src/syscalls.o
                0x00000000080022d0                _lseek
 *fill*         0x00000000080022ea        0x2 
 .text._sbrk    0x00000000080022ec       0x6c ./Core/Src/sysmem.o
                0x00000000080022ec                _sbrk
 .text.SystemInit
                0x0000000008002358       0x24 ./Core/Src/system_stm32l4xx.o
                0x0000000008002358                SystemInit
 .text.MX_USART1_UART_Init
                0x000000000800237c       0x60 ./Core/Src/usart.o
                0x000000000800237c                MX_USART1_UART_Init
 .text.HAL_UART_MspInit
                0x00000000080023dc       0xbc ./Core/Src/usart.o
                0x00000000080023dc                HAL_UART_MspInit
 .text.__io_putchar
                0x0000000008002498       0x24 ./Core/Src/usart.o
                0x0000000008002498                __io_putchar
 .text.Reset_Handler
                0x00000000080024bc       0x50 ./Core/Startup/startup_stm32l475vgtx.o
                0x00000000080024bc                Reset_Handler
 .text.Default_Handler
                0x000000000800250c        0x2 ./Core/Startup/startup_stm32l475vgtx.o
                0x000000000800250c                RTC_Alarm_IRQHandler
                0x000000000800250c                EXTI2_IRQHandler
                0x000000000800250c                TIM8_TRG_COM_IRQHandler
                0x000000000800250c                TIM8_CC_IRQHandler
                0x000000000800250c                TIM1_CC_IRQHandler
                0x000000000800250c                TSC_IRQHandler
                0x000000000800250c                TAMP_STAMP_IRQHandler
                0x000000000800250c                EXTI3_IRQHandler
                0x000000000800250c                LPTIM2_IRQHandler
                0x000000000800250c                DFSDM1_FLT1_IRQHandler
                0x000000000800250c                I2C3_ER_IRQHandler
                0x000000000800250c                DFSDM1_FLT2_IRQHandler
                0x000000000800250c                EXTI0_IRQHandler
                0x000000000800250c                I2C2_EV_IRQHandler
                0x000000000800250c                CAN1_RX0_IRQHandler
                0x000000000800250c                FPU_IRQHandler
                0x000000000800250c                TIM1_UP_TIM16_IRQHandler
                0x000000000800250c                ADC1_2_IRQHandler
                0x000000000800250c                SPI1_IRQHandler
                0x000000000800250c                TIM6_DAC_IRQHandler
                0x000000000800250c                TIM8_UP_IRQHandler
                0x000000000800250c                DMA2_Channel2_IRQHandler
                0x000000000800250c                DMA1_Channel4_IRQHandler
                0x000000000800250c                SAI2_IRQHandler
                0x000000000800250c                DFSDM1_FLT3_IRQHandler
                0x000000000800250c                USART3_IRQHandler
                0x000000000800250c                DMA1_Channel7_IRQHandler
                0x000000000800250c                CAN1_RX1_IRQHandler
                0x000000000800250c                UART5_IRQHandler
                0x000000000800250c                ADC3_IRQHandler
                0x000000000800250c                TIM4_IRQHandler
                0x000000000800250c                DMA2_Channel1_IRQHandler
                0x000000000800250c                QUADSPI_IRQHandler
                0x000000000800250c                I2C1_EV_IRQHandler
                0x000000000800250c                DMA1_Channel6_IRQHandler
                0x000000000800250c                UART4_IRQHandler
                0x000000000800250c                DMA2_Channel4_IRQHandler
                0x000000000800250c                TIM3_IRQHandler
                0x000000000800250c                RCC_IRQHandler
                0x000000000800250c                Default_Handler
                0x000000000800250c                DMA2_Channel7_IRQHandler
                0x000000000800250c                TIM7_IRQHandler
                0x000000000800250c                SDMMC1_IRQHandler
                0x000000000800250c                TIM5_IRQHandler
                0x000000000800250c                I2C3_EV_IRQHandler
                0x000000000800250c                RTC_WKUP_IRQHandler
                0x000000000800250c                PVD_PVM_IRQHandler
                0x000000000800250c                SPI2_IRQHandler
                0x000000000800250c                CAN1_TX_IRQHandler
                0x000000000800250c                DMA2_Channel5_IRQHandler
                0x000000000800250c                DMA1_Channel5_IRQHandler
                0x000000000800250c                EXTI4_IRQHandler
                0x000000000800250c                RNG_IRQHandler
                0x000000000800250c                TIM1_TRG_COM_TIM17_IRQHandler
                0x000000000800250c                DMA1_Channel3_IRQHandler
                0x000000000800250c                COMP_IRQHandler
                0x000000000800250c                WWDG_IRQHandler
                0x000000000800250c                LPUART1_IRQHandler
                0x000000000800250c                DMA2_Channel6_IRQHandler
                0x000000000800250c                TIM2_IRQHandler
                0x000000000800250c                EXTI1_IRQHandler
                0x000000000800250c                USART2_IRQHandler
                0x000000000800250c                DFSDM1_FLT0_IRQHandler
                0x000000000800250c                I2C2_ER_IRQHandler
                0x000000000800250c                DMA1_Channel2_IRQHandler
                0x000000000800250c                TIM8_BRK_IRQHandler
                0x000000000800250c                CAN1_SCE_IRQHandler
                0x000000000800250c                FLASH_IRQHandler
                0x000000000800250c                USART1_IRQHandler
                0x000000000800250c                OTG_FS_IRQHandler
                0x000000000800250c                SPI3_IRQHandler
                0x000000000800250c                I2C1_ER_IRQHandler
                0x000000000800250c                FMC_IRQHandler
                0x000000000800250c                SWPMI1_IRQHandler
                0x000000000800250c                LPTIM1_IRQHandler
                0x000000000800250c                SAI1_IRQHandler
                0x000000000800250c                DMA2_Channel3_IRQHandler
                0x000000000800250c                TIM1_BRK_TIM15_IRQHandler
 *fill*         0x000000000800250e        0x2 
 .text.BSP_SPI3_Init
                0x0000000008002510       0x60 ./Drivers/BSP/B-L475E-IOT01A1/b_l475e_iot01a1_bus.o
                0x0000000008002510                BSP_SPI3_Init
 .text.BSP_SPI3_SendRecv
                0x0000000008002570       0x40 ./Drivers/BSP/B-L475E-IOT01A1/b_l475e_iot01a1_bus.o
                0x0000000008002570                BSP_SPI3_SendRecv
 .text.BSP_GetTick
                0x00000000080025b0        0xe ./Drivers/BSP/B-L475E-IOT01A1/b_l475e_iot01a1_bus.o
                0x00000000080025b0                BSP_GetTick
 *fill*         0x00000000080025be        0x2 
 .text.MX_SPI3_Init
                0x00000000080025c0       0x84 ./Drivers/BSP/B-L475E-IOT01A1/b_l475e_iot01a1_bus.o
                0x00000000080025c0                MX_SPI3_Init
 .text.SPI3_MspInit
                0x0000000008002644       0xb0 ./Drivers/BSP/B-L475E-IOT01A1/b_l475e_iot01a1_bus.o
 .text.HAL_Init
                0x00000000080026f4       0x30 ./Drivers/STM32L4xx_HAL_Driver/Src/stm32l4xx_hal.o
                0x00000000080026f4                HAL_Init
 .text.HAL_InitTick
                0x0000000008002724       0x78 ./Drivers/STM32L4xx_HAL_Driver/Src/stm32l4xx_hal.o
                0x0000000008002724                HAL_InitTick
 .text.HAL_IncTick
                0x000000000800279c       0x28 ./Drivers/STM32L4xx_HAL_Driver/Src/stm32l4xx_hal.o
                0x000000000800279c                HAL_IncTick
 .text.HAL_GetTick
                0x00000000080027c4       0x18 ./Drivers/STM32L4xx_HAL_Driver/Src/stm32l4xx_hal.o
                0x00000000080027c4                HAL_GetTick
 .text.HAL_Delay
                0x00000000080027dc       0x48 ./Drivers/STM32L4xx_HAL_Driver/Src/stm32l4xx_hal.o
                0x00000000080027dc                HAL_Delay
 .text.LL_ADC_SetCommonClock
                0x0000000008002824       0x26 ./Drivers/STM32L4xx_HAL_Driver/Src/stm32l4xx_hal_adc.o
 .text.LL_ADC_SetCommonPathInternalCh
                0x000000000800284a       0x26 ./Drivers/STM32L4xx_HAL_Driver/Src/stm32l4xx_hal_adc.o
 .text.LL_ADC_GetCommonPathInternalCh
                0x0000000008002870       0x1c ./Drivers/STM32L4xx_HAL_Driver/Src/stm32l4xx_hal_adc.o
 .text.LL_ADC_SetOffset
                0x000000000800288c       0x48 ./Drivers/STM32L4xx_HAL_Driver/Src/stm32l4xx_hal_adc.o
 .text.LL_ADC_GetOffsetChannel
                0x00000000080028d4       0x2c ./Drivers/STM32L4xx_HAL_Driver/Src/stm32l4xx_hal_adc.o
 .text.LL_ADC_SetOffsetState
                0x0000000008002900       0x36 ./Drivers/STM32L4xx_HAL_Driver/Src/stm32l4xx_hal_adc.o
 .text.LL_ADC_REG_IsTriggerSourceSWStart
                0x0000000008002936       0x26 ./Drivers/STM32L4xx_HAL_Driver/Src/stm32l4xx_hal_adc.o
 .text.LL_ADC_REG_SetSequencerRanks
                0x000000000800295c       0x58 ./Drivers/STM32L4xx_HAL_Driver/Src/stm32l4xx_hal_adc.o
 .text.LL_ADC_SetChannelSamplingTime
                0x00000000080029b4       0x56 ./Drivers/STM32L4xx_HAL_Driver/Src/stm32l4xx_hal_adc.o
 *fill*         0x0000000008002a0a        0x2 
 .text.LL_ADC_SetChannelSingleDiff
                0x0000000008002a0c       0x48 ./Drivers/STM32L4xx_HAL_Driver/Src/stm32l4xx_hal_adc.o
 .text.LL_ADC_GetMultimode
                0x0000000008002a54       0x1c ./Drivers/STM32L4xx_HAL_Driver/Src/stm32l4xx_hal_adc.o
 .text.LL_ADC_DisableDeepPowerDown
                0x0000000008002a70       0x24 ./Drivers/STM32L4xx_HAL_Driver/Src/stm32l4xx_hal_adc.o
 .text.LL_ADC_IsDeepPowerDownEnabled
                0x0000000008002a94       0x28 ./Drivers/STM32L4xx_HAL_Driver/Src/stm32l4xx_hal_adc.o
 .text.LL_ADC_EnableInternalRegulator
                0x0000000008002abc       0x28 ./Drivers/STM32L4xx_HAL_Driver/Src/stm32l4xx_hal_adc.o
 .text.LL_ADC_IsInternalRegulatorEnabled
                0x0000000008002ae4       0x28 ./Drivers/STM32L4xx_HAL_Driver/Src/stm32l4xx_hal_adc.o
 .text.LL_ADC_Enable
                0x0000000008002b0c       0x28 ./Drivers/STM32L4xx_HAL_Driver/Src/stm32l4xx_hal_adc.o
 .text.LL_ADC_Disable
                0x0000000008002b34       0x28 ./Drivers/STM32L4xx_HAL_Driver/Src/stm32l4xx_hal_adc.o
 .text.LL_ADC_IsEnabled
                0x0000000008002b5c       0x26 ./Drivers/STM32L4xx_HAL_Driver/Src/stm32l4xx_hal_adc.o
 .text.LL_ADC_IsDisableOngoing
                0x0000000008002b82       0x26 ./Drivers/STM32L4xx_HAL_Driver/Src/stm32l4xx_hal_adc.o
 .text.LL_ADC_REG_StartConversion
                0x0000000008002ba8       0x28 ./Drivers/STM32L4xx_HAL_Driver/Src/stm32l4xx_hal_adc.o
 .text.LL_ADC_REG_StopConversion
                0x0000000008002bd0       0x28 ./Drivers/STM32L4xx_HAL_Driver/Src/stm32l4xx_hal_adc.o
 .text.LL_ADC_REG_IsConversionOngoing
                0x0000000008002bf8       0x26 ./Drivers/STM32L4xx_HAL_Driver/Src/stm32l4xx_hal_adc.o
 .text.LL_ADC_INJ_StopConversion
                0x0000000008002c1e       0x28 ./Drivers/STM32L4xx_HAL_Driver/Src/stm32l4xx_hal_adc.o
 .text.LL_ADC_INJ_IsConversionOngoing
                0x0000000008002c46       0x26 ./Drivers/STM32L4xx_HAL_Driver/Src/stm32l4xx_hal_adc.o
 .text.HAL_ADC_Init
                0x0000000008002c6c      0x2ac ./Drivers/STM32L4xx_HAL_Driver/Src/stm32l4xx_hal_adc.o
                0x0000000008002c6c                HAL_ADC_Init
 .text.HAL_ADC_Start_DMA
                0x0000000008002f18      0x178 ./Drivers/STM32L4xx_HAL_Driver/Src/stm32l4xx_hal_adc.o
                0x0000000008002f18                HAL_ADC_Start_DMA
 .text.HAL_ADC_Stop_DMA
                0x0000000008003090       0xc2 ./Drivers/STM32L4xx_HAL_Driver/Src/stm32l4xx_hal_adc.o
                0x0000000008003090                HAL_ADC_Stop_DMA
 .text.HAL_ADC_ConvCpltCallback
                0x0000000008003152       0x14 ./Drivers/STM32L4xx_HAL_Driver/Src/stm32l4xx_hal_adc.o
                0x0000000008003152                HAL_ADC_ConvCpltCallback
 .text.HAL_ADC_ConvHalfCpltCallback
                0x0000000008003166       0x14 ./Drivers/STM32L4xx_HAL_Driver/Src/stm32l4xx_hal_adc.o
                0x0000000008003166                HAL_ADC_ConvHalfCpltCallback
 .text.HAL_ADC_ErrorCallback
                0x000000000800317a       0x14 ./Drivers/STM32L4xx_HAL_Driver/Src/stm32l4xx_hal_adc.o
                0x000000000800317a                HAL_ADC_ErrorCallback
 *fill*         0x000000000800318e        0x2 
 .text.HAL_ADC_ConfigChannel
                0x0000000008003190      0x7e0 ./Drivers/STM32L4xx_HAL_Driver/Src/stm32l4xx_hal_adc.o
                0x0000000008003190                HAL_ADC_ConfigChannel
 .text.ADC_ConversionStop
                0x0000000008003970      0x178 ./Drivers/STM32L4xx_HAL_Driver/Src/stm32l4xx_hal_adc.o
                0x0000000008003970                ADC_ConversionStop
 .text.ADC_Enable
                0x0000000008003ae8      0x10c ./Drivers/STM32L4xx_HAL_Driver/Src/stm32l4xx_hal_adc.o
                0x0000000008003ae8                ADC_Enable
 .text.ADC_Disable
                0x0000000008003bf4       0xbe ./Drivers/STM32L4xx_HAL_Driver/Src/stm32l4xx_hal_adc.o
                0x0000000008003bf4                ADC_Disable
 .text.ADC_DMAConvCplt
                0x0000000008003cb2       0xd8 ./Drivers/STM32L4xx_HAL_Driver/Src/stm32l4xx_hal_adc.o
                0x0000000008003cb2                ADC_DMAConvCplt
 .text.ADC_DMAHalfConvCplt
                0x0000000008003d8a       0x1c ./Drivers/STM32L4xx_HAL_Driver/Src/stm32l4xx_hal_adc.o
                0x0000000008003d8a                ADC_DMAHalfConvCplt
 .text.ADC_DMAError
                0x0000000008003da6       0x34 ./Drivers/STM32L4xx_HAL_Driver/Src/stm32l4xx_hal_adc.o
                0x0000000008003da6                ADC_DMAError
 .text.LL_ADC_IsEnabled
                0x0000000008003dda       0x26 ./Drivers/STM32L4xx_HAL_Driver/Src/stm32l4xx_hal_adc_ex.o
 .text.LL_ADC_REG_IsConversionOngoing
                0x0000000008003e00       0x26 ./Drivers/STM32L4xx_HAL_Driver/Src/stm32l4xx_hal_adc_ex.o
 *fill*         0x0000000008003e26        0x2 
 .text.HAL_ADCEx_MultiModeConfigChannel
                0x0000000008003e28      0x160 ./Drivers/STM32L4xx_HAL_Driver/Src/stm32l4xx_hal_adc_ex.o
                0x0000000008003e28                HAL_ADCEx_MultiModeConfigChannel
 .text.__NVIC_SetPriorityGrouping
                0x0000000008003f88       0x48 ./Drivers/STM32L4xx_HAL_Driver/Src/stm32l4xx_hal_cortex.o
 .text.__NVIC_GetPriorityGrouping
                0x0000000008003fd0       0x1c ./Drivers/STM32L4xx_HAL_Driver/Src/stm32l4xx_hal_cortex.o
 .text.__NVIC_EnableIRQ
                0x0000000008003fec       0x3c ./Drivers/STM32L4xx_HAL_Driver/Src/stm32l4xx_hal_cortex.o
 .text.__NVIC_DisableIRQ
                0x0000000008004028       0x48 ./Drivers/STM32L4xx_HAL_Driver/Src/stm32l4xx_hal_cortex.o
 .text.__NVIC_ClearPendingIRQ
                0x0000000008004070       0x3c ./Drivers/STM32L4xx_HAL_Driver/Src/stm32l4xx_hal_cortex.o
 .text.__NVIC_SetPriority
                0x00000000080040ac       0x54 ./Drivers/STM32L4xx_HAL_Driver/Src/stm32l4xx_hal_cortex.o
 .text.NVIC_EncodePriority
                0x0000000008004100       0x66 ./Drivers/STM32L4xx_HAL_Driver/Src/stm32l4xx_hal_cortex.o
 *fill*         0x0000000008004166        0x2 
 .text.SysTick_Config
                0x0000000008004168       0x44 ./Drivers/STM32L4xx_HAL_Driver/Src/stm32l4xx_hal_cortex.o
 .text.HAL_NVIC_SetPriorityGrouping
                0x00000000080041ac       0x16 ./Drivers/STM32L4xx_HAL_Driver/Src/stm32l4xx_hal_cortex.o
                0x00000000080041ac                HAL_NVIC_SetPriorityGrouping
 .text.HAL_NVIC_SetPriority
                0x00000000080041c2       0x38 ./Drivers/STM32L4xx_HAL_Driver/Src/stm32l4xx_hal_cortex.o
                0x00000000080041c2                HAL_NVIC_SetPriority
 .text.HAL_NVIC_EnableIRQ
                0x00000000080041fa       0x1c ./Drivers/STM32L4xx_HAL_Driver/Src/stm32l4xx_hal_cortex.o
                0x00000000080041fa                HAL_NVIC_EnableIRQ
 .text.HAL_NVIC_DisableIRQ
                0x0000000008004216       0x1c ./Drivers/STM32L4xx_HAL_Driver/Src/stm32l4xx_hal_cortex.o
                0x0000000008004216                HAL_NVIC_DisableIRQ
 .text.HAL_SYSTICK_Config
                0x0000000008004232       0x18 ./Drivers/STM32L4xx_HAL_Driver/Src/stm32l4xx_hal_cortex.o
                0x0000000008004232                HAL_SYSTICK_Config
 .text.HAL_NVIC_ClearPendingIRQ
                0x000000000800424a       0x1c ./Drivers/STM32L4xx_HAL_Driver/Src/stm32l4xx_hal_cortex.o
                0x000000000800424a                HAL_NVIC_ClearPendingIRQ
 *fill*         0x0000000008004266        0x2 
 .text.HAL_DMA_Init
                0x0000000008004268      0x170 ./Drivers/STM32L4xx_HAL_Driver/Src/stm32l4xx_hal_dma.o
                0x0000000008004268                HAL_DMA_Init
 .text.HAL_DMA_Start_IT
                0x00000000080043d8       0xc0 ./Drivers/STM32L4xx_HAL_Driver/Src/stm32l4xx_hal_dma.o
                0x00000000080043d8                HAL_DMA_Start_IT
 .text.HAL_DMA_Abort
                0x0000000008004498       0x7c ./Drivers/STM32L4xx_HAL_Driver/Src/stm32l4xx_hal_dma.o
                0x0000000008004498                HAL_DMA_Abort
 .text.HAL_DMA_IRQHandler
                0x0000000008004514      0x15e ./Drivers/STM32L4xx_HAL_Driver/Src/stm32l4xx_hal_dma.o
                0x0000000008004514                HAL_DMA_IRQHandler
 .text.DMA_SetConfig
                0x0000000008004672       0x60 ./Drivers/STM32L4xx_HAL_Driver/Src/stm32l4xx_hal_dma.o
 .text.HAL_EXTI_RegisterCallback
                0x00000000080046d2       0x34 ./Drivers/STM32L4xx_HAL_Driver/Src/stm32l4xx_hal_exti.o
                0x00000000080046d2                HAL_EXTI_RegisterCallback
 .text.HAL_EXTI_GetHandle
                0x0000000008004706       0x28 ./Drivers/STM32L4xx_HAL_Driver/Src/stm32l4xx_hal_exti.o
                0x0000000008004706                HAL_EXTI_GetHandle
 *fill*         0x000000000800472e        0x2 
 .text.HAL_EXTI_IRQHandler
                0x0000000008004730       0x60 ./Drivers/STM32L4xx_HAL_Driver/Src/stm32l4xx_hal_exti.o
                0x0000000008004730                HAL_EXTI_IRQHandler
 .text.HAL_GPIO_Init
                0x0000000008004790      0x354 ./Drivers/STM32L4xx_HAL_Driver/Src/stm32l4xx_hal_gpio.o
                0x0000000008004790                HAL_GPIO_Init
 .text.HAL_GPIO_DeInit
                0x0000000008004ae4      0x1e8 ./Drivers/STM32L4xx_HAL_Driver/Src/stm32l4xx_hal_gpio.o
                0x0000000008004ae4                HAL_GPIO_DeInit
 .text.HAL_GPIO_ReadPin
                0x0000000008004ccc       0x30 ./Drivers/STM32L4xx_HAL_Driver/Src/stm32l4xx_hal_gpio.o
                0x0000000008004ccc                HAL_GPIO_ReadPin
 .text.HAL_GPIO_WritePin
                0x0000000008004cfc       0x30 ./Drivers/STM32L4xx_HAL_Driver/Src/stm32l4xx_hal_gpio.o
                0x0000000008004cfc                HAL_GPIO_WritePin
 .text.HAL_GPIO_EXTI_IRQHandler
                0x0000000008004d2c       0x30 ./Drivers/STM32L4xx_HAL_Driver/Src/stm32l4xx_hal_gpio.o
                0x0000000008004d2c                HAL_GPIO_EXTI_IRQHandler
 .text.HAL_GPIO_EXTI_Callback
                0x0000000008004d5c       0x16 ./Drivers/STM32L4xx_HAL_Driver/Src/stm32l4xx_hal_gpio.o
                0x0000000008004d5c                HAL_GPIO_EXTI_Callback
 *fill*         0x0000000008004d72        0x2 
 .text.HAL_PWR_EnableBkUpAccess
                0x0000000008004d74       0x20 ./Drivers/STM32L4xx_HAL_Driver/Src/stm32l4xx_hal_pwr.o
                0x0000000008004d74                HAL_PWR_EnableBkUpAccess
 .text.HAL_PWREx_GetVoltageRange
                0x0000000008004d94       0x1c ./Drivers/STM32L4xx_HAL_Driver/Src/stm32l4xx_hal_pwr_ex.o
                0x0000000008004d94                HAL_PWREx_GetVoltageRange
 .text.HAL_PWREx_ControlVoltageScaling
                0x0000000008004db0       0xac ./Drivers/STM32L4xx_HAL_Driver/Src/stm32l4xx_hal_pwr_ex.o
                0x0000000008004db0                HAL_PWREx_ControlVoltageScaling
 .text.HAL_RCC_OscConfig
                0x0000000008004e5c      0x7b8 ./Drivers/STM32L4xx_HAL_Driver/Src/stm32l4xx_hal_rcc.o
                0x0000000008004e5c                HAL_RCC_OscConfig
 .text.HAL_RCC_ClockConfig
                0x0000000008005614      0x200 ./Drivers/STM32L4xx_HAL_Driver/Src/stm32l4xx_hal_rcc.o
                0x0000000008005614                HAL_RCC_ClockConfig
 .text.HAL_RCC_GetSysClockFreq
                0x0000000008005814      0x118 ./Drivers/STM32L4xx_HAL_Driver/Src/stm32l4xx_hal_rcc.o
                0x0000000008005814                HAL_RCC_GetSysClockFreq
 .text.HAL_RCC_GetHCLKFreq
                0x000000000800592c       0x18 ./Drivers/STM32L4xx_HAL_Driver/Src/stm32l4xx_hal_rcc.o
                0x000000000800592c                HAL_RCC_GetHCLKFreq
 .text.HAL_RCC_GetPCLK1Freq
                0x0000000008005944       0x2c ./Drivers/STM32L4xx_HAL_Driver/Src/stm32l4xx_hal_rcc.o
                0x0000000008005944                HAL_RCC_GetPCLK1Freq
 .text.HAL_RCC_GetPCLK2Freq
                0x0000000008005970       0x2c ./Drivers/STM32L4xx_HAL_Driver/Src/stm32l4xx_hal_rcc.o
                0x0000000008005970                HAL_RCC_GetPCLK2Freq
 .text.RCC_SetFlashLatencyFromMSIRange
                0x000000000800599c       0xc0 ./Drivers/STM32L4xx_HAL_Driver/Src/stm32l4xx_hal_rcc.o
 .text.HAL_RCCEx_PeriphCLKConfig
                0x0000000008005a5c      0x5d4 ./Drivers/STM32L4xx_HAL_Driver/Src/stm32l4xx_hal_rcc_ex.o
                0x0000000008005a5c                HAL_RCCEx_PeriphCLKConfig
 .text.HAL_RCCEx_EnableMSIPLLMode
                0x0000000008006030       0x20 ./Drivers/STM32L4xx_HAL_Driver/Src/stm32l4xx_hal_rcc_ex.o
                0x0000000008006030                HAL_RCCEx_EnableMSIPLLMode
 .text.RCCEx_PLLSAI1_Config
                0x0000000008006050      0x1e8 ./Drivers/STM32L4xx_HAL_Driver/Src/stm32l4xx_hal_rcc_ex.o
 .text.RCCEx_PLLSAI2_Config
                0x0000000008006238      0x1bc ./Drivers/STM32L4xx_HAL_Driver/Src/stm32l4xx_hal_rcc_ex.o
 .text.HAL_SPI_Init
                0x00000000080063f4      0x146 ./Drivers/STM32L4xx_HAL_Driver/Src/stm32l4xx_hal_spi.o
                0x00000000080063f4                HAL_SPI_Init
 .text.HAL_SPI_MspInit
                0x000000000800653a       0x14 ./Drivers/STM32L4xx_HAL_Driver/Src/stm32l4xx_hal_spi.o
                0x000000000800653a                HAL_SPI_MspInit
 .text.HAL_SPI_TransmitReceive
                0x000000000800654e      0x426 ./Drivers/STM32L4xx_HAL_Driver/Src/stm32l4xx_hal_spi.o
                0x000000000800654e                HAL_SPI_TransmitReceive
 .text.HAL_SPI_GetState
                0x0000000008006974       0x1c ./Drivers/STM32L4xx_HAL_Driver/Src/stm32l4xx_hal_spi.o
                0x0000000008006974                HAL_SPI_GetState
 .text.SPI_WaitFlagStateUntilTimeout
                0x0000000008006990      0x110 ./Drivers/STM32L4xx_HAL_Driver/Src/stm32l4xx_hal_spi.o
 .text.SPI_WaitFifoStateUntilTimeout
                0x0000000008006aa0      0x12c ./Drivers/STM32L4xx_HAL_Driver/Src/stm32l4xx_hal_spi.o
 .text.SPI_EndRxTxTransaction
                0x0000000008006bcc       0x8c ./Drivers/STM32L4xx_HAL_Driver/Src/stm32l4xx_hal_spi.o
 .text.HAL_UART_Init
                0x0000000008006c58       0x9c ./Drivers/STM32L4xx_HAL_Driver/Src/stm32l4xx_hal_uart.o
                0x0000000008006c58                HAL_UART_Init
 .text.HAL_UART_Transmit
                0x0000000008006cf4      0x128 ./Drivers/STM32L4xx_HAL_Driver/Src/stm32l4xx_hal_uart.o
                0x0000000008006cf4                HAL_UART_Transmit
 .text.UART_SetConfig
                0x0000000008006e1c      0x570 ./Drivers/STM32L4xx_HAL_Driver/Src/stm32l4xx_hal_uart.o
                0x0000000008006e1c                UART_SetConfig
 .text.UART_AdvFeatureConfig
                0x000000000800738c      0x144 ./Drivers/STM32L4xx_HAL_Driver/Src/stm32l4xx_hal_uart.o
                0x000000000800738c                UART_AdvFeatureConfig
 .text.UART_CheckIdleState
                0x00000000080074d0       0x92 ./Drivers/STM32L4xx_HAL_Driver/Src/stm32l4xx_hal_uart.o
                0x00000000080074d0                UART_CheckIdleState
 .text.UART_WaitOnFlagUntilTimeout
                0x0000000008007562      0x188 ./Drivers/STM32L4xx_HAL_Driver/Src/stm32l4xx_hal_uart.o
                0x0000000008007562                UART_WaitOnFlagUntilTimeout
 .text.aci_gap_init_IDB05A1
                0x00000000080076ea       0xa0 ./Middlewares/ST/BlueNRG-MS/hci/controller/bluenrg_gap_aci.o
                0x00000000080076ea                aci_gap_init_IDB05A1
 .text.aci_gap_set_discoverable
                0x000000000800778a      0x1d4 ./Middlewares/ST/BlueNRG-MS/hci/controller/bluenrg_gap_aci.o
                0x000000000800778a                aci_gap_set_discoverable
 .text.aci_gap_set_io_capability
                0x000000000800795e       0x58 ./Middlewares/ST/BlueNRG-MS/hci/controller/bluenrg_gap_aci.o
                0x000000000800795e                aci_gap_set_io_capability
 .text.aci_gap_set_auth_requirement
                0x00000000080079b6       0xae ./Middlewares/ST/BlueNRG-MS/hci/controller/bluenrg_gap_aci.o
                0x00000000080079b6                aci_gap_set_auth_requirement
 .text.aci_gap_slave_security_request
                0x0000000008007a64       0x6c ./Middlewares/ST/BlueNRG-MS/hci/controller/bluenrg_gap_aci.o
                0x0000000008007a64                aci_gap_slave_security_request
 .text.aci_gatt_init
                0x0000000008007ad0       0x46 ./Middlewares/ST/BlueNRG-MS/hci/controller/bluenrg_gatt_aci.o
                0x0000000008007ad0                aci_gatt_init
 .text.aci_gatt_add_serv
                0x0000000008007b16      0x112 ./Middlewares/ST/BlueNRG-MS/hci/controller/bluenrg_gatt_aci.o
                0x0000000008007b16                aci_gatt_add_serv
 .text.aci_gatt_add_char
                0x0000000008007c28      0x196 ./Middlewares/ST/BlueNRG-MS/hci/controller/bluenrg_gatt_aci.o
                0x0000000008007c28                aci_gatt_add_char
 .text.aci_gatt_add_char_desc
                0x0000000008007dbe      0x290 ./Middlewares/ST/BlueNRG-MS/hci/controller/bluenrg_gatt_aci.o
                0x0000000008007dbe                aci_gatt_add_char_desc
 .text.aci_gatt_update_char_value
                0x000000000800804e      0x19e ./Middlewares/ST/BlueNRG-MS/hci/controller/bluenrg_gatt_aci.o
                0x000000000800804e                aci_gatt_update_char_value
 .text.aci_gatt_update_char_value_ext_IDB05A1
                0x00000000080081ec      0x12e ./Middlewares/ST/BlueNRG-MS/hci/controller/bluenrg_gatt_aci.o
                0x00000000080081ec                aci_gatt_update_char_value_ext_IDB05A1
 .text.aci_hal_write_config_data
                0x000000000800831a      0x116 ./Middlewares/ST/BlueNRG-MS/hci/controller/bluenrg_hal_aci.o
                0x000000000800831a                aci_hal_write_config_data
 .text.getBlueNRGVersion
                0x0000000008008430       0x88 ./Middlewares/ST/BlueNRG-MS/hci/controller/bluenrg_utils_small.o
                0x0000000008008430                getBlueNRGVersion
 .text.hci_reset
                0x00000000080084b8       0x44 ./Middlewares/ST/BlueNRG-MS/hci/hci_le.o
                0x00000000080084b8                hci_reset
 .text.hci_le_read_local_version
                0x00000000080084fc       0x94 ./Middlewares/ST/BlueNRG-MS/hci/hci_le.o
                0x00000000080084fc                hci_le_read_local_version
 .text.verify_packet
                0x0000000008008590       0x40 ./Middlewares/ST/BlueNRG-MS/hci/hci_tl_patterns/Basic/hci_tl.o
 .text.send_cmd
                0x00000000080085d0       0xf4 ./Middlewares/ST/BlueNRG-MS/hci/hci_tl_patterns/Basic/hci_tl.o
 .text.move_list
                0x00000000080086c4       0x38 ./Middlewares/ST/BlueNRG-MS/hci/hci_tl_patterns/Basic/hci_tl.o
 .text.free_event_list
                0x00000000080086fc       0x3c ./Middlewares/ST/BlueNRG-MS/hci/hci_tl_patterns/Basic/hci_tl.o
 .text.hci_init
                0x0000000008008738       0x84 ./Middlewares/ST/BlueNRG-MS/hci/hci_tl_patterns/Basic/hci_tl.o
                0x0000000008008738                hci_init
 .text.hci_register_io_bus
                0x00000000080087bc       0x40 ./Middlewares/ST/BlueNRG-MS/hci/hci_tl_patterns/Basic/hci_tl.o
                0x00000000080087bc                hci_register_io_bus
 .text.hci_send_req
                0x00000000080087fc      0x234 ./Middlewares/ST/BlueNRG-MS/hci/hci_tl_patterns/Basic/hci_tl.o
                0x00000000080087fc                hci_send_req
 .text.hci_user_evt_proc
                0x0000000008008a30       0x58 ./Middlewares/ST/BlueNRG-MS/hci/hci_tl_patterns/Basic/hci_tl.o
                0x0000000008008a30                hci_user_evt_proc
 .text.hci_notify_asynch_evt
                0x0000000008008a88       0xa0 ./Middlewares/ST/BlueNRG-MS/hci/hci_tl_patterns/Basic/hci_tl.o
                0x0000000008008a88                hci_notify_asynch_evt
 .text.list_init_head
                0x0000000008008b28       0x20 ./Middlewares/ST/BlueNRG-MS/utils/ble_list.o
                0x0000000008008b28                list_init_head
 .text.list_is_empty
                0x0000000008008b48       0x44 ./Middlewares/ST/BlueNRG-MS/utils/ble_list.o
                0x0000000008008b48                list_is_empty
 .text.list_insert_head
                0x0000000008008b8c       0x4c ./Middlewares/ST/BlueNRG-MS/utils/ble_list.o
                0x0000000008008b8c                list_insert_head
 .text.list_insert_tail
                0x0000000008008bd8       0x4c ./Middlewares/ST/BlueNRG-MS/utils/ble_list.o
                0x0000000008008bd8                list_insert_tail
 .text.list_remove_node
                0x0000000008008c24       0x42 ./Middlewares/ST/BlueNRG-MS/utils/ble_list.o
                0x0000000008008c24                list_remove_node
 .text.list_remove_head
                0x0000000008008c66       0x4e ./Middlewares/ST/BlueNRG-MS/utils/ble_list.o
                0x0000000008008c66                list_remove_head
 .text.list_remove_tail
                0x0000000008008cb4       0x4e ./Middlewares/ST/BlueNRG-MS/utils/ble_list.o
                0x0000000008008cb4                list_remove_tail
 .text.list_get_size
                0x0000000008008d02       0x50 ./Middlewares/ST/BlueNRG-MS/utils/ble_list.o
                0x0000000008008d02                list_get_size
 *fill*         0x0000000008008d52        0x2 
 .text.__errno  0x0000000008008d54        0xc c:/st/stm32cubeide_1.4.0/stm32cubeide/plugins/com.st.stm32cube.ide.mcu.externaltools.gnu-tools-for-stm32.10.3-2021.10.win32_1.0.0.202111181127/tools/bin/../lib/gcc/arm-none-eabi/10.3.1/../../../../arm-none-eabi/lib/thumb/v7e-m+fp/hard\libc_nano.a(lib_a-errno.o)
                0x0000000008008d54                __errno
 .text.__libc_init_array
                0x0000000008008d60       0x48 c:/st/stm32cubeide_1.4.0/stm32cubeide/plugins/com.st.stm32cube.ide.mcu.externaltools.gnu-tools-for-stm32.10.3-2021.10.win32_1.0.0.202111181127/tools/bin/../lib/gcc/arm-none-eabi/10.3.1/../../../../arm-none-eabi/lib/thumb/v7e-m+fp/hard\libc_nano.a(lib_a-init.o)
                0x0000000008008d60                __libc_init_array
 .text.memcpy   0x0000000008008da8       0x1c c:/st/stm32cubeide_1.4.0/stm32cubeide/plugins/com.st.stm32cube.ide.mcu.externaltools.gnu-tools-for-stm32.10.3-2021.10.win32_1.0.0.202111181127/tools/bin/../lib/gcc/arm-none-eabi/10.3.1/../../../../arm-none-eabi/lib/thumb/v7e-m+fp/hard\libc_nano.a(lib_a-memcpy-stub.o)
                0x0000000008008da8                memcpy
 .text.memset   0x0000000008008dc4       0x10 c:/st/stm32cubeide_1.4.0/stm32cubeide/plugins/com.st.stm32cube.ide.mcu.externaltools.gnu-tools-for-stm32.10.3-2021.10.win32_1.0.0.202111181127/tools/bin/../lib/gcc/arm-none-eabi/10.3.1/../../../../arm-none-eabi/lib/thumb/v7e-m+fp/hard\libc_nano.a(lib_a-memset.o)
                0x0000000008008dc4                memset
 .text.printf   0x0000000008008dd4       0x30 c:/st/stm32cubeide_1.4.0/stm32cubeide/plugins/com.st.stm32cube.ide.mcu.externaltools.gnu-tools-for-stm32.10.3-2021.10.win32_1.0.0.202111181127/tools/bin/../lib/gcc/arm-none-eabi/10.3.1/../../../../arm-none-eabi/lib/thumb/v7e-m+fp/hard\libc_nano.a(lib_a-printf.o)
                0x0000000008008dd4                iprintf
                0x0000000008008dd4                printf
 .text._puts_r  0x0000000008008e04       0xdc c:/st/stm32cubeide_1.4.0/stm32cubeide/plugins/com.st.stm32cube.ide.mcu.externaltools.gnu-tools-for-stm32.10.3-2021.10.win32_1.0.0.202111181127/tools/bin/../lib/gcc/arm-none-eabi/10.3.1/../../../../arm-none-eabi/lib/thumb/v7e-m+fp/hard\libc_nano.a(lib_a-puts.o)
                0x0000000008008e04                _puts_r
 .text.puts     0x0000000008008ee0       0x10 c:/st/stm32cubeide_1.4.0/stm32cubeide/plugins/com.st.stm32cube.ide.mcu.externaltools.gnu-tools-for-stm32.10.3-2021.10.win32_1.0.0.202111181127/tools/bin/../lib/gcc/arm-none-eabi/10.3.1/../../../../arm-none-eabi/lib/thumb/v7e-m+fp/hard\libc_nano.a(lib_a-puts.o)
                0x0000000008008ee0                puts
 .text.__swbuf_r
                0x0000000008008ef0       0xa4 c:/st/stm32cubeide_1.4.0/stm32cubeide/plugins/com.st.stm32cube.ide.mcu.externaltools.gnu-tools-for-stm32.10.3-2021.10.win32_1.0.0.202111181127/tools/bin/../lib/gcc/arm-none-eabi/10.3.1/../../../../arm-none-eabi/lib/thumb/v7e-m+fp/hard\libc_nano.a(lib_a-wbuf.o)
                0x0000000008008ef0                __swbuf_r
 .text.__swsetup_r
                0x0000000008008f94       0xdc c:/st/stm32cubeide_1.4.0/stm32cubeide/plugins/com.st.stm32cube.ide.mcu.externaltools.gnu-tools-for-stm32.10.3-2021.10.win32_1.0.0.202111181127/tools/bin/../lib/gcc/arm-none-eabi/10.3.1/../../../../arm-none-eabi/lib/thumb/v7e-m+fp/hard\libc_nano.a(lib_a-wsetup.o)
                0x0000000008008f94                __swsetup_r
 .text.__sflush_r
                0x0000000008009070      0x10c c:/st/stm32cubeide_1.4.0/stm32cubeide/plugins/com.st.stm32cube.ide.mcu.externaltools.gnu-tools-for-stm32.10.3-2021.10.win32_1.0.0.202111181127/tools/bin/../lib/gcc/arm-none-eabi/10.3.1/../../../../arm-none-eabi/lib/thumb/v7e-m+fp/hard\libc_nano.a(lib_a-fflush.o)
                0x0000000008009070                __sflush_r
 .text._fflush_r
                0x000000000800917c       0x78 c:/st/stm32cubeide_1.4.0/stm32cubeide/plugins/com.st.stm32cube.ide.mcu.externaltools.gnu-tools-for-stm32.10.3-2021.10.win32_1.0.0.202111181127/tools/bin/../lib/gcc/arm-none-eabi/10.3.1/../../../../arm-none-eabi/lib/thumb/v7e-m+fp/hard\libc_nano.a(lib_a-fflush.o)
                0x000000000800917c                _fflush_r
 .text.std      0x00000000080091f4       0x48 c:/st/stm32cubeide_1.4.0/stm32cubeide/plugins/com.st.stm32cube.ide.mcu.externaltools.gnu-tools-for-stm32.10.3-2021.10.win32_1.0.0.202111181127/tools/bin/../lib/gcc/arm-none-eabi/10.3.1/../../../../arm-none-eabi/lib/thumb/v7e-m+fp/hard\libc_nano.a(lib_a-findfp.o)
 .text._cleanup_r
                0x000000000800923c        0xc c:/st/stm32cubeide_1.4.0/stm32cubeide/plugins/com.st.stm32cube.ide.mcu.externaltools.gnu-tools-for-stm32.10.3-2021.10.win32_1.0.0.202111181127/tools/bin/../lib/gcc/arm-none-eabi/10.3.1/../../../../arm-none-eabi/lib/thumb/v7e-m+fp/hard\libc_nano.a(lib_a-findfp.o)
                0x000000000800923c                _cleanup_r
 .text.__sfmoreglue
                0x0000000008009248       0x2c c:/st/stm32cubeide_1.4.0/stm32cubeide/plugins/com.st.stm32cube.ide.mcu.externaltools.gnu-tools-for-stm32.10.3-2021.10.win32_1.0.0.202111181127/tools/bin/../lib/gcc/arm-none-eabi/10.3.1/../../../../arm-none-eabi/lib/thumb/v7e-m+fp/hard\libc_nano.a(lib_a-findfp.o)
                0x0000000008009248                __sfmoreglue
 .text.__sfp_lock_acquire
                0x0000000008009274        0xc c:/st/stm32cubeide_1.4.0/stm32cubeide/plugins/com.st.stm32cube.ide.mcu.externaltools.gnu-tools-for-stm32.10.3-2021.10.win32_1.0.0.202111181127/tools/bin/../lib/gcc/arm-none-eabi/10.3.1/../../../../arm-none-eabi/lib/thumb/v7e-m+fp/hard\libc_nano.a(lib_a-findfp.o)
                0x0000000008009274                __sfp_lock_acquire
 .text.__sfp_lock_release
                0x0000000008009280        0xc c:/st/stm32cubeide_1.4.0/stm32cubeide/plugins/com.st.stm32cube.ide.mcu.externaltools.gnu-tools-for-stm32.10.3-2021.10.win32_1.0.0.202111181127/tools/bin/../lib/gcc/arm-none-eabi/10.3.1/../../../../arm-none-eabi/lib/thumb/v7e-m+fp/hard\libc_nano.a(lib_a-findfp.o)
                0x0000000008009280                __sfp_lock_release
 .text.__sinit_lock_acquire
                0x000000000800928c        0xc c:/st/stm32cubeide_1.4.0/stm32cubeide/plugins/com.st.stm32cube.ide.mcu.externaltools.gnu-tools-for-stm32.10.3-2021.10.win32_1.0.0.202111181127/tools/bin/../lib/gcc/arm-none-eabi/10.3.1/../../../../arm-none-eabi/lib/thumb/v7e-m+fp/hard\libc_nano.a(lib_a-findfp.o)
                0x000000000800928c                __sinit_lock_acquire
 .text.__sinit_lock_release
                0x0000000008009298        0xc c:/st/stm32cubeide_1.4.0/stm32cubeide/plugins/com.st.stm32cube.ide.mcu.externaltools.gnu-tools-for-stm32.10.3-2021.10.win32_1.0.0.202111181127/tools/bin/../lib/gcc/arm-none-eabi/10.3.1/../../../../arm-none-eabi/lib/thumb/v7e-m+fp/hard\libc_nano.a(lib_a-findfp.o)
                0x0000000008009298                __sinit_lock_release
 .text.__sinit  0x00000000080092a4       0x70 c:/st/stm32cubeide_1.4.0/stm32cubeide/plugins/com.st.stm32cube.ide.mcu.externaltools.gnu-tools-for-stm32.10.3-2021.10.win32_1.0.0.202111181127/tools/bin/../lib/gcc/arm-none-eabi/10.3.1/../../../../arm-none-eabi/lib/thumb/v7e-m+fp/hard\libc_nano.a(lib_a-findfp.o)
                0x00000000080092a4                __sinit
 .text.__sfp    0x0000000008009314       0x8c c:/st/stm32cubeide_1.4.0/stm32cubeide/plugins/com.st.stm32cube.ide.mcu.externaltools.gnu-tools-for-stm32.10.3-2021.10.win32_1.0.0.202111181127/tools/bin/../lib/gcc/arm-none-eabi/10.3.1/../../../../arm-none-eabi/lib/thumb/v7e-m+fp/hard\libc_nano.a(lib_a-findfp.o)
                0x0000000008009314                __sfp
 .text._fwalk_reent
                0x00000000080093a0       0x3e c:/st/stm32cubeide_1.4.0/stm32cubeide/plugins/com.st.stm32cube.ide.mcu.externaltools.gnu-tools-for-stm32.10.3-2021.10.win32_1.0.0.202111181127/tools/bin/../lib/gcc/arm-none-eabi/10.3.1/../../../../arm-none-eabi/lib/thumb/v7e-m+fp/hard\libc_nano.a(lib_a-fwalk.o)
                0x00000000080093a0                _fwalk_reent
 .text.__retarget_lock_init_recursive
                0x00000000080093de        0x2 c:/st/stm32cubeide_1.4.0/stm32cubeide/plugins/com.st.stm32cube.ide.mcu.externaltools.gnu-tools-for-stm32.10.3-2021.10.win32_1.0.0.202111181127/tools/bin/../lib/gcc/arm-none-eabi/10.3.1/../../../../arm-none-eabi/lib/thumb/v7e-m+fp/hard\libc_nano.a(lib_a-lock.o)
                0x00000000080093de                __retarget_lock_init_recursive
 .text.__retarget_lock_acquire_recursive
                0x00000000080093e0        0x2 c:/st/stm32cubeide_1.4.0/stm32cubeide/plugins/com.st.stm32cube.ide.mcu.externaltools.gnu-tools-for-stm32.10.3-2021.10.win32_1.0.0.202111181127/tools/bin/../lib/gcc/arm-none-eabi/10.3.1/../../../../arm-none-eabi/lib/thumb/v7e-m+fp/hard\libc_nano.a(lib_a-lock.o)
                0x00000000080093e0                __retarget_lock_acquire_recursive
 .text.__retarget_lock_release_recursive
                0x00000000080093e2        0x2 c:/st/stm32cubeide_1.4.0/stm32cubeide/plugins/com.st.stm32cube.ide.mcu.externaltools.gnu-tools-for-stm32.10.3-2021.10.win32_1.0.0.202111181127/tools/bin/../lib/gcc/arm-none-eabi/10.3.1/../../../../arm-none-eabi/lib/thumb/v7e-m+fp/hard\libc_nano.a(lib_a-lock.o)
                0x00000000080093e2                __retarget_lock_release_recursive
 .text.__swhatbuf_r
                0x00000000080093e4       0x4a c:/st/stm32cubeide_1.4.0/stm32cubeide/plugins/com.st.stm32cube.ide.mcu.externaltools.gnu-tools-for-stm32.10.3-2021.10.win32_1.0.0.202111181127/tools/bin/../lib/gcc/arm-none-eabi/10.3.1/../../../../arm-none-eabi/lib/thumb/v7e-m+fp/hard\libc_nano.a(lib_a-makebuf.o)
                0x00000000080093e4                __swhatbuf_r
 *fill*         0x000000000800942e        0x2 
 .text.__smakebuf_r
                0x0000000008009430       0x80 c:/st/stm32cubeide_1.4.0/stm32cubeide/plugins/com.st.stm32cube.ide.mcu.externaltools.gnu-tools-for-stm32.10.3-2021.10.win32_1.0.0.202111181127/tools/bin/../lib/gcc/arm-none-eabi/10.3.1/../../../../arm-none-eabi/lib/thumb/v7e-m+fp/hard\libc_nano.a(lib_a-makebuf.o)
                0x0000000008009430                __smakebuf_r
 .text._free_r  0x00000000080094b0       0x98 c:/st/stm32cubeide_1.4.0/stm32cubeide/plugins/com.st.stm32cube.ide.mcu.externaltools.gnu-tools-for-stm32.10.3-2021.10.win32_1.0.0.202111181127/tools/bin/../lib/gcc/arm-none-eabi/10.3.1/../../../../arm-none-eabi/lib/thumb/v7e-m+fp/hard\libc_nano.a(lib_a-nano-freer.o)
                0x00000000080094b0                _free_r
 .text.sbrk_aligned
                0x0000000008009548       0x40 c:/st/stm32cubeide_1.4.0/stm32cubeide/plugins/com.st.stm32cube.ide.mcu.externaltools.gnu-tools-for-stm32.10.3-2021.10.win32_1.0.0.202111181127/tools/bin/../lib/gcc/arm-none-eabi/10.3.1/../../../../arm-none-eabi/lib/thumb/v7e-m+fp/hard\libc_nano.a(lib_a-nano-mallocr.o)
 .text._malloc_r
                0x0000000008009588       0xe8 c:/st/stm32cubeide_1.4.0/stm32cubeide/plugins/com.st.stm32cube.ide.mcu.externaltools.gnu-tools-for-stm32.10.3-2021.10.win32_1.0.0.202111181127/tools/bin/../lib/gcc/arm-none-eabi/10.3.1/../../../../arm-none-eabi/lib/thumb/v7e-m+fp/hard\libc_nano.a(lib_a-nano-mallocr.o)
                0x0000000008009588                _malloc_r
 .text.__sfputc_r
                0x0000000008009670       0x2e c:/st/stm32cubeide_1.4.0/stm32cubeide/plugins/com.st.stm32cube.ide.mcu.externaltools.gnu-tools-for-stm32.10.3-2021.10.win32_1.0.0.202111181127/tools/bin/../lib/gcc/arm-none-eabi/10.3.1/../../../../arm-none-eabi/lib/thumb/v7e-m+fp/hard\libc_nano.a(lib_a-nano-vfprintf.o)
 .text.__sfputs_r
                0x000000000800969e       0x24 c:/st/stm32cubeide_1.4.0/stm32cubeide/plugins/com.st.stm32cube.ide.mcu.externaltools.gnu-tools-for-stm32.10.3-2021.10.win32_1.0.0.202111181127/tools/bin/../lib/gcc/arm-none-eabi/10.3.1/../../../../arm-none-eabi/lib/thumb/v7e-m+fp/hard\libc_nano.a(lib_a-nano-vfprintf.o)
                0x000000000800969e                __sfputs_r
 *fill*         0x00000000080096c2        0x2 
 .text._vfprintf_r
                0x00000000080096c4      0x260 c:/st/stm32cubeide_1.4.0/stm32cubeide/plugins/com.st.stm32cube.ide.mcu.externaltools.gnu-tools-for-stm32.10.3-2021.10.win32_1.0.0.202111181127/tools/bin/../lib/gcc/arm-none-eabi/10.3.1/../../../../arm-none-eabi/lib/thumb/v7e-m+fp/hard\libc_nano.a(lib_a-nano-vfprintf.o)
                0x00000000080096c4                _vfprintf_r
                0x00000000080096c4                _vfiprintf_r
 .text._printf_common
                0x0000000008009924       0xda c:/st/stm32cubeide_1.4.0/stm32cubeide/plugins/com.st.stm32cube.ide.mcu.externaltools.gnu-tools-for-stm32.10.3-2021.10.win32_1.0.0.202111181127/tools/bin/../lib/gcc/arm-none-eabi/10.3.1/../../../../arm-none-eabi/lib/thumb/v7e-m+fp/hard\libc_nano.a(lib_a-nano-vfprintf_i.o)
                0x0000000008009924                _printf_common
 *fill*         0x00000000080099fe        0x2 
 .text._printf_i
                0x0000000008009a00      0x24c c:/st/stm32cubeide_1.4.0/stm32cubeide/plugins/com.st.stm32cube.ide.mcu.externaltools.gnu-tools-for-stm32.10.3-2021.10.win32_1.0.0.202111181127/tools/bin/../lib/gcc/arm-none-eabi/10.3.1/../../../../arm-none-eabi/lib/thumb/v7e-m+fp/hard\libc_nano.a(lib_a-nano-vfprintf_i.o)
                0x0000000008009a00                _printf_i
 .text._sbrk_r  0x0000000008009c4c       0x20 c:/st/stm32cubeide_1.4.0/stm32cubeide/plugins/com.st.stm32cube.ide.mcu.externaltools.gnu-tools-for-stm32.10.3-2021.10.win32_1.0.0.202111181127/tools/bin/../lib/gcc/arm-none-eabi/10.3.1/../../../../arm-none-eabi/lib/thumb/v7e-m+fp/hard\libc_nano.a(lib_a-sbrkr.o)
                0x0000000008009c4c                _sbrk_r
 .text.__sread  0x0000000008009c6c       0x22 c:/st/stm32cubeide_1.4.0/stm32cubeide/plugins/com.st.stm32cube.ide.mcu.externaltools.gnu-tools-for-stm32.10.3-2021.10.win32_1.0.0.202111181127/tools/bin/../lib/gcc/arm-none-eabi/10.3.1/../../../../arm-none-eabi/lib/thumb/v7e-m+fp/hard\libc_nano.a(lib_a-stdio.o)
                0x0000000008009c6c                __sread
 .text.__swrite
                0x0000000008009c8e       0x38 c:/st/stm32cubeide_1.4.0/stm32cubeide/plugins/com.st.stm32cube.ide.mcu.externaltools.gnu-tools-for-stm32.10.3-2021.10.win32_1.0.0.202111181127/tools/bin/../lib/gcc/arm-none-eabi/10.3.1/../../../../arm-none-eabi/lib/thumb/v7e-m+fp/hard\libc_nano.a(lib_a-stdio.o)
                0x0000000008009c8e                __swrite
 .text.__sseek  0x0000000008009cc6       0x24 c:/st/stm32cubeide_1.4.0/stm32cubeide/plugins/com.st.stm32cube.ide.mcu.externaltools.gnu-tools-for-stm32.10.3-2021.10.win32_1.0.0.202111181127/tools/bin/../lib/gcc/arm-none-eabi/10.3.1/../../../../arm-none-eabi/lib/thumb/v7e-m+fp/hard\libc_nano.a(lib_a-stdio.o)
                0x0000000008009cc6                __sseek
 .text.__sclose
                0x0000000008009cea        0x8 c:/st/stm32cubeide_1.4.0/stm32cubeide/plugins/com.st.stm32cube.ide.mcu.externaltools.gnu-tools-for-stm32.10.3-2021.10.win32_1.0.0.202111181127/tools/bin/../lib/gcc/arm-none-eabi/10.3.1/../../../../arm-none-eabi/lib/thumb/v7e-m+fp/hard\libc_nano.a(lib_a-stdio.o)
                0x0000000008009cea                __sclose
 *fill*         0x0000000008009cf2        0x2 
 .text._write_r
                0x0000000008009cf4       0x24 c:/st/stm32cubeide_1.4.0/stm32cubeide/plugins/com.st.stm32cube.ide.mcu.externaltools.gnu-tools-for-stm32.10.3-2021.10.win32_1.0.0.202111181127/tools/bin/../lib/gcc/arm-none-eabi/10.3.1/../../../../arm-none-eabi/lib/thumb/v7e-m+fp/hard\libc_nano.a(lib_a-writer.o)
                0x0000000008009cf4                _write_r
 .text._close_r
                0x0000000008009d18       0x20 c:/st/stm32cubeide_1.4.0/stm32cubeide/plugins/com.st.stm32cube.ide.mcu.externaltools.gnu-tools-for-stm32.10.3-2021.10.win32_1.0.0.202111181127/tools/bin/../lib/gcc/arm-none-eabi/10.3.1/../../../../arm-none-eabi/lib/thumb/v7e-m+fp/hard\libc_nano.a(lib_a-closer.o)
                0x0000000008009d18                _close_r
 .text._fstat_r
                0x0000000008009d38       0x24 c:/st/stm32cubeide_1.4.0/stm32cubeide/plugins/com.st.stm32cube.ide.mcu.externaltools.gnu-tools-for-stm32.10.3-2021.10.win32_1.0.0.202111181127/tools/bin/../lib/gcc/arm-none-eabi/10.3.1/../../../../arm-none-eabi/lib/thumb/v7e-m+fp/hard\libc_nano.a(lib_a-fstatr.o)
                0x0000000008009d38                _fstat_r
 .text._isatty_r
                0x0000000008009d5c       0x20 c:/st/stm32cubeide_1.4.0/stm32cubeide/plugins/com.st.stm32cube.ide.mcu.externaltools.gnu-tools-for-stm32.10.3-2021.10.win32_1.0.0.202111181127/tools/bin/../lib/gcc/arm-none-eabi/10.3.1/../../../../arm-none-eabi/lib/thumb/v7e-m+fp/hard\libc_nano.a(lib_a-isattyr.o)
                0x0000000008009d5c                _isatty_r
 .text._lseek_r
                0x0000000008009d7c       0x24 c:/st/stm32cubeide_1.4.0/stm32cubeide/plugins/com.st.stm32cube.ide.mcu.externaltools.gnu-tools-for-stm32.10.3-2021.10.win32_1.0.0.202111181127/tools/bin/../lib/gcc/arm-none-eabi/10.3.1/../../../../arm-none-eabi/lib/thumb/v7e-m+fp/hard\libc_nano.a(lib_a-lseekr.o)
                0x0000000008009d7c                _lseek_r
 .text.__malloc_lock
                0x0000000008009da0        0xc c:/st/stm32cubeide_1.4.0/stm32cubeide/plugins/com.st.stm32cube.ide.mcu.externaltools.gnu-tools-for-stm32.10.3-2021.10.win32_1.0.0.202111181127/tools/bin/../lib/gcc/arm-none-eabi/10.3.1/../../../../arm-none-eabi/lib/thumb/v7e-m+fp/hard\libc_nano.a(lib_a-mlock.o)
                0x0000000008009da0                __malloc_lock
 .text.__malloc_unlock
                0x0000000008009dac        0xc c:/st/stm32cubeide_1.4.0/stm32cubeide/plugins/com.st.stm32cube.ide.mcu.externaltools.gnu-tools-for-stm32.10.3-2021.10.win32_1.0.0.202111181127/tools/bin/../lib/gcc/arm-none-eabi/10.3.1/../../../../arm-none-eabi/lib/thumb/v7e-m+fp/hard\libc_nano.a(lib_a-mlock.o)
                0x0000000008009dac                __malloc_unlock
 .text._read_r  0x0000000008009db8       0x24 c:/st/stm32cubeide_1.4.0/stm32cubeide/plugins/com.st.stm32cube.ide.mcu.externaltools.gnu-tools-for-stm32.10.3-2021.10.win32_1.0.0.202111181127/tools/bin/../lib/gcc/arm-none-eabi/10.3.1/../../../../arm-none-eabi/lib/thumb/v7e-m+fp/hard\libc_nano.a(lib_a-readr.o)
                0x0000000008009db8                _read_r
 *(.glue_7)
 .glue_7        0x0000000008009ddc        0x0 linker stubs
 *(.glue_7t)
 .glue_7t       0x0000000008009ddc        0x0 linker stubs
 *(.eh_frame)
 .eh_frame      0x0000000008009ddc        0x0 c:/st/stm32cubeide_1.4.0/stm32cubeide/plugins/com.st.stm32cube.ide.mcu.externaltools.gnu-tools-for-stm32.10.3-2021.10.win32_1.0.0.202111181127/tools/bin/../lib/gcc/arm-none-eabi/10.3.1/thumb/v7e-m+fp/hard/crtbegin.o
 *(.init)
 .init          0x0000000008009ddc        0x4 c:/st/stm32cubeide_1.4.0/stm32cubeide/plugins/com.st.stm32cube.ide.mcu.externaltools.gnu-tools-for-stm32.10.3-2021.10.win32_1.0.0.202111181127/tools/bin/../lib/gcc/arm-none-eabi/10.3.1/thumb/v7e-m+fp/hard/crti.o
                0x0000000008009ddc                _init
 .init          0x0000000008009de0        0x8 c:/st/stm32cubeide_1.4.0/stm32cubeide/plugins/com.st.stm32cube.ide.mcu.externaltools.gnu-tools-for-stm32.10.3-2021.10.win32_1.0.0.202111181127/tools/bin/../lib/gcc/arm-none-eabi/10.3.1/thumb/v7e-m+fp/hard/crtn.o
 *(.fini)
 .fini          0x0000000008009de8        0x4 c:/st/stm32cubeide_1.4.0/stm32cubeide/plugins/com.st.stm32cube.ide.mcu.externaltools.gnu-tools-for-stm32.10.3-2021.10.win32_1.0.0.202111181127/tools/bin/../lib/gcc/arm-none-eabi/10.3.1/thumb/v7e-m+fp/hard/crti.o
                0x0000000008009de8                _fini
 .fini          0x0000000008009dec        0x8 c:/st/stm32cubeide_1.4.0/stm32cubeide/plugins/com.st.stm32cube.ide.mcu.externaltools.gnu-tools-for-stm32.10.3-2021.10.win32_1.0.0.202111181127/tools/bin/../lib/gcc/arm-none-eabi/10.3.1/thumb/v7e-m+fp/hard/crtn.o
                0x0000000008009df4                . = ALIGN (0x4)
                0x0000000008009df4                _etext = .

.vfp11_veneer   0x0000000008009df4        0x0
 .vfp11_veneer  0x0000000008009df4        0x0 linker stubs

.v4_bx          0x0000000008009df4        0x0
 .v4_bx         0x0000000008009df4        0x0 linker stubs

.iplt           0x0000000008009df4        0x0
 .iplt          0x0000000008009df4        0x0 c:/st/stm32cubeide_1.4.0/stm32cubeide/plugins/com.st.stm32cube.ide.mcu.externaltools.gnu-tools-for-stm32.10.3-2021.10.win32_1.0.0.202111181127/tools/bin/../lib/gcc/arm-none-eabi/10.3.1/thumb/v7e-m+fp/hard/crtbegin.o

.rodata         0x0000000008009df4      0x6ac
                0x0000000008009df4                . = ALIGN (0x4)
 *(.rodata)
 .rodata        0x0000000008009df4        0xd ./BlueNRG-MS/Target/hci_tl_interface.o
 *fill*         0x0000000008009e01        0x3 
 .rodata        0x0000000008009e04       0x6b ./Core/Src/FitnessController_ApplicationLayer/BatteryService/BatteryService.o
 *fill*         0x0000000008009e6f        0x1 
 .rodata        0x0000000008009e70      0x119 ./Core/Src/FitnessController_ApplicationLayer/DeviceInfoService/DeviceInfoService.o
 *fill*         0x0000000008009f89        0x3 
 .rodata        0x0000000008009f8c      0x15e ./Core/Src/FitnessController_ApplicationLayer/FitnessController.o
 *fill*         0x000000000800a0ea        0x2 
 .rodata        0x000000000800a0ec       0xd8 ./Core/Src/FitnessController_ApplicationLayer/HIDService/HIDService.o
 .rodata        0x000000000800a1c4       0x18 ./Core/Src/main.o
 *(.rodata*)
 .rodata.BatteryCharUUIDLookUpTable
                0x000000000800a1dc        0x2 ./Core/Src/FitnessController_ApplicationLayer/BatteryService/BatteryService.o
 *fill*         0x000000000800a1de        0x2 
 .rodata.AnalogStickIO_Driver1
                0x000000000800a1e0       0x14 ./Core/Src/FitnessController_ApplicationLayer/Controller_Parts/analog_stick_hardware.o
                0x000000000800a1e0                AnalogStickIO_Driver1
 .rodata.AnalogStickIO_Driver2
                0x000000000800a1f4       0x14 ./Core/Src/FitnessController_ApplicationLayer/Controller_Parts/analog_stick_hardware.o
                0x000000000800a1f4                AnalogStickIO_Driver2
 .rodata.ButtonGPIOLUT
                0x000000000800a208       0x70 ./Core/Src/FitnessController_ApplicationLayer/Controller_Parts/button_hardware.o
 .rodata.ButtonIO_DriverPosLogic
                0x000000000800a278       0x14 ./Core/Src/FitnessController_ApplicationLayer/Controller_Parts/button_hardware.o
                0x000000000800a278                ButtonIO_DriverPosLogic
 .rodata.ButtonIO_DriverNegLogic
                0x000000000800a28c       0x14 ./Core/Src/FitnessController_ApplicationLayer/Controller_Parts/button_hardware.o
                0x000000000800a28c                ButtonIO_DriverNegLogic
 .rodata.TriggerIO_Driver1
                0x000000000800a2a0       0x14 ./Core/Src/FitnessController_ApplicationLayer/Controller_Parts/trigger_hardware.o
                0x000000000800a2a0                TriggerIO_Driver1
 .rodata.TriggerIO_Driver2
                0x000000000800a2b4       0x14 ./Core/Src/FitnessController_ApplicationLayer/Controller_Parts/trigger_hardware.o
                0x000000000800a2b4                TriggerIO_Driver2
 .rodata.DEVICEINFO_MFGNAME_STR
                0x000000000800a2c8        0xc ./Core/Src/FitnessController_ApplicationLayer/DeviceInfoService/DeviceInfoService.o
 .rodata.DEVICEINFO_MODELNUMBER_STR
                0x000000000800a2d4        0xc ./Core/Src/FitnessController_ApplicationLayer/DeviceInfoService/DeviceInfoService.o
 .rodata.DEVICEINFO_SERIALNUMBER_STR
                0x000000000800a2e0        0xa ./Core/Src/FitnessController_ApplicationLayer/DeviceInfoService/DeviceInfoService.o
 *fill*         0x000000000800a2ea        0x2 
 .rodata.DEVICEINFO_HARDWAREREV_STR
                0x000000000800a2ec       0x10 ./Core/Src/FitnessController_ApplicationLayer/DeviceInfoService/DeviceInfoService.o
 .rodata.DeviceInfoCharUUIDTypeLookUpTable
                0x000000000800a2fc        0x4 ./Core/Src/FitnessController_ApplicationLayer/DeviceInfoService/DeviceInfoService.o
 .rodata.DeviceInfoCharUUIDLookUpTable
                0x000000000800a300        0x8 ./Core/Src/FitnessController_ApplicationLayer/DeviceInfoService/DeviceInfoService.o
 .rodata.DeviceInfoCharPermissionsLookUpTable
                0x000000000800a308        0x4 ./Core/Src/FitnessController_ApplicationLayer/DeviceInfoService/DeviceInfoService.o
 .rodata.DeviceInfoCharNotifyModeLookUpTable
                0x000000000800a30c        0x4 ./Core/Src/FitnessController_ApplicationLayer/DeviceInfoService/DeviceInfoService.o
 .rodata.DeviceInfoCharErrorReturnLookUpTable
                0x000000000800a310        0x4 ./Core/Src/FitnessController_ApplicationLayer/DeviceInfoService/DeviceInfoService.o
 .rodata.SERVER_BDADDR
                0x000000000800a314        0x6 ./Core/Src/FitnessController_ApplicationLayer/FitnessController.o
 *fill*         0x000000000800a31a        0x2 
 .rodata.local_name
                0x000000000800a31c       0x13 ./Core/Src/FitnessController_ApplicationLayer/FitnessController.o
 *fill*         0x000000000800a32f        0x1 
 .rodata.ButtonMskLUT
                0x000000000800a330       0x1c ./Core/Src/FitnessController_ApplicationLayer/FitnessController.o
 .rodata.HIDInfoValue
                0x000000000800a34c        0x4 ./Core/Src/FitnessController_ApplicationLayer/HIDService/HID.o
                0x000000000800a34c                HIDInfoValue
 .rodata.ReportRefDesc
                0x000000000800a350        0x2 ./Core/Src/FitnessController_ApplicationLayer/HIDService/HID.o
                0x000000000800a350                ReportRefDesc
 *fill*         0x000000000800a352        0x2 
 .rodata.HID_ReportMap
                0x000000000800a354       0x54 ./Core/Src/FitnessController_ApplicationLayer/HIDService/HID.o
                0x000000000800a354                HID_ReportMap
 .rodata.HIDCharUUIDType
                0x000000000800a3a8        0x4 ./Core/Src/FitnessController_ApplicationLayer/HIDService/HIDService.o
 .rodata.HIDCharUUIDLookUpTable
                0x000000000800a3ac        0x8 ./Core/Src/FitnessController_ApplicationLayer/HIDService/HIDService.o
 .rodata.HIDCharPermissionsLookUpTable
                0x000000000800a3b4        0x4 ./Core/Src/FitnessController_ApplicationLayer/HIDService/HIDService.o
 .rodata.HID_CharNotifyModeLookUpTable
                0x000000000800a3b8        0x4 ./Core/Src/FitnessController_ApplicationLayer/HIDService/HIDService.o
 .rodata.HIDCharErrorReturnLookUpTable
                0x000000000800a3bc        0x4 ./Core/Src/FitnessController_ApplicationLayer/HIDService/HIDService.o
 .rodata.AHBPrescTable
                0x000000000800a3c0       0x10 ./Core/Src/system_stm32l4xx.o
                0x000000000800a3c0                AHBPrescTable
 .rodata.APBPrescTable
                0x000000000800a3d0        0x8 ./Core/Src/system_stm32l4xx.o
                0x000000000800a3d0                APBPrescTable
 .rodata.MSIRangeTable
                0x000000000800a3d8       0x30 ./Core/Src/system_stm32l4xx.o
                0x000000000800a3d8                MSIRangeTable
 .rodata._global_impure_ptr
                0x000000000800a408        0x4 c:/st/stm32cubeide_1.4.0/stm32cubeide/plugins/com.st.stm32cube.ide.mcu.externaltools.gnu-tools-for-stm32.10.3-2021.10.win32_1.0.0.202111181127/tools/bin/../lib/gcc/arm-none-eabi/10.3.1/../../../../arm-none-eabi/lib/thumb/v7e-m+fp/hard\libc_nano.a(lib_a-impure.o)
                0x000000000800a408                _global_impure_ptr
 .rodata.__sf_fake_stderr
                0x000000000800a40c       0x20 c:/st/stm32cubeide_1.4.0/stm32cubeide/plugins/com.st.stm32cube.ide.mcu.externaltools.gnu-tools-for-stm32.10.3-2021.10.win32_1.0.0.202111181127/tools/bin/../lib/gcc/arm-none-eabi/10.3.1/../../../../arm-none-eabi/lib/thumb/v7e-m+fp/hard\libc_nano.a(lib_a-findfp.o)
                0x000000000800a40c                __sf_fake_stderr
 .rodata.__sf_fake_stdin
                0x000000000800a42c       0x20 c:/st/stm32cubeide_1.4.0/stm32cubeide/plugins/com.st.stm32cube.ide.mcu.externaltools.gnu-tools-for-stm32.10.3-2021.10.win32_1.0.0.202111181127/tools/bin/../lib/gcc/arm-none-eabi/10.3.1/../../../../arm-none-eabi/lib/thumb/v7e-m+fp/hard\libc_nano.a(lib_a-findfp.o)
                0x000000000800a42c                __sf_fake_stdin
 .rodata.__sf_fake_stdout
                0x000000000800a44c       0x20 c:/st/stm32cubeide_1.4.0/stm32cubeide/plugins/com.st.stm32cube.ide.mcu.externaltools.gnu-tools-for-stm32.10.3-2021.10.win32_1.0.0.202111181127/tools/bin/../lib/gcc/arm-none-eabi/10.3.1/../../../../arm-none-eabi/lib/thumb/v7e-m+fp/hard\libc_nano.a(lib_a-findfp.o)
                0x000000000800a44c                __sf_fake_stdout
 .rodata._vfprintf_r.str1.1
                0x000000000800a46c       0x11 c:/st/stm32cubeide_1.4.0/stm32cubeide/plugins/com.st.stm32cube.ide.mcu.externaltools.gnu-tools-for-stm32.10.3-2021.10.win32_1.0.0.202111181127/tools/bin/../lib/gcc/arm-none-eabi/10.3.1/../../../../arm-none-eabi/lib/thumb/v7e-m+fp/hard\libc_nano.a(lib_a-nano-vfprintf.o)
 .rodata._printf_i.str1.1
                0x000000000800a47d       0x22 c:/st/stm32cubeide_1.4.0/stm32cubeide/plugins/com.st.stm32cube.ide.mcu.externaltools.gnu-tools-for-stm32.10.3-2021.10.win32_1.0.0.202111181127/tools/bin/../lib/gcc/arm-none-eabi/10.3.1/../../../../arm-none-eabi/lib/thumb/v7e-m+fp/hard\libc_nano.a(lib_a-nano-vfprintf_i.o)
                0x000000000800a4a0                . = ALIGN (0x4)
 *fill*         0x000000000800a49f        0x1 

.ARM.extab      0x000000000800a4a0        0x0
                0x000000000800a4a0                . = ALIGN (0x4)
 *(.ARM.extab* .gnu.linkonce.armextab.*)
                0x000000000800a4a0                . = ALIGN (0x4)

.ARM            0x000000000800a4a0        0x8
                0x000000000800a4a0                . = ALIGN (0x4)
                0x000000000800a4a0                __exidx_start = .
 *(.ARM.exidx*)
 .ARM.exidx     0x000000000800a4a0        0x8 c:/st/stm32cubeide_1.4.0/stm32cubeide/plugins/com.st.stm32cube.ide.mcu.externaltools.gnu-tools-for-stm32.10.3-2021.10.win32_1.0.0.202111181127/tools/bin/../lib/gcc/arm-none-eabi/10.3.1/thumb/v7e-m+fp/hard\libgcc.a(_udivmoddi4.o)
                0x000000000800a4a8                __exidx_end = .
                0x000000000800a4a8                . = ALIGN (0x4)

.rel.dyn        0x000000000800a4a8        0x0
 .rel.iplt      0x000000000800a4a8        0x0 c:/st/stm32cubeide_1.4.0/stm32cubeide/plugins/com.st.stm32cube.ide.mcu.externaltools.gnu-tools-for-stm32.10.3-2021.10.win32_1.0.0.202111181127/tools/bin/../lib/gcc/arm-none-eabi/10.3.1/thumb/v7e-m+fp/hard/crtbegin.o

.preinit_array  0x000000000800a4a8        0x0
                0x000000000800a4a8                . = ALIGN (0x4)
                0x000000000800a4a8                PROVIDE (__preinit_array_start = .)
 *(.preinit_array*)
                0x000000000800a4a8                PROVIDE (__preinit_array_end = .)
                0x000000000800a4a8                . = ALIGN (0x4)

.init_array     0x000000000800a4a8        0x4
                0x000000000800a4a8                . = ALIGN (0x4)
                0x000000000800a4a8                PROVIDE (__init_array_start = .)
 *(SORT_BY_NAME(.init_array.*))
 *(.init_array*)
 .init_array    0x000000000800a4a8        0x4 c:/st/stm32cubeide_1.4.0/stm32cubeide/plugins/com.st.stm32cube.ide.mcu.externaltools.gnu-tools-for-stm32.10.3-2021.10.win32_1.0.0.202111181127/tools/bin/../lib/gcc/arm-none-eabi/10.3.1/thumb/v7e-m+fp/hard/crtbegin.o
                0x000000000800a4ac                PROVIDE (__init_array_end = .)
                0x000000000800a4ac                . = ALIGN (0x4)

.fini_array     0x000000000800a4ac        0x4
                0x000000000800a4ac                . = ALIGN (0x4)
                [!provide]                        PROVIDE (__fini_array_start = .)
 *(SORT_BY_NAME(.fini_array.*))
 *(.fini_array*)
 .fini_array    0x000000000800a4ac        0x4 c:/st/stm32cubeide_1.4.0/stm32cubeide/plugins/com.st.stm32cube.ide.mcu.externaltools.gnu-tools-for-stm32.10.3-2021.10.win32_1.0.0.202111181127/tools/bin/../lib/gcc/arm-none-eabi/10.3.1/thumb/v7e-m+fp/hard/crtbegin.o
                [!provide]                        PROVIDE (__fini_array_end = .)
                0x000000000800a4b0                . = ALIGN (0x4)
                0x000000000800a4b0                _sidata = LOADADDR (.data)

.data           0x0000000020000000       0xd8 load address 0x000000000800a4b0
                0x0000000020000000                . = ALIGN (0x4)
                0x0000000020000000                _sdata = .
 *(.data)
 *(.data*)
 .data.BatteryCharUUIDType
                0x0000000020000000        0x1 ./Core/Src/FitnessController_ApplicationLayer/BatteryService/BatteryService.o
 *fill*         0x0000000020000001        0x3 
 .data.BatteryCharPropertiesLookUpTable
                0x0000000020000004        0x2 ./Core/Src/FitnessController_ApplicationLayer/BatteryService/BatteryService.o
 *fill*         0x0000000020000006        0x2 
 .data.BatteryCharErrorStringLookUpTable
                0x0000000020000008        0x4 ./Core/Src/FitnessController_ApplicationLayer/BatteryService/BatteryService.o
 .data.DeviceInfoCharValueLengthLookUpTable
                0x000000002000000c        0x4 ./Core/Src/FitnessController_ApplicationLayer/DeviceInfoService/DeviceInfoService.o
 .data.DeviceInfo_CharPropertiesLookUpTable
                0x0000000020000010        0x4 ./Core/Src/FitnessController_ApplicationLayer/DeviceInfoService/DeviceInfoService.o
 .data.DeviceInfoCharValueStrings
                0x0000000020000014       0x10 ./Core/Src/FitnessController_ApplicationLayer/DeviceInfoService/DeviceInfoService.o
 .data.DeviceInfoCharErrorStringLookUpTable
                0x0000000020000024       0x10 ./Core/Src/FitnessController_ApplicationLayer/DeviceInfoService/DeviceInfoService.o
 .data.connection_handle
                0x0000000020000034        0x2 ./Core/Src/FitnessController_ApplicationLayer/FitnessController.o
 .data.connected
                0x0000000020000036        0x1 ./Core/Src/FitnessController_ApplicationLayer/FitnessController.o
 *fill*         0x0000000020000037        0x1 
 .data.HIDCharValueLenLookUpTable
                0x0000000020000038        0x8 ./Core/Src/FitnessController_ApplicationLayer/HIDService/HIDService.o
 .data.HIDCharPropertiesLookUpTable
                0x0000000020000040        0x8 ./Core/Src/FitnessController_ApplicationLayer/HIDService/HIDService.o
 .data.HIDCharErrorStringLookUpTable
                0x0000000020000048       0x10 ./Core/Src/FitnessController_ApplicationLayer/HIDService/HIDService.o
 .data.HIDCharValueLookUpTable
                0x0000000020000058       0x10 ./Core/Src/FitnessController_ApplicationLayer/HIDService/HIDService.o
 .data.SystemCoreClock
                0x0000000020000068        0x4 ./Core/Src/system_stm32l4xx.o
                0x0000000020000068                SystemCoreClock
 .data.uwTickPrio
                0x000000002000006c        0x4 ./Drivers/STM32L4xx_HAL_Driver/Src/stm32l4xx_hal.o
                0x000000002000006c                uwTickPrio
 .data.uwTickFreq
                0x0000000020000070        0x1 ./Drivers/STM32L4xx_HAL_Driver/Src/stm32l4xx_hal.o
                0x0000000020000070                uwTickFreq
 *fill*         0x0000000020000071        0x3 
 .data._impure_ptr
                0x0000000020000074        0x4 c:/st/stm32cubeide_1.4.0/stm32cubeide/plugins/com.st.stm32cube.ide.mcu.externaltools.gnu-tools-for-stm32.10.3-2021.10.win32_1.0.0.202111181127/tools/bin/../lib/gcc/arm-none-eabi/10.3.1/../../../../arm-none-eabi/lib/thumb/v7e-m+fp/hard\libc_nano.a(lib_a-impure.o)
                0x0000000020000074                _impure_ptr
 .data.impure_data
                0x0000000020000078       0x60 c:/st/stm32cubeide_1.4.0/stm32cubeide/plugins/com.st.stm32cube.ide.mcu.externaltools.gnu-tools-for-stm32.10.3-2021.10.win32_1.0.0.202111181127/tools/bin/../lib/gcc/arm-none-eabi/10.3.1/../../../../arm-none-eabi/lib/thumb/v7e-m+fp/hard\libc_nano.a(lib_a-impure.o)
 *(.RamFunc)
 *(.RamFunc*)
                0x00000000200000d8                . = ALIGN (0x4)
                0x00000000200000d8                _edata = .

.igot.plt       0x00000000200000d8        0x0 load address 0x000000000800a588
 .igot.plt      0x00000000200000d8        0x0 c:/st/stm32cubeide_1.4.0/stm32cubeide/plugins/com.st.stm32cube.ide.mcu.externaltools.gnu-tools-for-stm32.10.3-2021.10.win32_1.0.0.202111181127/tools/bin/../lib/gcc/arm-none-eabi/10.3.1/thumb/v7e-m+fp/hard/crtbegin.o
                0x00000000200000d8                . = ALIGN (0x4)

.bss            0x00000000200000d8      0xa6c load address 0x000000000800a588
                0x00000000200000d8                _sbss = .
                0x00000000200000d8                __bss_start__ = _sbss
 *(.bss)
 .bss           0x00000000200000d8       0x1c c:/st/stm32cubeide_1.4.0/stm32cubeide/plugins/com.st.stm32cube.ide.mcu.externaltools.gnu-tools-for-stm32.10.3-2021.10.win32_1.0.0.202111181127/tools/bin/../lib/gcc/arm-none-eabi/10.3.1/thumb/v7e-m+fp/hard/crtbegin.o
 *(.bss*)
 .bss.hexti6    0x00000000200000f4        0x8 ./BlueNRG-MS/Target/hci_tl_interface.o
                0x00000000200000f4                hexti6
 .bss.read_char_buf.0
                0x00000000200000fc       0xff ./BlueNRG-MS/Target/hci_tl_interface.o
 *fill*         0x00000000200001fb        0x1 
 .bss.BatteryServiceHandle
                0x00000000200001fc        0x2 ./Core/Src/FitnessController_ApplicationLayer/BatteryService/BatteryService.o
 *fill*         0x00000000200001fe        0x2 
 .bss.BatteryCharHandleLookUpTable
                0x0000000020000200        0x2 ./Core/Src/FitnessController_ApplicationLayer/BatteryService/BatteryService.o
 .bss.initialize_status
                0x0000000020000202        0x1 ./Core/Src/FitnessController_ApplicationLayer/Controller_Parts/button_hardware.o
 *fill*         0x0000000020000203        0x1 
 .bss.DeviceInfoServiceHandle
                0x0000000020000204        0x2 ./Core/Src/FitnessController_ApplicationLayer/DeviceInfoService/DeviceInfoService.o
 *fill*         0x0000000020000206        0x2 
 .bss.DeviceInfoCharHandleLookUpTable
                0x0000000020000208        0x8 ./Core/Src/FitnessController_ApplicationLayer/DeviceInfoService/DeviceInfoService.o
 .bss.FitnessController
                0x0000000020000210      0x1e8 ./Core/Src/FitnessController_ApplicationLayer/FitnessController.o
                0x0000000020000210                FitnessController
 .bss.discoverable
                0x00000000200003f8        0x1 ./Core/Src/FitnessController_ApplicationLayer/FitnessController.o
 .bss.HIDControlPoint
                0x00000000200003f9        0x1 ./Core/Src/FitnessController_ApplicationLayer/HIDService/HID.o
                0x00000000200003f9                HIDControlPoint
 *fill*         0x00000000200003fa        0x2 
 .bss.HIDReport
                0x00000000200003fc        0xc ./Core/Src/FitnessController_ApplicationLayer/HIDService/HID.o
                0x00000000200003fc                HIDReport
 .bss.HidServiceHandle
                0x0000000020000408        0x2 ./Core/Src/FitnessController_ApplicationLayer/HIDService/HIDService.o
 *fill*         0x000000002000040a        0x2 
 .bss.HIDCharHandleLookUpTable
                0x000000002000040c        0x8 ./Core/Src/FitnessController_ApplicationLayer/HIDService/HIDService.o
 .bss.HIDReportDescHandle
                0x0000000020000414        0x2 ./Core/Src/FitnessController_ApplicationLayer/HIDService/HIDService.o
 *fill*         0x0000000020000416        0x2 
 .bss.hadc1     0x0000000020000418       0x64 ./Core/Src/adc.o
                0x0000000020000418                hadc1
 .bss.hdma_adc1
                0x000000002000047c       0x48 ./Core/Src/adc.o
                0x000000002000047c                hdma_adc1
 .bss.adc_buffer
                0x00000000200004c4        0xc ./Core/Src/adc.o
                0x00000000200004c4                adc_buffer
 .bss.ADC_Init_Status
                0x00000000200004d0        0x1 ./Core/Src/adc.o
                0x00000000200004d0                ADC_Init_Status
 *fill*         0x00000000200004d1        0x3 
 .bss.__sbrk_heap_end
                0x00000000200004d4        0x4 ./Core/Src/sysmem.o
 .bss.huart1    0x00000000200004d8       0x84 ./Core/Src/usart.o
                0x00000000200004d8                huart1
 .bss.hspi3     0x000000002000055c       0x64 ./Drivers/BSP/B-L475E-IOT01A1/b_l475e_iot01a1_bus.o
                0x000000002000055c                hspi3
 .bss.SPI3InitCounter
                0x00000000200005c0        0x4 ./Drivers/BSP/B-L475E-IOT01A1/b_l475e_iot01a1_bus.o
 .bss.uwTick    0x00000000200005c4        0x4 ./Drivers/STM32L4xx_HAL_Driver/Src/stm32l4xx_hal.o
                0x00000000200005c4                uwTick
 .bss.hciReadPktPool
                0x00000000200005c8        0x8 ./Middlewares/ST/BlueNRG-MS/hci/hci_tl_patterns/Basic/hci_tl.o
                0x00000000200005c8                hciReadPktPool
 .bss.hciReadPktRxQueue