Archive member included to satisfy reference by file (symbol)

c:/st/stm32cubeide_1.4.0/stm32cubeide/plugins/com.st.stm32cube.ide.mcu.externaltools.gnu-tools-for-stm32.10.3-2021.10.win32_1.0.0.202111181127/tools/bin/../lib/gcc/arm-none-eabi/10.3.1/../../../../arm-none-eabi/lib/thumb/v7e-m+fp/hard\libc_nano.a(lib_a-errno.o)
                              ./Core/Src/syscalls.o (__errno)
c:/st/stm32cubeide_1.4.0/stm32cubeide/plugins/com.st.stm32cube.ide.mcu.externaltools.gnu-tools-for-stm32.10.3-2021.10.win32_1.0.0.202111181127/tools/bin/../lib/gcc/arm-none-eabi/10.3.1/../../../../arm-none-eabi/lib/thumb/v7e-m+fp/hard\libc_nano.a(lib_a-exit.o)
                              c:/st/stm32cubeide_1.4.0/stm32cubeide/plugins/com.st.stm32cube.ide.mcu.externaltools.gnu-tools-for-stm32.10.3-2021.10.win32_1.0.0.202111181127/tools/bin/../lib/gcc/arm-none-eabi/10.3.1/../../../../arm-none-eabi/lib/thumb/v7e-m+fp/hard/crt0.o (exit)
c:/st/stm32cubeide_1.4.0/stm32cubeide/plugins/com.st.stm32cube.ide.mcu.externaltools.gnu-tools-for-stm32.10.3-2021.10.win32_1.0.0.202111181127/tools/bin/../lib/gcc/arm-none-eabi/10.3.1/../../../../arm-none-eabi/lib/thumb/v7e-m+fp/hard\libc_nano.a(lib_a-impure.o)
                              c:/st/stm32cubeide_1.4.0/stm32cubeide/plugins/com.st.stm32cube.ide.mcu.externaltools.gnu-tools-for-stm32.10.3-2021.10.win32_1.0.0.202111181127/tools/bin/../lib/gcc/arm-none-eabi/10.3.1/../../../../arm-none-eabi/lib/thumb/v7e-m+fp/hard\libc_nano.a(lib_a-exit.o) (_global_impure_ptr)
c:/st/stm32cubeide_1.4.0/stm32cubeide/plugins/com.st.stm32cube.ide.mcu.externaltools.gnu-tools-for-stm32.10.3-2021.10.win32_1.0.0.202111181127/tools/bin/../lib/gcc/arm-none-eabi/10.3.1/../../../../arm-none-eabi/lib/thumb/v7e-m+fp/hard\libc_nano.a(lib_a-init.o)
                              c:/st/stm32cubeide_1.4.0/stm32cubeide/plugins/com.st.stm32cube.ide.mcu.externaltools.gnu-tools-for-stm32.10.3-2021.10.win32_1.0.0.202111181127/tools/bin/../lib/gcc/arm-none-eabi/10.3.1/../../../../arm-none-eabi/lib/thumb/v7e-m+fp/hard/crt0.o (__libc_init_array)
c:/st/stm32cubeide_1.4.0/stm32cubeide/plugins/com.st.stm32cube.ide.mcu.externaltools.gnu-tools-for-stm32.10.3-2021.10.win32_1.0.0.202111181127/tools/bin/../lib/gcc/arm-none-eabi/10.3.1/../../../../arm-none-eabi/lib/thumb/v7e-m+fp/hard\libc_nano.a(lib_a-memcpy-stub.o)
                              ./Middlewares/ST/BlueNRG-MS/hci/controller/bluenrg_gap_aci.o (memcpy)
c:/st/stm32cubeide_1.4.0/stm32cubeide/plugins/com.st.stm32cube.ide.mcu.externaltools.gnu-tools-for-stm32.10.3-2021.10.win32_1.0.0.202111181127/tools/bin/../lib/gcc/arm-none-eabi/10.3.1/../../../../arm-none-eabi/lib/thumb/v7e-m+fp/hard\libc_nano.a(lib_a-memset.o)
                              c:/st/stm32cubeide_1.4.0/stm32cubeide/plugins/com.st.stm32cube.ide.mcu.externaltools.gnu-tools-for-stm32.10.3-2021.10.win32_1.0.0.202111181127/tools/bin/../lib/gcc/arm-none-eabi/10.3.1/../../../../arm-none-eabi/lib/thumb/v7e-m+fp/hard/crt0.o (memset)
c:/st/stm32cubeide_1.4.0/stm32cubeide/plugins/com.st.stm32cube.ide.mcu.externaltools.gnu-tools-for-stm32.10.3-2021.10.win32_1.0.0.202111181127/tools/bin/../lib/gcc/arm-none-eabi/10.3.1/../../../../arm-none-eabi/lib/thumb/v7e-m+fp/hard\libc_nano.a(lib_a-printf.o)
                              ./Core/Src/FitnessController_ApplicationLayer/BatteryService/BatteryService.o (printf)
c:/st/stm32cubeide_1.4.0/stm32cubeide/plugins/com.st.stm32cube.ide.mcu.externaltools.gnu-tools-for-stm32.10.3-2021.10.win32_1.0.0.202111181127/tools/bin/../lib/gcc/arm-none-eabi/10.3.1/../../../../arm-none-eabi/lib/thumb/v7e-m+fp/hard\libc_nano.a(lib_a-puts.o)
                              ./Core/Src/main.o (puts)
c:/st/stm32cubeide_1.4.0/stm32cubeide/plugins/com.st.stm32cube.ide.mcu.externaltools.gnu-tools-for-stm32.10.3-2021.10.win32_1.0.0.202111181127/tools/bin/../lib/gcc/arm-none-eabi/10.3.1/../../../../arm-none-eabi/lib/thumb/v7e-m+fp/hard\libc_nano.a(lib_a-strlen.o)
                              ./Core/Src/FitnessController_ApplicationLayer/FitnessController.o (strlen)
c:/st/stm32cubeide_1.4.0/stm32cubeide/plugins/com.st.stm32cube.ide.mcu.externaltools.gnu-tools-for-stm32.10.3-2021.10.win32_1.0.0.202111181127/tools/bin/../lib/gcc/arm-none-eabi/10.3.1/../../../../arm-none-eabi/lib/thumb/v7e-m+fp/hard\libc_nano.a(lib_a-wbuf.o)
                              c:/st/stm32cubeide_1.4.0/stm32cubeide/plugins/com.st.stm32cube.ide.mcu.externaltools.gnu-tools-for-stm32.10.3-2021.10.win32_1.0.0.202111181127/tools/bin/../lib/gcc/arm-none-eabi/10.3.1/../../../../arm-none-eabi/lib/thumb/v7e-m+fp/hard\libc_nano.a(lib_a-puts.o) (__swbuf_r)
c:/st/stm32cubeide_1.4.0/stm32cubeide/plugins/com.st.stm32cube.ide.mcu.externaltools.gnu-tools-for-stm32.10.3-2021.10.win32_1.0.0.202111181127/tools/bin/../lib/gcc/arm-none-eabi/10.3.1/../../../../arm-none-eabi/lib/thumb/v7e-m+fp/hard\libc_nano.a(lib_a-wsetup.o)
[...]
Memory Configuration

Name             Origin             Length             Attributes
RAM              0x0000000020000000 0x0000000000018000 xrw
RAM2             0x0000000010000000 0x0000000000008000 xrw
FLASH            0x0000000008000000 0x0000000000100000 xr
*default*        0x0000000000000000 0xffffffffffffffff

Linker script and memory map

LOAD c:/st/stm32cubeide_1.4.0/stm32cubeide/plugins/com.st.stm32cube.ide.mcu.externaltools.gnu-tools-for-stm32.10.3-2021.10.win32_1.0.0.202111181127/tools/bin/../lib/gcc/arm-none-eabi/10.3.1/thumb/v7e-m+fp/hard/crti.o
LOAD c:/st/stm32cubeide_1.4.0/stm32cubeide/plugins/com.st.stm32cube.ide.mcu.externaltools.gnu-tools-for-stm32.10.3-2021.10.win32_1.0.0.202111181127/tools/bin/../lib/gcc/arm-none-eabi/10.3.1/thumb/v7e-m+fp/hard/crtbegin.o
LOAD c:/st/stm32cubeide_1.4.0/stm32cubeide/plugins/com.st.stm32cube.ide.mcu.externaltools.gnu-tools-for-stm32.10.3-2021.10.win32_1.0.0.202111181127/tools/bin/../lib/gcc/arm-none-eabi/10.3.1/../../../../arm-none-eabi/lib/thumb/v7e-m+fp/hard/crt0.o
LOAD ./BlueNRG-MS/Target/hci_tl_interface.o
LOAD ./Core/Src/FitnessController_ApplicationLayer/BatteryService/BatteryService.o
LOAD ./Core/Src/FitnessController_ApplicationLayer/Controller_Parts/analog_stick.o
LOAD ./Core/Src/FitnessController_ApplicationLayer/Controller_Parts/analog_stick_hardware.o
LOAD ./Core/Src/FitnessController_ApplicationLayer/Controller_Parts/button.o
LOAD ./Core/Src/FitnessController_ApplicationLayer/Controller_Parts/button_hardware.o
LOAD ./Core/Src/FitnessController_ApplicationLayer/Controller_Parts/trigger.o
LOAD ./Core/Src/FitnessController_ApplicationLayer/Controller_Parts/trigger_hardware.o
LOAD ./Core/Src/FitnessController_ApplicationLayer/DeviceInfoService/DeviceInfoService.o
LOAD ./Core/Src/FitnessController_ApplicationLayer/FitnessController.o
LOAD ./Core/Src/FitnessController_ApplicationLayer/HIDService/HID.o
LOAD ./Core/Src/FitnessController_ApplicationLayer/HIDService/HIDService.o
LOAD ./Core/Src/adc.o
LOAD ./Core/Src/dma.o
LOAD ./Core/Src/gpio.o
LOAD ./Core/Src/main.o
LOAD ./Core/Src/stm32l4xx_hal_msp.o
LOAD ./Core/Src/stm32l4xx_it.o
LOAD ./Core/Src/syscalls.o
LOAD ./Core/Src/sysmem.o
LOAD ./Core/Src/system_stm32l4xx.o
LOAD ./Core/Src/usart.o
LOAD ./Core/Startup/startup_stm32l475vgtx.o
LOAD ./Drivers/BSP/B-L475E-IOT01A1/b_l475e_iot01a1_bus.o
LOAD ./Drivers/STM32L4xx_HAL_Driver/Src/stm32l4xx_hal.o
LOAD ./Drivers/STM32L4xx_HAL_Driver/Src/stm32l4xx_hal_adc.o
LOAD ./Drivers/STM32L4xx_HAL_Driver/Src/stm32l4xx_hal_adc_ex.o
LOAD ./Drivers/STM32L4xx_HAL_Driver/Src/stm32l4xx_hal_cortex.o
LOAD ./Drivers/STM32L4xx_HAL_Driver/Src/stm32l4xx_hal_dma.o
LOAD ./Drivers/STM32L4xx_HAL_Driver/Src/stm32l4xx_hal_dma_ex.o
LOAD ./Drivers/STM32L4xx_HAL_Driver/Src/stm32l4xx_hal_exti.o
LOAD ./Drivers/STM32L4xx_HAL_Driver/Src/stm32l4xx_hal_flash.o
LOAD ./Drivers/STM32L4xx_HAL_Driver/Src/stm32l4xx_hal_flash_ex.o
LOAD ./Drivers/STM32L4xx_HAL_Driver/Src/stm32l4xx_hal_flash_ramfunc.o
LOAD ./Drivers/STM32L4xx_HAL_Driver/Src/stm32l4xx_hal_gpio.o
LOAD ./Drivers/STM32L4xx_HAL_Driver/Src/stm32l4xx_hal_i2c.o
LOAD ./Drivers/STM32L4xx_HAL_Driver/Src/stm32l4xx_hal_i2c_ex.o
LOAD ./Drivers/STM32L4xx_HAL_Driver/Src/stm32l4xx_hal_pwr.o
LOAD ./Drivers/STM32L4xx_HAL_Driver/Src/stm32l4xx_hal_pwr_ex.o
LOAD ./Drivers/STM32L4xx_HAL_Driver/Src/stm32l4xx_hal_rcc.o
LOAD ./Drivers/STM32L4xx_HAL_Driver/Src/stm32l4xx_hal_rcc_ex.o
LOAD ./Drivers/STM32L4xx_HAL_Driver/Src/stm32l4xx_hal_spi.o
LOAD ./Drivers/STM32L4xx_HAL_Driver/Src/stm32l4xx_hal_spi_ex.o
LOAD ./Drivers/STM32L4xx_HAL_Driver/Src/stm32l4xx_hal_tim.o
LOAD ./Drivers/STM32L4xx_HAL_Driver/Src/stm32l4xx_hal_tim_ex.o
LOAD ./Drivers/STM32L4xx_HAL_Driver/Src/stm32l4xx_hal_uart.o
LOAD ./Drivers/STM32L4xx_HAL_Driver/Src/stm32l4xx_hal_uart_ex.o
LOAD ./Middlewares/ST/BlueNRG-MS/hci/controller/bluenrg_gap_aci.o
LOAD ./Middlewares/ST/BlueNRG-MS/hci/controller/bluenrg_gatt_aci.o
LOAD ./Middlewares/ST/BlueNRG-MS/hci/controller/bluenrg_hal_aci.o
LOAD ./Middlewares/ST/BlueNRG-MS/hci/controller/bluenrg_l2cap_aci.o
LOAD ./Middlewares/ST/BlueNRG-MS/hci/controller/bluenrg_updater_aci.o
LOAD ./Middlewares/ST/BlueNRG-MS/hci/controller/bluenrg_utils_small.o
LOAD ./Middlewares/ST/BlueNRG-MS/hci/hci_le.o
LOAD ./Middlewares/ST/BlueNRG-MS/hci/hci_tl_patterns/Basic/hci_tl.o
LOAD ./Middlewares/ST/BlueNRG-MS/utils/ble_list.o
START GROUP
LOAD c:/st/stm32cubeide_1.4.0/stm32cubeide/plugins/com.st.stm32cube.ide.mcu.externaltools.gnu-tools-for-stm32.10.3-2021.10.win32_1.0.0.202111181127/tools/bin/../lib/gcc/arm-none-eabi/10.3.1/../../../../arm-none-eabi/lib/thumb/v7e-m+fp/hard\libc_nano.a
LOAD c:/st/stm32cubeide_1.4.0/stm32cubeide/plugins/com.st.stm32cube.ide.mcu.externaltools.gnu-tools-for-stm32.10.3-2021.10.win32_1.0.0.202111181127/tools/bin/../lib/gcc/arm-none-eabi/10.3.1/../../../../arm-none-eabi/lib/thumb/v7e-m+fp/hard\libm.a
END GROUP
START GROUP
LOAD c:/st/stm32cubeide_1.4.0/stm32cubeide/plugins/com.st.stm32cube.ide.mcu.externaltools.gnu-tools-for-stm32.10.3-2021.10.win32_1.0.0.202111181127/tools/bin/../lib/gcc/arm-none-eabi/10.3.1/thumb/v7e-m+fp/hard\libgcc.a
LOAD c:/st/stm32cubeide_1.4.0/stm32cubeide/plugins/com.st.stm32cube.ide.mcu.externaltools.gnu-tools-for-stm32.10.3-2021.10.win32_1.0.0.202111181127/tools/bin/../lib/gcc/arm-none-eabi/10.3.1/../../../../arm-none-eabi/lib/thumb/v7e-m+fp/hard\libc_nano.a
END GROUP
START GROUP
LOAD c:/st/stm32cubeide_1.4.0/stm32cubeide/plugins/com.st.stm32cube.ide.mcu.externaltools.gnu-tools-for-stm32.10.3-2021.10.win32_1.0.0.202111181127/tools/bin/../lib/gcc/arm-none-eabi/10.3.1/thumb/v7e-m+fp/hard\libgcc.a
LOAD c:/st/stm32cubeide_1.4.0/stm32cubeide/plugins/com.st.stm32cube.ide.mcu.externaltools.gnu-tools-for-stm32.10.3-2021.10.win32_1.0.0.202111181127/tools/bin/../lib/gcc/arm-none-eabi/10.3.1/../../../../arm-none-eabi/lib/thumb/v7e-m+fp/hard\libc_nano.a
LOAD c:/st/stm32cubeide_1.4.0/stm32cubeide/plugins/com.st.stm32cube.ide.mcu.externaltools.gnu-tools-for-stm32.10.3-2021.10.win32_1.0.0.202111181127/tools/bin/../lib/gcc/arm-none-eabi/10.3.1/../../../../arm-none-eabi/lib/thumb/v7e-m+fp/hard\libnosys.a
END GROUP
START GROUP
LOAD c:/st/stm32cubeide_1.4.0/stm32cubeide/plugins/com.st.stm32cube.ide.mcu.externaltools.gnu-tools-for-stm32.10.3-2021.10.win32_1.0.0.202111181127/tools/bin/../lib/gcc/arm-none-eabi/10.3.1/thumb/v7e-m+fp/hard\libgcc.a
LOAD c:/st/stm32cubeide_1.4.0/stm32cubeide/plugins/com.st.stm32cube.ide.mcu.externaltools.gnu-tools-for-stm32.10.3-2021.10.win32_1.0.0.202111181127/tools/bin/../lib/gcc/arm-none-eabi/10.3.1/../../../../arm-none-eabi/lib/thumb/v7e-m+fp/hard\libc_nano.a
LOAD c:/st/stm32cubeide_1.4.0/stm32cubeide/plugins/com.st.stm32cube.ide.mcu.externaltools.gnu-tools-for-stm32.10.3-2021.10.win32_1.0.0.202111181127/tools/bin/../lib/gcc/arm-none-eabi/10.3.1/../../../../arm-none-eabi/lib/thumb/v7e-m+fp/hard\libnosys.a
END GROUP
LOAD c:/st/stm32cubeide_1.4.0/stm32cubeide/plugins/com.st.stm32cube.ide.mcu.externaltools.gnu-tools-for-stm32.10.3-2021.10.win32_1.0.0.202111181127/tools/bin/../lib/gcc/arm-none-eabi/10.3.1/thumb/v7e-m+fp/hard/crtend.o
LOAD c:/st/stm32cubeide_1.4.0/stm32cubeide/plugins/com.st.stm32cube.ide.mcu.externaltools.gnu-tools-for-stm32.10.3-2021.10.win32_1.0.0.202111181127/tools/bin/../lib/gcc/arm-none-eabi/10.3.1/thumb/v7e-m+fp/hard/crtn.o
                0x0000000020018000                _estack = (ORIGIN (RAM) + LENGTH (RAM))
                0x0000000000000200                _Min_Heap_Size = 0x200
                0x0000000000000400                _Min_Stack_Size = 0x400

.isr_vector     0x0000000008000000      0x188
                0x0000000008000000                . = ALIGN (0x4)
 *(.isr_vector)
 .isr_vector    0x0000000008000000      0x188 ./Core/Startup/startup_stm32l475vgtx.o
                0x0000000008000000                g_pfnVectors
                0x0000000008000188                . = ALIGN (0x4)

.text           0x0000000008000190     0x9770
                0x0000000008000190                . = ALIGN (0x4)
 *(.text)
 .text          0x0000000008000190       0x40 c:/st/stm32cubeide_1.4.0/stm32cubeide/plugins/com.st.stm32cube.ide.mcu.externaltools.gnu-tools-for-stm32.10.3-2021.10.win32_1.0.0.202111181127/tools/bin/../lib/gcc/arm-none-eabi/10.3.1/thumb/v7e-m+fp/hard/crtbegin.o
 .text          0x00000000080001d0       0x10 c:/st/stm32cubeide_1.4.0/stm32cubeide/plugins/com.st.stm32cube.ide.mcu.externaltools.gnu-tools-for-stm32.10.3-2021.10.win32_1.0.0.202111181127/tools/bin/../lib/gcc/arm-none-eabi/10.3.1/../../../../arm-none-eabi/lib/thumb/v7e-m+fp/hard\libc_nano.a(lib_a-strlen.o)
                0x00000000080001d0                strlen
 .text          0x00000000080001e0       0xa0 c:/st/stm32cubeide_1.4.0/stm32cubeide/plugins/com.st.stm32cube.ide.mcu.externaltools.gnu-tools-for-stm32.10.3-2021.10.win32_1.0.0.202111181127/tools/bin/../lib/gcc/arm-none-eabi/10.3.1/../../../../arm-none-eabi/lib/thumb/v7e-m+fp/hard\libc_nano.a(lib_a-memchr.o)
                0x00000000080001e0                memchr
 .text          0x0000000008000280       0x30 c:/st/stm32cubeide_1.4.0/stm32cubeide/plugins/com.st.stm32cube.ide.mcu.externaltools.gnu-tools-for-stm32.10.3-2021.10.win32_1.0.0.202111181127/tools/bin/../lib/gcc/arm-none-eabi/10.3.1/thumb/v7e-m+fp/hard\libgcc.a(_aeabi_uldivmod.o)
                0x0000000008000280                __aeabi_uldivmod
 .text          0x00000000080002b0      0x2d0 c:/st/stm32cubeide_1.4.0/stm32cubeide/plugins/com.st.stm32cube.ide.mcu.externaltools.gnu-tools-for-stm32.10.3-2021.10.win32_1.0.0.202111181127/tools/bin/../lib/gcc/arm-none-eabi/10.3.1/thumb/v7e-m+fp/hard\libgcc.a(_udivmoddi4.o)
                0x00000000080002b0                __udivmoddi4
 .text          0x0000000008000580        0x4 c:/st/stm32cubeide_1.4.0/stm32cubeide/plugins/com.st.stm32cube.ide.mcu.externaltools.gnu-tools-for-stm32.10.3-2021.10.win32_1.0.0.202111181127/tools/bin/../lib/gcc/arm-none-eabi/10.3.1/thumb/v7e-m+fp/hard\libgcc.a(_dvmd_tls.o)
                0x0000000008000580                __aeabi_idiv0
                0x0000000008000580                __aeabi_ldiv0
 *(.text*)
 .text.HCI_TL_SPI_Init
                0x0000000008000584       0x94 ./BlueNRG-MS/Target/hci_tl_interface.o
                0x0000000008000584                HCI_TL_SPI_Init
 .text.HCI_TL_SPI_DeInit
                0x0000000008000618       0x30 ./BlueNRG-MS/Target/hci_tl_interface.o
                0x0000000008000618                HCI_TL_SPI_DeInit
 .text.HCI_TL_SPI_Reset
                0x0000000008000648       0x44 ./BlueNRG-MS/Target/hci_tl_interface.o
                0x0000000008000648                HCI_TL_SPI_Reset
 .text.HCI_TL_SPI_Receive
                0x000000000800068c       0xb8 ./BlueNRG-MS/Target/hci_tl_interface.o
                0x000000000800068c                HCI_TL_SPI_Receive
 .text.HCI_TL_SPI_Send
                0x0000000008000744       0xac ./BlueNRG-MS/Target/hci_tl_interface.o
                0x0000000008000744                HCI_TL_SPI_Send
 .text.IsDataAvailable
                0x00000000080007f0       0x20 ./BlueNRG-MS/Target/hci_tl_interface.o
 .text.hci_tl_lowlevel_init
                0x0000000008000810       0x74 ./BlueNRG-MS/Target/hci_tl_interface.o
                0x0000000008000810                hci_tl_lowlevel_init
 .text.hci_tl_lowlevel_isr
                0x0000000008000884       0x22 ./BlueNRG-MS/Target/hci_tl_interface.o
                0x0000000008000884                hci_tl_lowlevel_isr
 *fill*         0x00000000080008a6        0x2 
 .text.AddBatteryService
                0x00000000080008a8       0x68 ./Core/Src/FitnessController_ApplicationLayer/BatteryService/BatteryService.o
                0x00000000080008a8                AddBatteryService
 .text.AddBatteryCharacteristics
                0x0000000008000910       0xa0 ./Core/Src/FitnessController_ApplicationLayer/BatteryService/BatteryService.o
 .text.InitBatteryValue
                0x00000000080009b0       0x18 ./Core/Src/FitnessController_ApplicationLayer/BatteryService/BatteryService.o
 .text.UpdateBatteryValue
                0x00000000080009c8       0x4c ./Core/Src/FitnessController_ApplicationLayer/BatteryService/BatteryService.o
 .text.GetBatteryValue
                0x0000000008000a14       0x10 ./Core/Src/FitnessController_ApplicationLayer/BatteryService/BatteryService.o
 .text.AnalogStickInit
                0x0000000008000a24       0x42 ./Core/Src/FitnessController_ApplicationLayer/Controller_Parts/analog_stick.o
                0x0000000008000a24                AnalogStickInit
 .text.AnalogStickRead
                0x0000000008000a66       0x54 ./Core/Src/FitnessController_ApplicationLayer/Controller_Parts/analog_stick.o
                0x0000000008000a66                AnalogStickRead
 *fill*         0x0000000008000aba        0x2 
 .text.AnalogStickIOInit
                0x0000000008000abc       0x38 ./Core/Src/FitnessController_ApplicationLayer/Controller_Parts/analog_stick_hardware.o
 .text.AnalogStickIODeInit
                0x0000000008000af4       0x20 ./Core/Src/FitnessController_ApplicationLayer/Controller_Parts/analog_stick_hardware.o
 .text.AnalogStickIORead1
                0x0000000008000b14       0x88 ./Core/Src/FitnessController_ApplicationLayer/Controller_Parts/analog_stick_hardware.o
 .text.AnalogStickIORead2
                0x0000000008000b9c       0x88 ./Core/Src/FitnessController_ApplicationLayer/Controller_Parts/analog_stick_hardware.o
 .text.ButtonInit
                0x0000000008000c24       0x46 ./Core/Src/FitnessController_ApplicationLayer/Controller_Parts/button.o
                0x0000000008000c24                ButtonInit
 .text.ButtonRead
                0x0000000008000c6a       0x3a ./Core/Src/FitnessController_ApplicationLayer/Controller_Parts/button.o
                0x0000000008000c6a                ButtonRead
 .text.Button_IO_init
                0x0000000008000ca4       0x20 ./Core/Src/FitnessController_ApplicationLayer/Controller_Parts/button_hardware.o
 .text.Button_IO_deinit
                0x0000000008000cc4       0x20 ./Core/Src/FitnessController_ApplicationLayer/Controller_Parts/button_hardware.o
 .text.Button_IO_ReadPosLogic
                0x0000000008000ce4       0x40 ./Core/Src/FitnessController_ApplicationLayer/Controller_Parts/button_hardware.o
 .text.Button_IO_ReadNegLogic
                0x0000000008000d24       0x40 ./Core/Src/FitnessController_ApplicationLayer/Controller_Parts/button_hardware.o
 .text.TriggerInit
                0x0000000008000d64       0x3c ./Core/Src/FitnessController_ApplicationLayer/Controller_Parts/trigger.o
                0x0000000008000d64                TriggerInit
 .text.TriggerRead
                0x0000000008000da0       0x34 ./Core/Src/FitnessController_ApplicationLayer/Controller_Parts/trigger.o
                0x0000000008000da0                TriggerRead
 .text.TriggerIOInit
                0x0000000008000dd4       0x38 ./Core/Src/FitnessController_ApplicationLayer/Controller_Parts/trigger_hardware.o
 .text.TriggerIODeInit
                0x0000000008000e0c       0x20 ./Core/Src/FitnessController_ApplicationLayer/Controller_Parts/trigger_hardware.o
 .text.TriggerIORead1
                0x0000000008000e2c       0x48 ./Core/Src/FitnessController_ApplicationLayer/Controller_Parts/trigger_hardware.o
 .text.TriggerIORead2
                0x0000000008000e74       0x48 ./Core/Src/FitnessController_ApplicationLayer/Controller_Parts/trigger_hardware.o
 .text.AddDeviceInfoService
                0x0000000008000ebc       0x4c ./Core/Src/FitnessController_ApplicationLayer/DeviceInfoService/DeviceInfoService.o
                0x0000000008000ebc                AddDeviceInfoService
 .text.InitDeviceInfoCharacteristics
                0x0000000008000f08       0x8c ./Core/Src/FitnessController_ApplicationLayer/DeviceInfoService/DeviceInfoService.o
 .text.AddDeviceInfoCharacteristics
                0x0000000008000f94       0xc4 ./Core/Src/FitnessController_ApplicationLayer/DeviceInfoService/DeviceInfoService.o
 .text.FitnessControllerBLEInit
                0x0000000008001058      0x114 ./Core/Src/FitnessController_ApplicationLayer/FitnessController.o
                0x0000000008001058                FitnessControllerBLEInit
 .text.FitnessController_BLE_Process
                0x000000000800116c       0x3c ./Core/Src/FitnessController_ApplicationLayer/FitnessController.o
                0x000000000800116c                FitnessController_BLE_Process
 .text.FitnessControllerHardwareInit
                0x00000000080011a8       0x22 ./Core/Src/FitnessController_ApplicationLayer/FitnessController.o
                0x00000000080011a8                FitnessControllerHardwareInit
 *fill*         0x00000000080011ca        0x2 
 .text.FitnessControllerUpdateState
                0x00000000080011cc      0x180 ./Core/Src/FitnessController_ApplicationLayer/FitnessController.o
                0x00000000080011cc                FitnessControllerUpdateState
 .text.AddServices
                0x000000000800134c       0x5c ./Core/Src/FitnessController_ApplicationLayer/FitnessController.o
 .text.SetConnectable
                0x00000000080013a8       0x5c ./Core/Src/FitnessController_ApplicationLayer/FitnessController.o
 .text.ControllerEventNotify
                0x0000000008001404       0x14 ./Core/Src/FitnessController_ApplicationLayer/FitnessController.o
 .text.ControllerButtonInit
                0x0000000008001418       0xac ./Core/Src/FitnessController_ApplicationLayer/FitnessController.o
 .text.ControllerTriggerInit
                0x00000000080014c4       0x54 ./Core/Src/FitnessController_ApplicationLayer/FitnessController.o
 .text.ControllerStickInit
                0x0000000008001518       0x54 ./Core/Src/FitnessController_ApplicationLayer/FitnessController.o
 .text.AddHIDService
                0x000000000800156c       0x4c ./Core/Src/FitnessController_ApplicationLayer/HIDService/HIDService.o
                0x000000000800156c                AddHIDService
 .text.AddHIDCharacteristics
                0x00000000080015b8       0xd0 ./Core/Src/FitnessController_ApplicationLayer/HIDService/HIDService.o
 .text.InitHIDCharacteristicValues
                0x0000000008001688       0xa0 ./Core/Src/FitnessController_ApplicationLayer/HIDService/HIDService.o
 .text.SendHIDData
                0x0000000008001728       0x40 ./Core/Src/FitnessController_ApplicationLayer/HIDService/HIDService.o
                0x0000000008001728                SendHIDData
 .text.HAL_ADC_MspInit
                0x0000000008001768      0x130 ./Core/Src/adc.o
                0x0000000008001768                HAL_ADC_MspInit
 .text.ADC1_Init
                0x0000000008001898      0x190 ./Core/Src/adc.o
                0x0000000008001898                ADC1_Init
 .text.ADC_DMA_Init
                0x0000000008001a28       0x3c ./Core/Src/dma.o
                0x0000000008001a28                ADC_DMA_Init
 .text.BLE_GPIO_Init
                0x0000000008001a64      0x360 ./Core/Src/gpio.o
                0x0000000008001a64                BLE_GPIO_Init
 .text.Button_GPIO_Init
                0x0000000008001dc4      0x124 ./Core/Src/gpio.o
                0x0000000008001dc4                Button_GPIO_Init
 .text.ADC_GPIO_Init
                0x0000000008001ee8       0x30 ./Core/Src/gpio.o
                0x0000000008001ee8                ADC_GPIO_Init
 .text.main     0x0000000008001f18       0x34 ./Core/Src/main.o
                0x0000000008001f18                main
 .text.SystemClock_Config
                0x0000000008001f4c       0xc4 ./Core/Src/main.o
                0x0000000008001f4c                SystemClock_Config
 .text.Error_Handler
                0x0000000008002010        0xa ./Core/Src/main.o
                0x0000000008002010                Error_Handler
 *fill*         0x000000000800201a        0x2 
 .text.HAL_MspInit
                0x000000000800201c       0x48 ./Core/Src/stm32l4xx_hal_msp.o
                0x000000000800201c                HAL_MspInit
 .text.NMI_Handler
                0x0000000008002064        0x6 ./Core/Src/stm32l4xx_it.o
                0x0000000008002064                NMI_Handler
 .text.HardFault_Handler
                0x000000000800206a        0x6 ./Core/Src/stm32l4xx_it.o
                0x000000000800206a                HardFault_Handler
 .text.MemManage_Handler
                0x0000000008002070        0x6 ./Core/Src/stm32l4xx_it.o
                0x0000000008002070                MemManage_Handler
 .text.BusFault_Handler
                0x0000000008002076        0x6 ./Core/Src/stm32l4xx_it.o
                0x0000000008002076                BusFault_Handler
 .text.UsageFault_Handler
                0x000000000800207c        0x6 ./Core/Src/stm32l4xx_it.o
                0x000000000800207c                UsageFault_Handler
 .text.SVC_Handler
                0x0000000008002082        0xe ./Core/Src/stm32l4xx_it.o
                0x0000000008002082                SVC_Handler
 .text.DebugMon_Handler
                0x0000000008002090        0xe ./Core/Src/stm32l4xx_it.o
                0x0000000008002090                DebugMon_Handler
 .text.PendSV_Handler
                0x000000000800209e        0xe ./Core/Src/stm32l4xx_it.o
                0x000000000800209e                PendSV_Handler
 .text.SysTick_Handler
                0x00000000080020ac        0xc ./Core/Src/stm32l4xx_it.o
                0x00000000080020ac                SysTick_Handler
 .text.DMA1_Channel1_IRQHandler
                0x00000000080020b8       0x14 ./Core/Src/stm32l4xx_it.o
                0x00000000080020b8                DMA1_Channel1_IRQHandler
 .text.EXTI9_5_IRQHandler
                0x00000000080020cc       0x28 ./Core/Src/stm32l4xx_it.o
                0x00000000080020cc                EXTI9_5_IRQHandler
 .text.EXTI15_10_IRQHandler
                0x00000000080020f4       0x28 ./Core/Src/stm32l4xx_it.o
                0x00000000080020f4                EXTI15_10_IRQHandler
 .text._read    0x000000000800211c       0x3a ./Core/Src/syscalls.o
                0x000000000800211c                _read
 .text._write   0x0000000008002156       0x38 ./Core/Src/syscalls.o
                0x0000000008002156                _write
 .text._close   0x000000000800218e       0x18 ./Core/Src/syscalls.o
                0x000000000800218e                _close
 .text._fstat   0x00000000080021a6       0x20 ./Core/Src/syscalls.o
                0x00000000080021a6                _fstat
 .text._isatty  0x00000000080021c6       0x16 ./Core/Src/syscalls.o
                0x00000000080021c6                _isatty
 .text._lseek   0x00000000080021dc       0x1a ./Core/Src/syscalls.o
                0x00000000080021dc                _lseek
 *fill*         0x00000000080021f6        0x2 
 .text._sbrk    0x00000000080021f8       0x6c ./Core/Src/sysmem.o
                0x00000000080021f8                _sbrk
 .text.SystemInit
                0x0000000008002264       0x24 ./Core/Src/system_stm32l4xx.o
                0x0000000008002264                SystemInit
 .text.MX_USART1_UART_Init
                0x0000000008002288       0x60 ./Core/Src/usart.o
                0x0000000008002288                MX_USART1_UART_Init
 .text.HAL_UART_MspInit
                0x00000000080022e8       0xbc ./Core/Src/usart.o
                0x00000000080022e8                HAL_UART_MspInit
 .text.__io_putchar
                0x00000000080023a4       0x24 ./Core/Src/usart.o
                0x00000000080023a4                __io_putchar
 .text.Reset_Handler
                0x00000000080023c8       0x50 ./Core/Startup/startup_stm32l475vgtx.o
                0x00000000080023c8                Reset_Handler
 .text.Default_Handler
                0x0000000008002418        0x2 ./Core/Startup/startup_stm32l475vgtx.o
                0x0000000008002418                RTC_Alarm_IRQHandler
                0x0000000008002418                EXTI2_IRQHandler
                0x0000000008002418                TIM8_TRG_COM_IRQHandler
                0x0000000008002418                TIM8_CC_IRQHandler
                0x0000000008002418                TIM1_CC_IRQHandler
                0x0000000008002418                TSC_IRQHandler
                0x0000000008002418                TAMP_STAMP_IRQHandler
                0x0000000008002418                EXTI3_IRQHandler
                0x0000000008002418                LPTIM2_IRQHandler
                0x0000000008002418                DFSDM1_FLT1_IRQHandler
                0x0000000008002418                I2C3_ER_IRQHandler
                0x0000000008002418                DFSDM1_FLT2_IRQHandler
                0x0000000008002418                EXTI0_IRQHandler
                0x0000000008002418                I2C2_EV_IRQHandler
                0x0000000008002418                CAN1_RX0_IRQHandler
                0x0000000008002418                FPU_IRQHandler
                0x0000000008002418                TIM1_UP_TIM16_IRQHandler
                0x0000000008002418                ADC1_2_IRQHandler
                0x0000000008002418                SPI1_IRQHandler
                0x0000000008002418                TIM6_DAC_IRQHandler
                0x0000000008002418                TIM8_UP_IRQHandler
                0x0000000008002418                DMA2_Channel2_IRQHandler
                0x0000000008002418                DMA1_Channel4_IRQHandler
                0x0000000008002418                SAI2_IRQHandler
                0x0000000008002418                DFSDM1_FLT3_IRQHandler
                0x0000000008002418                USART3_IRQHandler
                0x0000000008002418                DMA1_Channel7_IRQHandler
                0x0000000008002418                CAN1_RX1_IRQHandler
                0x0000000008002418                UART5_IRQHandler
                0x0000000008002418                ADC3_IRQHandler
                0x0000000008002418                TIM4_IRQHandler
                0x0000000008002418                DMA2_Channel1_IRQHandler
                0x0000000008002418                QUADSPI_IRQHandler
                0x0000000008002418                I2C1_EV_IRQHandler
                0x0000000008002418                DMA1_Channel6_IRQHandler
                0x0000000008002418                UART4_IRQHandler
                0x0000000008002418                DMA2_Channel4_IRQHandler
                0x0000000008002418                TIM3_IRQHandler
                0x0000000008002418                RCC_IRQHandler
                0x0000000008002418                Default_Handler
                0x0000000008002418                DMA2_Channel7_IRQHandler
                0x0000000008002418                TIM7_IRQHandler
                0x0000000008002418                SDMMC1_IRQHandler
                0x0000000008002418                TIM5_IRQHandler
                0x0000000008002418                I2C3_EV_IRQHandler
                0x0000000008002418                RTC_WKUP_IRQHandler
                0x0000000008002418                PVD_PVM_IRQHandler
                0x0000000008002418                SPI2_IRQHandler
                0x0000000008002418                CAN1_TX_IRQHandler
                0x0000000008002418                DMA2_Channel5_IRQHandler
                0x0000000008002418                DMA1_Channel5_IRQHandler
                0x0000000008002418                EXTI4_IRQHandler
                0x0000000008002418                RNG_IRQHandler
                0x0000000008002418                TIM1_TRG_COM_TIM17_IRQHandler
                0x0000000008002418                DMA1_Channel3_IRQHandler
                0x0000000008002418                COMP_IRQHandler
                0x0000000008002418                WWDG_IRQHandler
                0x0000000008002418                LPUART1_IRQHandler
                0x0000000008002418                DMA2_Channel6_IRQHandler
                0x0000000008002418                TIM2_IRQHandler
                0x0000000008002418                EXTI1_IRQHandler
                0x0000000008002418                USART2_IRQHandler
                0x0000000008002418                DFSDM1_FLT0_IRQHandler
                0x0000000008002418                I2C2_ER_IRQHandler
                0x0000000008002418                DMA1_Channel2_IRQHandler
                0x0000000008002418                TIM8_BRK_IRQHandler
                0x0000000008002418                CAN1_SCE_IRQHandler
                0x0000000008002418                FLASH_IRQHandler
                0x0000000008002418                USART1_IRQHandler
                0x0000000008002418                OTG_FS_IRQHandler
                0x0000000008002418                SPI3_IRQHandler
                0x0000000008002418                I2C1_ER_IRQHandler
                0x0000000008002418                FMC_IRQHandler
                0x0000000008002418                SWPMI1_IRQHandler
                0x0000000008002418                LPTIM1_IRQHandler
                0x0000000008002418                SAI1_IRQHandler
                0x0000000008002418                DMA2_Channel3_IRQHandler
                0x0000000008002418                TIM1_BRK_TIM15_IRQHandler
 *fill*         0x000000000800241a        0x2 
 .text.BSP_SPI3_Init
                0x000000000800241c       0x60 ./Drivers/BSP/B-L475E-IOT01A1/b_l475e_iot01a1_bus.o
                0x000000000800241c                BSP_SPI3_Init
 .text.BSP_SPI3_SendRecv
                0x000000000800247c       0x40 ./Drivers/BSP/B-L475E-IOT01A1/b_l475e_iot01a1_bus.o
                0x000000000800247c                BSP_SPI3_SendRecv
 .text.BSP_GetTick
                0x00000000080024bc        0xe ./Drivers/BSP/B-L475E-IOT01A1/b_l475e_iot01a1_bus.o
                0x00000000080024bc                BSP_GetTick
 *fill*         0x00000000080024ca        0x2 
 .text.MX_SPI3_Init
                0x00000000080024cc       0x84 ./Drivers/BSP/B-L475E-IOT01A1/b_l475e_iot01a1_bus.o
                0x00000000080024cc                MX_SPI3_Init
 .text.SPI3_MspInit
                0x0000000008002550       0xb0 ./Drivers/BSP/B-L475E-IOT01A1/b_l475e_iot01a1_bus.o
 .text.HAL_Init
                0x0000000008002600       0x30 ./Drivers/STM32L4xx_HAL_Driver/Src/stm32l4xx_hal.o
                0x0000000008002600                HAL_Init
 .text.HAL_InitTick
                0x0000000008002630       0x78 ./Drivers/STM32L4xx_HAL_Driver/Src/stm32l4xx_hal.o
                0x0000000008002630                HAL_InitTick
 .text.HAL_IncTick
                0x00000000080026a8       0x28 ./Drivers/STM32L4xx_HAL_Driver/Src/stm32l4xx_hal.o
                0x00000000080026a8                HAL_IncTick
 .text.HAL_GetTick
                0x00000000080026d0       0x18 ./Drivers/STM32L4xx_HAL_Driver/Src/stm32l4xx_hal.o
                0x00000000080026d0                HAL_GetTick
 .text.HAL_Delay
                0x00000000080026e8       0x48 ./Drivers/STM32L4xx_HAL_Driver/Src/stm32l4xx_hal.o
                0x00000000080026e8                HAL_Delay
 .text.LL_ADC_SetCommonClock
                0x0000000008002730       0x26 ./Drivers/STM32L4xx_HAL_Driver/Src/stm32l4xx_hal_adc.o
 .text.LL_ADC_SetCommonPathInternalCh
                0x0000000008002756       0x26 ./Drivers/STM32L4xx_HAL_Driver/Src/stm32l4xx_hal_adc.o
 .text.LL_ADC_GetCommonPathInternalCh
                0x000000000800277c       0x1c ./Drivers/STM32L4xx_HAL_Driver/Src/stm32l4xx_hal_adc.o
 .text.LL_ADC_SetOffset
                0x0000000008002798       0x48 ./Drivers/STM32L4xx_HAL_Driver/Src/stm32l4xx_hal_adc.o
 .text.LL_ADC_GetOffsetChannel
                0x00000000080027e0       0x2c ./Drivers/STM32L4xx_HAL_Driver/Src/stm32l4xx_hal_adc.o
 .text.LL_ADC_SetOffsetState
                0x000000000800280c       0x36 ./Drivers/STM32L4xx_HAL_Driver/Src/stm32l4xx_hal_adc.o
 .text.LL_ADC_REG_IsTriggerSourceSWStart
                0x0000000008002842       0x26 ./Drivers/STM32L4xx_HAL_Driver/Src/stm32l4xx_hal_adc.o
 .text.LL_ADC_REG_SetSequencerRanks
                0x0000000008002868       0x58 ./Drivers/STM32L4xx_HAL_Driver/Src/stm32l4xx_hal_adc.o
 .text.LL_ADC_SetChannelSamplingTime
                0x00000000080028c0       0x56 ./Drivers/STM32L4xx_HAL_Driver/Src/stm32l4xx_hal_adc.o
 *fill*         0x0000000008002916        0x2 
 .text.LL_ADC_SetChannelSingleDiff
                0x0000000008002918       0x48 ./Drivers/STM32L4xx_HAL_Driver/Src/stm32l4xx_hal_adc.o
 .text.LL_ADC_GetMultimode
                0x0000000008002960       0x1c ./Drivers/STM32L4xx_HAL_Driver/Src/stm32l4xx_hal_adc.o
 .text.LL_ADC_DisableDeepPowerDown
                0x000000000800297c       0x24 ./Drivers/STM32L4xx_HAL_Driver/Src/stm32l4xx_hal_adc.o
 .text.LL_ADC_IsDeepPowerDownEnabled
                0x00000000080029a0       0x28 ./Drivers/STM32L4xx_HAL_Driver/Src/stm32l4xx_hal_adc.o
 .text.LL_ADC_EnableInternalRegulator
                0x00000000080029c8       0x28 ./Drivers/STM32L4xx_HAL_Driver/Src/stm32l4xx_hal_adc.o
 .text.LL_ADC_IsInternalRegulatorEnabled
                0x00000000080029f0       0x28 ./Drivers/STM32L4xx_HAL_Driver/Src/stm32l4xx_hal_adc.o
 .text.LL_ADC_Enable
                0x0000000008002a18       0x28 ./Drivers/STM32L4xx_HAL_Driver/Src/stm32l4xx_hal_adc.o
 .text.LL_ADC_Disable
                0x0000000008002a40       0x28 ./Drivers/STM32L4xx_HAL_Driver/Src/stm32l4xx_hal_adc.o
 .text.LL_ADC_IsEnabled
                0x0000000008002a68       0x26 ./Drivers/STM32L4xx_HAL_Driver/Src/stm32l4xx_hal_adc.o
 .text.LL_ADC_IsDisableOngoing
                0x0000000008002a8e       0x26 ./Drivers/STM32L4xx_HAL_Driver/Src/stm32l4xx_hal_adc.o
 .text.LL_ADC_REG_StartConversion
                0x0000000008002ab4       0x28 ./Drivers/STM32L4xx_HAL_Driver/Src/stm32l4xx_hal_adc.o
 .text.LL_ADC_REG_StopConversion
                0x0000000008002adc       0x28 ./Drivers/STM32L4xx_HAL_Driver/Src/stm32l4xx_hal_adc.o
 .text.LL_ADC_REG_IsConversionOngoing
                0x0000000008002b04       0x26 ./Drivers/STM32L4xx_HAL_Driver/Src/stm32l4xx_hal_adc.o
 .text.LL_ADC_INJ_StopConversion
                0x0000000008002b2a       0x28 ./Drivers/STM32L4xx_HAL_Driver/Src/stm32l4xx_hal_adc.o
 .text.LL_ADC_INJ_IsConversionOngoing
                0x0000000008002b52       0x26 ./Drivers/STM32L4xx_HAL_Driver/Src/stm32l4xx_hal_adc.o
 .text.HAL_ADC_Init
                0x0000000008002b78      0x2ac ./Drivers/STM32L4xx_HAL_Driver/Src/stm32l4xx_hal_adc.o
                0x0000000008002b78                HAL_ADC_Init
 .text.HAL_ADC_Start_DMA
                0x0000000008002e24      0x178 ./Drivers/STM32L4xx_HAL_Driver/Src/stm32l4xx_hal_adc.o
                0x0000000008002e24                HAL_ADC_Start_DMA
 .text.HAL_ADC_Stop_DMA
                0x0000000008002f9c       0xc2 ./Drivers/STM32L4xx_HAL_Driver/Src/stm32l4xx_hal_adc.o
                0x0000000008002f9c                HAL_ADC_Stop_DMA
 .text.HAL_ADC_ConvCpltCallback
                0x000000000800305e       0x14 ./Drivers/STM32L4xx_HAL_Driver/Src/stm32l4xx_hal_adc.o
                0x000000000800305e                HAL_ADC_ConvCpltCallback
 .text.HAL_ADC_ConvHalfCpltCallback
                0x0000000008003072       0x14 ./Drivers/STM32L4xx_HAL_Driver/Src/stm32l4xx_hal_adc.o
                0x0000000008003072                HAL_ADC_ConvHalfCpltCallback
 .text.HAL_ADC_ErrorCallback
                0x0000000008003086       0x14 ./Drivers/STM32L4xx_HAL_Driver/Src/stm32l4xx_hal_adc.o
                0x0000000008003086                HAL_ADC_ErrorCallback
 *fill*         0x000000000800309a        0x2 
 .text.HAL_ADC_ConfigChannel
                0x000000000800309c      0x7e0 ./Drivers/STM32L4xx_HAL_Driver/Src/stm32l4xx_hal_adc.o
                0x000000000800309c                HAL_ADC_ConfigChannel
 .text.ADC_ConversionStop
                0x000000000800387c      0x178 ./Drivers/STM32L4xx_HAL_Driver/Src/stm32l4xx_hal_adc.o
                0x000000000800387c                ADC_ConversionStop
 .text.ADC_Enable
                0x00000000080039f4      0x10c ./Drivers/STM32L4xx_HAL_Driver/Src/stm32l4xx_hal_adc.o
                0x00000000080039f4                ADC_Enable
 .text.ADC_Disable
                0x0000000008003b00       0xbe ./Drivers/STM32L4xx_HAL_Driver/Src/stm32l4xx_hal_adc.o
                0x0000000008003b00                ADC_Disable
 .text.ADC_DMAConvCplt
                0x0000000008003bbe       0xd8 ./Drivers/STM32L4xx_HAL_Driver/Src/stm32l4xx_hal_adc.o
                0x0000000008003bbe                ADC_DMAConvCplt
 .text.ADC_DMAHalfConvCplt
                0x0000000008003c96       0x1c ./Drivers/STM32L4xx_HAL_Driver/Src/stm32l4xx_hal_adc.o
                0x0000000008003c96                ADC_DMAHalfConvCplt
 .text.ADC_DMAError
                0x0000000008003cb2       0x34 ./Drivers/STM32L4xx_HAL_Driver/Src/stm32l4xx_hal_adc.o
                0x0000000008003cb2                ADC_DMAError
 .text.LL_ADC_IsEnabled
                0x0000000008003ce6       0x26 ./Drivers/STM32L4xx_HAL_Driver/Src/stm32l4xx_hal_adc_ex.o
 .text.LL_ADC_REG_IsConversionOngoing
                0x0000000008003d0c       0x26 ./Drivers/STM32L4xx_HAL_Driver/Src/stm32l4xx_hal_adc_ex.o
 *fill*         0x0000000008003d32        0x2 
 .text.HAL_ADCEx_MultiModeConfigChannel
                0x0000000008003d34      0x160 ./Drivers/STM32L4xx_HAL_Driver/Src/stm32l4xx_hal_adc_ex.o
                0x0000000008003d34                HAL_ADCEx_MultiModeConfigChannel
 .text.__NVIC_SetPriorityGrouping
                0x0000000008003e94       0x48 ./Drivers/STM32L4xx_HAL_Driver/Src/stm32l4xx_hal_cortex.o
 .text.__NVIC_GetPriorityGrouping
                0x0000000008003edc       0x1c ./Drivers/STM32L4xx_HAL_Driver/Src/stm32l4xx_hal_cortex.o
 .text.__NVIC_EnableIRQ
                0x0000000008003ef8       0x3c ./Drivers/STM32L4xx_HAL_Driver/Src/stm32l4xx_hal_cortex.o
 .text.__NVIC_DisableIRQ
                0x0000000008003f34       0x48 ./Drivers/STM32L4xx_HAL_Driver/Src/stm32l4xx_hal_cortex.o
 .text.__NVIC_ClearPendingIRQ
                0x0000000008003f7c       0x3c ./Drivers/STM32L4xx_HAL_Driver/Src/stm32l4xx_hal_cortex.o
 .text.__NVIC_SetPriority
                0x0000000008003fb8       0x54 ./Drivers/STM32L4xx_HAL_Driver/Src/stm32l4xx_hal_cortex.o
 .text.NVIC_EncodePriority
                0x000000000800400c       0x66 ./Drivers/STM32L4xx_HAL_Driver/Src/stm32l4xx_hal_cortex.o
 *fill*         0x0000000008004072        0x2 
 .text.SysTick_Config
                0x0000000008004074       0x44 ./Drivers/STM32L4xx_HAL_Driver/Src/stm32l4xx_hal_cortex.o
 .text.HAL_NVIC_SetPriorityGrouping
                0x00000000080040b8       0x16 ./Drivers/STM32L4xx_HAL_Driver/Src/stm32l4xx_hal_cortex.o
                0x00000000080040b8                HAL_NVIC_SetPriorityGrouping
 .text.HAL_NVIC_SetPriority
                0x00000000080040ce       0x38 ./Drivers/STM32L4xx_HAL_Driver/Src/stm32l4xx_hal_cortex.o
                0x00000000080040ce                HAL_NVIC_SetPriority
 .text.HAL_NVIC_EnableIRQ
                0x0000000008004106       0x1c ./Drivers/STM32L4xx_HAL_Driver/Src/stm32l4xx_hal_cortex.o
                0x0000000008004106                HAL_NVIC_EnableIRQ
 .text.HAL_NVIC_DisableIRQ
                0x0000000008004122       0x1c ./Drivers/STM32L4xx_HAL_Driver/Src/stm32l4xx_hal_cortex.o
                0x0000000008004122                HAL_NVIC_DisableIRQ
 .text.HAL_SYSTICK_Config
                0x000000000800413e       0x18 ./Drivers/STM32L4xx_HAL_Driver/Src/stm32l4xx_hal_cortex.o
                0x000000000800413e                HAL_SYSTICK_Config
 .text.HAL_NVIC_ClearPendingIRQ
                0x0000000008004156       0x1c ./Drivers/STM32L4xx_HAL_Driver/Src/stm32l4xx_hal_cortex.o
                0x0000000008004156                HAL_NVIC_ClearPendingIRQ
 *fill*         0x0000000008004172        0x2 
 .text.HAL_DMA_Init
                0x0000000008004174      0x170 ./Drivers/STM32L4xx_HAL_Driver/Src/stm32l4xx_hal_dma.o
                0x0000000008004174                HAL_DMA_Init
 .text.HAL_DMA_Start_IT
                0x00000000080042e4       0xc0 ./Drivers/STM32L4xx_HAL_Driver/Src/stm32l4xx_hal_dma.o
                0x00000000080042e4                HAL_DMA_Start_IT
 .text.HAL_DMA_Abort
                0x00000000080043a4       0x7c ./Drivers/STM32L4xx_HAL_Driver/Src/stm32l4xx_hal_dma.o
                0x00000000080043a4                HAL_DMA_Abort
 .text.HAL_DMA_IRQHandler
                0x0000000008004420      0x15e ./Drivers/STM32L4xx_HAL_Driver/Src/stm32l4xx_hal_dma.o
                0x0000000008004420                HAL_DMA_IRQHandler
 .text.DMA_SetConfig
                0x000000000800457e       0x60 ./Drivers/STM32L4xx_HAL_Driver/Src/stm32l4xx_hal_dma.o
 .text.HAL_EXTI_RegisterCallback
                0x00000000080045de       0x34 ./Drivers/STM32L4xx_HAL_Driver/Src/stm32l4xx_hal_exti.o
                0x00000000080045de                HAL_EXTI_RegisterCallback
 .text.HAL_EXTI_GetHandle
                0x0000000008004612       0x28 ./Drivers/STM32L4xx_HAL_Driver/Src/stm32l4xx_hal_exti.o
                0x0000000008004612                HAL_EXTI_GetHandle
 *fill*         0x000000000800463a        0x2 
 .text.HAL_EXTI_IRQHandler
                0x000000000800463c       0x60 ./Drivers/STM32L4xx_HAL_Driver/Src/stm32l4xx_hal_exti.o
                0x000000000800463c                HAL_EXTI_IRQHandler
 .text.HAL_GPIO_Init
                0x000000000800469c      0x354 ./Drivers/STM32L4xx_HAL_Driver/Src/stm32l4xx_hal_gpio.o
                0x000000000800469c                HAL_GPIO_Init
 .text.HAL_GPIO_DeInit
                0x00000000080049f0      0x1e8 ./Drivers/STM32L4xx_HAL_Driver/Src/stm32l4xx_hal_gpio.o
                0x00000000080049f0                HAL_GPIO_DeInit
 .text.HAL_GPIO_ReadPin
                0x0000000008004bd8       0x30 ./Drivers/STM32L4xx_HAL_Driver/Src/stm32l4xx_hal_gpio.o
                0x0000000008004bd8                HAL_GPIO_ReadPin
 .text.HAL_GPIO_WritePin
                0x0000000008004c08       0x30 ./Drivers/STM32L4xx_HAL_Driver/Src/stm32l4xx_hal_gpio.o
                0x0000000008004c08                HAL_GPIO_WritePin
 .text.HAL_GPIO_EXTI_IRQHandler
                0x0000000008004c38       0x30 ./Drivers/STM32L4xx_HAL_Driver/Src/stm32l4xx_hal_gpio.o
                0x0000000008004c38                HAL_GPIO_EXTI_IRQHandler
 .text.HAL_GPIO_EXTI_Callback
                0x0000000008004c68       0x16 ./Drivers/STM32L4xx_HAL_Driver/Src/stm32l4xx_hal_gpio.o
                0x0000000008004c68                HAL_GPIO_EXTI_Callback
 *fill*         0x0000000008004c7e        0x2 
 .text.HAL_PWR_EnableBkUpAccess
                0x0000000008004c80       0x20 ./Drivers/STM32L4xx_HAL_Driver/Src/stm32l4xx_hal_pwr.o
                0x0000000008004c80                HAL_PWR_EnableBkUpAccess
 .text.HAL_PWREx_GetVoltageRange
                0x0000000008004ca0       0x1c ./Drivers/STM32L4xx_HAL_Driver/Src/stm32l4xx_hal_pwr_ex.o
                0x0000000008004ca0                HAL_PWREx_GetVoltageRange
 .text.HAL_PWREx_ControlVoltageScaling
                0x0000000008004cbc       0xac ./Drivers/STM32L4xx_HAL_Driver/Src/stm32l4xx_hal_pwr_ex.o
                0x0000000008004cbc                HAL_PWREx_ControlVoltageScaling
 .text.HAL_RCC_OscConfig
                0x0000000008004d68      0x7b8 ./Drivers/STM32L4xx_HAL_Driver/Src/stm32l4xx_hal_rcc.o
                0x0000000008004d68                HAL_RCC_OscConfig
 .text.HAL_RCC_ClockConfig
                0x0000000008005520      0x200 ./Drivers/STM32L4xx_HAL_Driver/Src/stm32l4xx_hal_rcc.o
                0x0000000008005520                HAL_RCC_ClockConfig
 .text.HAL_RCC_GetSysClockFreq
                0x0000000008005720      0x118 ./Drivers/STM32L4xx_HAL_Driver/Src/stm32l4xx_hal_rcc.o
                0x0000000008005720                HAL_RCC_GetSysClockFreq
 .text.HAL_RCC_GetHCLKFreq
                0x0000000008005838       0x18 ./Drivers/STM32L4xx_HAL_Driver/Src/stm32l4xx_hal_rcc.o
                0x0000000008005838                HAL_RCC_GetHCLKFreq
 .text.HAL_RCC_GetPCLK1Freq
                0x0000000008005850       0x2c ./Drivers/STM32L4xx_HAL_Driver/Src/stm32l4xx_hal_rcc.o
                0x0000000008005850                HAL_RCC_GetPCLK1Freq
 .text.HAL_RCC_GetPCLK2Freq
                0x000000000800587c       0x2c ./Drivers/STM32L4xx_HAL_Driver/Src/stm32l4xx_hal_rcc.o
                0x000000000800587c                HAL_RCC_GetPCLK2Freq
 .text.RCC_SetFlashLatencyFromMSIRange
                0x00000000080058a8       0xc0 ./Drivers/STM32L4xx_HAL_Driver/Src/stm32l4xx_hal_rcc.o
 .text.HAL_RCCEx_PeriphCLKConfig
                0x0000000008005968      0x5d4 ./Drivers/STM32L4xx_HAL_Driver/Src/stm32l4xx_hal_rcc_ex.o
                0x0000000008005968                HAL_RCCEx_PeriphCLKConfig
 .text.HAL_RCCEx_EnableMSIPLLMode
                0x0000000008005f3c       0x20 ./Drivers/STM32L4xx_HAL_Driver/Src/stm32l4xx_hal_rcc_ex.o
                0x0000000008005f3c                HAL_RCCEx_EnableMSIPLLMode
 .text.RCCEx_PLLSAI1_Config
                0x0000000008005f5c      0x1e8 ./Drivers/STM32L4xx_HAL_Driver/Src/stm32l4xx_hal_rcc_ex.o
 .text.RCCEx_PLLSAI2_Config
                0x0000000008006144      0x1bc ./Drivers/STM32L4xx_HAL_Driver/Src/stm32l4xx_hal_rcc_ex.o
 .text.HAL_SPI_Init
                0x0000000008006300      0x146 ./Drivers/STM32L4xx_HAL_Driver/Src/stm32l4xx_hal_spi.o
                0x0000000008006300                HAL_SPI_Init
 .text.HAL_SPI_MspInit
                0x0000000008006446       0x14 ./Drivers/STM32L4xx_HAL_Driver/Src/stm32l4xx_hal_spi.o
                0x0000000008006446                HAL_SPI_MspInit
 .text.HAL_SPI_TransmitReceive
                0x000000000800645a      0x426 ./Drivers/STM32L4xx_HAL_Driver/Src/stm32l4xx_hal_spi.o
                0x000000000800645a                HAL_SPI_TransmitReceive
 .text.HAL_SPI_GetState
                0x0000000008006880       0x1c ./Drivers/STM32L4xx_HAL_Driver/Src/stm32l4xx_hal_spi.o
                0x0000000008006880                HAL_SPI_GetState
 .text.SPI_WaitFlagStateUntilTimeout
                0x000000000800689c      0x110 ./Drivers/STM32L4xx_HAL_Driver/Src/stm32l4xx_hal_spi.o
 .text.SPI_WaitFifoStateUntilTimeout
                0x00000000080069ac      0x12c ./Drivers/STM32L4xx_HAL_Driver/Src/stm32l4xx_hal_spi.o
 .text.SPI_EndRxTxTransaction
                0x0000000008006ad8       0x8c ./Drivers/STM32L4xx_HAL_Driver/Src/stm32l4xx_hal_spi.o
 .text.HAL_UART_Init
                0x0000000008006b64       0x9c ./Drivers/STM32L4xx_HAL_Driver/Src/stm32l4xx_hal_uart.o
                0x0000000008006b64                HAL_UART_Init
 .text.HAL_UART_Transmit
                0x0000000008006c00      0x128 ./Drivers/STM32L4xx_HAL_Driver/Src/stm32l4xx_hal_uart.o
                0x0000000008006c00                HAL_UART_Transmit
 .text.UART_SetConfig
                0x0000000008006d28      0x570 ./Drivers/STM32L4xx_HAL_Driver/Src/stm32l4xx_hal_uart.o
                0x0000000008006d28                UART_SetConfig
 .text.UART_AdvFeatureConfig
                0x0000000008007298      0x144 ./Drivers/STM32L4xx_HAL_Driver/Src/stm32l4xx_hal_uart.o
                0x0000000008007298                UART_AdvFeatureConfig
 .text.UART_CheckIdleState
                0x00000000080073dc       0x92 ./Drivers/STM32L4xx_HAL_Driver/Src/stm32l4xx_hal_uart.o
                0x00000000080073dc                UART_CheckIdleState
 .text.UART_WaitOnFlagUntilTimeout
                0x000000000800746e      0x188 ./Drivers/STM32L4xx_HAL_Driver/Src/stm32l4xx_hal_uart.o
                0x000000000800746e                UART_WaitOnFlagUntilTimeout
 .text.aci_gap_init_IDB05A1
                0x00000000080075f6       0xa0 ./Middlewares/ST/BlueNRG-MS/hci/controller/bluenrg_gap_aci.o
                0x00000000080075f6                aci_gap_init_IDB05A1
 .text.aci_gap_set_discoverable
                0x0000000008007696      0x1d4 ./Middlewares/ST/BlueNRG-MS/hci/controller/bluenrg_gap_aci.o
                0x0000000008007696                aci_gap_set_discoverable
 .text.aci_gatt_init
                0x000000000800786a       0x46 ./Middlewares/ST/BlueNRG-MS/hci/controller/bluenrg_gatt_aci.o
                0x000000000800786a                aci_gatt_init
 .text.aci_gatt_add_serv
                0x00000000080078b0      0x112 ./Middlewares/ST/BlueNRG-MS/hci/controller/bluenrg_gatt_aci.o
                0x00000000080078b0                aci_gatt_add_serv
 .text.aci_gatt_add_char
                0x00000000080079c2      0x196 ./Middlewares/ST/BlueNRG-MS/hci/controller/bluenrg_gatt_aci.o
                0x00000000080079c2                aci_gatt_add_char
 .text.aci_gatt_update_char_value
                0x0000000008007b58      0x19e ./Middlewares/ST/BlueNRG-MS/hci/controller/bluenrg_gatt_aci.o
                0x0000000008007b58                aci_gatt_update_char_value
 .text.aci_gatt_update_char_value_ext_IDB05A1
                0x0000000008007cf6      0x12e ./Middlewares/ST/BlueNRG-MS/hci/controller/bluenrg_gatt_aci.o
                0x0000000008007cf6                aci_gatt_update_char_value_ext_IDB05A1
 .text.aci_hal_write_config_data
                0x0000000008007e24      0x116 ./Middlewares/ST/BlueNRG-MS/hci/controller/bluenrg_hal_aci.o
                0x0000000008007e24                aci_hal_write_config_data
 .text.getBlueNRGVersion
                0x0000000008007f3a       0x88 ./Middlewares/ST/BlueNRG-MS/hci/controller/bluenrg_utils_small.o
                0x0000000008007f3a                getBlueNRGVersion
 .text.hci_reset
                0x0000000008007fc2       0x44 ./Middlewares/ST/BlueNRG-MS/hci/hci_le.o
                0x0000000008007fc2                hci_reset
 .text.hci_le_read_local_version
                0x0000000008008006       0x94 ./Middlewares/ST/BlueNRG-MS/hci/hci_le.o
                0x0000000008008006                hci_le_read_local_version
 .text.verify_packet
                0x000000000800809a       0x40 ./Middlewares/ST/BlueNRG-MS/hci/hci_tl_patterns/Basic/hci_tl.o
 *fill*         0x00000000080080da        0x2 
 .text.send_cmd
                0x00000000080080dc       0xf4 ./Middlewares/ST/BlueNRG-MS/hci/hci_tl_patterns/Basic/hci_tl.o
 .text.move_list
                0x00000000080081d0       0x38 ./Middlewares/ST/BlueNRG-MS/hci/hci_tl_patterns/Basic/hci_tl.o
 .text.free_event_list
                0x0000000008008208       0x3c ./Middlewares/ST/BlueNRG-MS/hci/hci_tl_patterns/Basic/hci_tl.o
 .text.hci_init
                0x0000000008008244       0x84 ./Middlewares/ST/BlueNRG-MS/hci/hci_tl_patterns/Basic/hci_tl.o
                0x0000000008008244                hci_init
 .text.hci_register_io_bus
                0x00000000080082c8       0x40 ./Middlewares/ST/BlueNRG-MS/hci/hci_tl_patterns/Basic/hci_tl.o
                0x00000000080082c8                hci_register_io_bus
 .text.hci_send_req
                0x0000000008008308      0x234 ./Middlewares/ST/BlueNRG-MS/hci/hci_tl_patterns/Basic/hci_tl.o
                0x0000000008008308                hci_send_req
 .text.hci_user_evt_proc
                0x000000000800853c       0x58 ./Middlewares/ST/BlueNRG-MS/hci/hci_tl_patterns/Basic/hci_tl.o
                0x000000000800853c                hci_user_evt_proc
 .text.hci_notify_asynch_evt
                0x0000000008008594       0xa0 ./Middlewares/ST/BlueNRG-MS/hci/hci_tl_patterns/Basic/hci_tl.o
                0x0000000008008594                hci_notify_asynch_evt
 .text.list_init_head
                0x0000000008008634       0x20 ./Middlewares/ST/BlueNRG-MS/utils/ble_list.o
                0x0000000008008634                list_init_head
 .text.list_is_empty
                0x0000000008008654       0x44 ./Middlewares/ST/BlueNRG-MS/utils/ble_list.o
                0x0000000008008654                list_is_empty
 .text.list_insert_head
                0x0000000008008698       0x4c ./Middlewares/ST/BlueNRG-MS/utils/ble_list.o
                0x0000000008008698                list_insert_head
 .text.list_insert_tail
                0x00000000080086e4       0x4c ./Middlewares/ST/BlueNRG-MS/utils/ble_list.o
                0x00000000080086e4                list_insert_tail
 .text.list_remove_node
                0x0000000008008730       0x42 ./Middlewares/ST/BlueNRG-MS/utils/ble_list.o
                0x0000000008008730                list_remove_node
 .text.list_remove_head
                0x0000000008008772       0x4e ./Middlewares/ST/BlueNRG-MS/utils/ble_list.o
                0x0000000008008772                list_remove_head
 .text.list_remove_tail
                0x00000000080087c0       0x4e ./Middlewares/ST/BlueNRG-MS/utils/ble_list.o
                0x00000000080087c0                list_remove_tail
 .text.list_get_size
                0x000000000800880e       0x50 ./Middlewares/ST/BlueNRG-MS/utils/ble_list.o
                0x000000000800880e                list_get_size
 *fill*         0x000000000800885e        0x2 
 .text.__errno  0x0000000008008860        0xc c:/st/stm32cubeide_1.4.0/stm32cubeide/plugins/com.st.stm32cube.ide.mcu.externaltools.gnu-tools-for-stm32.10.3-2021.10.win32_1.0.0.202111181127/tools/bin/../lib/gcc/arm-none-eabi/10.3.1/../../../../arm-none-eabi/lib/thumb/v7e-m+fp/hard\libc_nano.a(lib_a-errno.o)
                0x0000000008008860                __errno
 .text.__libc_init_array
                0x000000000800886c       0x48 c:/st/stm32cubeide_1.4.0/stm32cubeide/plugins/com.st.stm32cube.ide.mcu.externaltools.gnu-tools-for-stm32.10.3-2021.10.win32_1.0.0.202111181127/tools/bin/../lib/gcc/arm-none-eabi/10.3.1/../../../../arm-none-eabi/lib/thumb/v7e-m+fp/hard\libc_nano.a(lib_a-init.o)
                0x000000000800886c                __libc_init_array
 .text.memcpy   0x00000000080088b4       0x1c c:/st/stm32cubeide_1.4.0/stm32cubeide/plugins/com.st.stm32cube.ide.mcu.externaltools.gnu-tools-for-stm32.10.3-2021.10.win32_1.0.0.202111181127/tools/bin/../lib/gcc/arm-none-eabi/10.3.1/../../../../arm-none-eabi/lib/thumb/v7e-m+fp/hard\libc_nano.a(lib_a-memcpy-stub.o)
                0x00000000080088b4                memcpy
 .text.memset   0x00000000080088d0       0x10 c:/st/stm32cubeide_1.4.0/stm32cubeide/plugins/com.st.stm32cube.ide.mcu.externaltools.gnu-tools-for-stm32.10.3-2021.10.win32_1.0.0.202111181127/tools/bin/../lib/gcc/arm-none-eabi/10.3.1/../../../../arm-none-eabi/lib/thumb/v7e-m+fp/hard\libc_nano.a(lib_a-memset.o)
                0x00000000080088d0                memset
 .text.printf   0x00000000080088e0       0x30 c:/st/stm32cubeide_1.4.0/stm32cubeide/plugins/com.st.stm32cube.ide.mcu.externaltools.gnu-tools-for-stm32.10.3-2021.10.win32_1.0.0.202111181127/tools/bin/../lib/gcc/arm-none-eabi/10.3.1/../../../../arm-none-eabi/lib/thumb/v7e-m+fp/hard\libc_nano.a(lib_a-printf.o)
                0x00000000080088e0                iprintf
                0x00000000080088e0                printf
 .text._puts_r  0x0000000008008910       0xdc c:/st/stm32cubeide_1.4.0/stm32cubeide/plugins/com.st.stm32cube.ide.mcu.externaltools.gnu-tools-for-stm32.10.3-2021.10.win32_1.0.0.202111181127/tools/bin/../lib/gcc/arm-none-eabi/10.3.1/../../../../arm-none-eabi/lib/thumb/v7e-m+fp/hard\libc_nano.a(lib_a-puts.o)
                0x0000000008008910                _puts_r
 .text.puts     0x00000000080089ec       0x10 c:/st/stm32cubeide_1.4.0/stm32cubeide/plugins/com.st.stm32cube.ide.mcu.externaltools.gnu-tools-for-stm32.10.3-2021.10.win32_1.0.0.202111181127/tools/bin/../lib/gcc/arm-none-eabi/10.3.1/../../../../arm-none-eabi/lib/thumb/v7e-m+fp/hard\libc_nano.a(lib_a-puts.o)
                0x00000000080089ec                puts
 .text.__swbuf_r
                0x00000000080089fc       0xa4 c:/st/stm32cubeide_1.4.0/stm32cubeide/plugins/com.st.stm32cube.ide.mcu.externaltools.gnu-tools-for-stm32.10.3-2021.10.win32_1.0.0.202111181127/tools/bin/../lib/gcc/arm-none-eabi/10.3.1/../../../../arm-none-eabi/lib/thumb/v7e-m+fp/hard\libc_nano.a(lib_a-wbuf.o)
                0x00000000080089fc                __swbuf_r
 .text.__swsetup_r
                0x0000000008008aa0       0xdc c:/st/stm32cubeide_1.4.0/stm32cubeide/plugins/com.st.stm32cube.ide.mcu.externaltools.gnu-tools-for-stm32.10.3-2021.10.win32_1.0.0.202111181127/tools/bin/../lib/gcc/arm-none-eabi/10.3.1/../../../../arm-none-eabi/lib/thumb/v7e-m+fp/hard\libc_nano.a(lib_a-wsetup.o)
                0x0000000008008aa0                __swsetup_r
 .text.__sflush_r
                0x0000000008008b7c      0x10c c:/st/stm32cubeide_1.4.0/stm32cubeide/plugins/com.st.stm32cube.ide.mcu.externaltools.gnu-tools-for-stm32.10.3-2021.10.win32_1.0.0.202111181127/tools/bin/../lib/gcc/arm-none-eabi/10.3.1/../../../../arm-none-eabi/lib/thumb/v7e-m+fp/hard\libc_nano.a(lib_a-fflush.o)
                0x0000000008008b7c                __sflush_r
 .text._fflush_r
                0x0000000008008c88       0x78 c:/st/stm32cubeide_1.4.0/stm32cubeide/plugins/com.st.stm32cube.ide.mcu.externaltools.gnu-tools-for-stm32.10.3-2021.10.win32_1.0.0.202111181127/tools/bin/../lib/gcc/arm-none-eabi/10.3.1/../../../../arm-none-eabi/lib/thumb/v7e-m+fp/hard\libc_nano.a(lib_a-fflush.o)
                0x0000000008008c88                _fflush_r
 .text.std      0x0000000008008d00       0x48 c:/st/stm32cubeide_1.4.0/stm32cubeide/plugins/com.st.stm32cube.ide.mcu.externaltools.gnu-tools-for-stm32.10.3-2021.10.win32_1.0.0.202111181127/tools/bin/../lib/gcc/arm-none-eabi/10.3.1/../../../../arm-none-eabi/lib/thumb/v7e-m+fp/hard\libc_nano.a(lib_a-findfp.o)
 .text._cleanup_r
                0x0000000008008d48        0xc c:/st/stm32cubeide_1.4.0/stm32cubeide/plugins/com.st.stm32cube.ide.mcu.externaltools.gnu-tools-for-stm32.10.3-2021.10.win32_1.0.0.202111181127/tools/bin/../lib/gcc/arm-none-eabi/10.3.1/../../../../arm-none-eabi/lib/thumb/v7e-m+fp/hard\libc_nano.a(lib_a-findfp.o)
                0x0000000008008d48                _cleanup_r
 .text.__sfmoreglue
                0x0000000008008d54       0x2c c:/st/stm32cubeide_1.4.0/stm32cubeide/plugins/com.st.stm32cube.ide.mcu.externaltools.gnu-tools-for-stm32.10.3-2021.10.win32_1.0.0.202111181127/tools/bin/../lib/gcc/arm-none-eabi/10.3.1/../../../../arm-none-eabi/lib/thumb/v7e-m+fp/hard\libc_nano.a(lib_a-findfp.o)
                0x0000000008008d54                __sfmoreglue
 .text.__sfp_lock_acquire
                0x0000000008008d80        0xc c:/st/stm32cubeide_1.4.0/stm32cubeide/plugins/com.st.stm32cube.ide.mcu.externaltools.gnu-tools-for-stm32.10.3-2021.10.win32_1.0.0.202111181127/tools/bin/../lib/gcc/arm-none-eabi/10.3.1/../../../../arm-none-eabi/lib/thumb/v7e-m+fp/hard\libc_nano.a(lib_a-findfp.o)
                0x0000000008008d80                __sfp_lock_acquire
 .text.__sfp_lock_release
                0x0000000008008d8c        0xc c:/st/stm32cubeide_1.4.0/stm32cubeide/plugins/com.st.stm32cube.ide.mcu.externaltools.gnu-tools-for-stm32.10.3-2021.10.win32_1.0.0.202111181127/tools/bin/../lib/gcc/arm-none-eabi/10.3.1/../../../../arm-none-eabi/lib/thumb/v7e-m+fp/hard\libc_nano.a(lib_a-findfp.o)
                0x0000000008008d8c                __sfp_lock_release
 .text.__sinit_lock_acquire
                0x0000000008008d98        0xc c:/st/stm32cubeide_1.4.0/stm32cubeide/plugins/com.st.stm32cube.ide.mcu.externaltools.gnu-tools-for-stm32.10.3-2021.10.win32_1.0.0.202111181127/tools/bin/../lib/gcc/arm-none-eabi/10.3.1/../../../../arm-none-eabi/lib/thumb/v7e-m+fp/hard\libc_nano.a(lib_a-findfp.o)
                0x0000000008008d98                __sinit_lock_acquire
 .text.__sinit_lock_release
                0x0000000008008da4        0xc c:/st/stm32cubeide_1.4.0/stm32cubeide/plugins/com.st.stm32cube.ide.mcu.externaltools.gnu-tools-for-stm32.10.3-2021.10.win32_1.0.0.202111181127/tools/bin/../lib/gcc/arm-none-eabi/10.3.1/../../../../arm-none-eabi/lib/thumb/v7e-m+fp/hard\libc_nano.a(lib_a-findfp.o)
                0x0000000008008da4                __sinit_lock_release
 .text.__sinit  0x0000000008008db0       0x70 c:/st/stm32cubeide_1.4.0/stm32cubeide/plugins/com.st.stm32cube.ide.mcu.externaltools.gnu-tools-for-stm32.10.3-2021.10.win32_1.0.0.202111181127/tools/bin/../lib/gcc/arm-none-eabi/10.3.1/../../../../arm-none-eabi/lib/thumb/v7e-m+fp/hard\libc_nano.a(lib_a-findfp.o)
                0x0000000008008db0                __sinit
 .text.__sfp    0x0000000008008e20       0x8c c:/st/stm32cubeide_1.4.0/stm32cubeide/plugins/com.st.stm32cube.ide.mcu.externaltools.gnu-tools-for-stm32.10.3-2021.10.win32_1.0.0.202111181127/tools/bin/../lib/gcc/arm-none-eabi/10.3.1/../../../../arm-none-eabi/lib/thumb/v7e-m+fp/hard\libc_nano.a(lib_a-findfp.o)
                0x0000000008008e20                __sfp
 .text._fwalk_reent
                0x0000000008008eac       0x3e c:/st/stm32cubeide_1.4.0/stm32cubeide/plugins/com.st.stm32cube.ide.mcu.externaltools.gnu-tools-for-stm32.10.3-2021.10.win32_1.0.0.202111181127/tools/bin/../lib/gcc/arm-none-eabi/10.3.1/../../../../arm-none-eabi/lib/thumb/v7e-m+fp/hard\libc_nano.a(lib_a-fwalk.o)
                0x0000000008008eac                _fwalk_reent
 .text.__retarget_lock_init_recursive
                0x0000000008008eea        0x2 c:/st/stm32cubeide_1.4.0/stm32cubeide/plugins/com.st.stm32cube.ide.mcu.externaltools.gnu-tools-for-stm32.10.3-2021.10.win32_1.0.0.202111181127/tools/bin/../lib/gcc/arm-none-eabi/10.3.1/../../../../arm-none-eabi/lib/thumb/v7e-m+fp/hard\libc_nano.a(lib_a-lock.o)
                0x0000000008008eea                __retarget_lock_init_recursive
 .text.__retarget_lock_acquire_recursive
                0x0000000008008eec        0x2 c:/st/stm32cubeide_1.4.0/stm32cubeide/plugins/com.st.stm32cube.ide.mcu.externaltools.gnu-tools-for-stm32.10.3-2021.10.win32_1.0.0.202111181127/tools/bin/../lib/gcc/arm-none-eabi/10.3.1/../../../../arm-none-eabi/lib/thumb/v7e-m+fp/hard\libc_nano.a(lib_a-lock.o)
                0x0000000008008eec                __retarget_lock_acquire_recursive
 .text.__retarget_lock_release_recursive
                0x0000000008008eee        0x2 c:/st/stm32cubeide_1.4.0/stm32cubeide/plugins/com.st.stm32cube.ide.mcu.externaltools.gnu-tools-for-stm32.10.3-2021.10.win32_1.0.0.202111181127/tools/bin/../lib/gcc/arm-none-eabi/10.3.1/../../../../arm-none-eabi/lib/thumb/v7e-m+fp/hard\libc_nano.a(lib_a-lock.o)
                0x0000000008008eee                __retarget_lock_release_recursive
 .text.__swhatbuf_r
                0x0000000008008ef0       0x4a c:/st/stm32cubeide_1.4.0/stm32cubeide/plugins/com.st.stm32cube.ide.mcu.externaltools.gnu-tools-for-stm32.10.3-2021.10.win32_1.0.0.202111181127/tools/bin/../lib/gcc/arm-none-eabi/10.3.1/../../../../arm-none-eabi/lib/thumb/v7e-m+fp/hard\libc_nano.a(lib_a-makebuf.o)
                0x0000000008008ef0                __swhatbuf_r
 *fill*         0x0000000008008f3a        0x2 
 .text.__smakebuf_r
                0x0000000008008f3c       0x80 c:/st/stm32cubeide_1.4.0/stm32cubeide/plugins/com.st.stm32cube.ide.mcu.externaltools.gnu-tools-for-stm32.10.3-2021.10.win32_1.0.0.202111181127/tools/bin/../lib/gcc/arm-none-eabi/10.3.1/../../../../arm-none-eabi/lib/thumb/v7e-m+fp/hard\libc_nano.a(lib_a-makebuf.o)
                0x0000000008008f3c                __smakebuf_r
 .text._free_r  0x0000000008008fbc       0x98 c:/st/stm32cubeide_1.4.0/stm32cubeide/plugins/com.st.stm32cube.ide.mcu.externaltools.gnu-tools-for-stm32.10.3-2021.10.win32_1.0.0.202111181127/tools/bin/../lib/gcc/arm-none-eabi/10.3.1/../../../../arm-none-eabi/lib/thumb/v7e-m+fp/hard\libc_nano.a(lib_a-nano-freer.o)
                0x0000000008008fbc                _free_r
 .text.sbrk_aligned
                0x0000000008009054       0x40 c:/st/stm32cubeide_1.4.0/stm32cubeide/plugins/com.st.stm32cube.ide.mcu.externaltools.gnu-tools-for-stm32.10.3-2021.10.win32_1.0.0.202111181127/tools/bin/../lib/gcc/arm-none-eabi/10.3.1/../../../../arm-none-eabi/lib/thumb/v7e-m+fp/hard\libc_nano.a(lib_a-nano-mallocr.o)
 .text._malloc_r
                0x0000000008009094       0xe8 c:/st/stm32cubeide_1.4.0/stm32cubeide/plugins/com.st.stm32cube.ide.mcu.externaltools.gnu-tools-for-stm32.10.3-2021.10.win32_1.0.0.202111181127/tools/bin/../lib/gcc/arm-none-eabi/10.3.1/../../../../arm-none-eabi/lib/thumb/v7e-m+fp/hard\libc_nano.a(lib_a-nano-mallocr.o)
                0x0000000008009094                _malloc_r
 .text.__sfputc_r
                0x000000000800917c       0x2e c:/st/stm32cubeide_1.4.0/stm32cubeide/plugins/com.st.stm32cube.ide.mcu.externaltools.gnu-tools-for-stm32.10.3-2021.10.win32_1.0.0.202111181127/tools/bin/../lib/gcc/arm-none-eabi/10.3.1/../../../../arm-none-eabi/lib/thumb/v7e-m+fp/hard\libc_nano.a(lib_a-nano-vfprintf.o)
 .text.__sfputs_r
                0x00000000080091aa       0x24 c:/st/stm32cubeide_1.4.0/stm32cubeide/plugins/com.st.stm32cube.ide.mcu.externaltools.gnu-tools-for-stm32.10.3-2021.10.win32_1.0.0.202111181127/tools/bin/../lib/gcc/arm-none-eabi/10.3.1/../../../../arm-none-eabi/lib/thumb/v7e-m+fp/hard\libc_nano.a(lib_a-nano-vfprintf.o)
                0x00000000080091aa                __sfputs_r
 *fill*         0x00000000080091ce        0x2 
 .text._vfprintf_r
                0x00000000080091d0      0x260 c:/st/stm32cubeide_1.4.0/stm32cubeide/plugins/com.st.stm32cube.ide.mcu.externaltools.gnu-tools-for-stm32.10.3-2021.10.win32_1.0.0.202111181127/tools/bin/../lib/gcc/arm-none-eabi/10.3.1/../../../../arm-none-eabi/lib/thumb/v7e-m+fp/hard\libc_nano.a(lib_a-nano-vfprintf.o)
                0x00000000080091d0                _vfprintf_r
                0x00000000080091d0                _vfiprintf_r
 .text._printf_common
                0x0000000008009430       0xda c:/st/stm32cubeide_1.4.0/stm32cubeide/plugins/com.st.stm32cube.ide.mcu.externaltools.gnu-tools-for-stm32.10.3-2021.10.win32_1.0.0.202111181127/tools/bin/../lib/gcc/arm-none-eabi/10.3.1/../../../../arm-none-eabi/lib/thumb/v7e-m+fp/hard\libc_nano.a(lib_a-nano-vfprintf_i.o)
                0x0000000008009430                _printf_common
 *fill*         0x000000000800950a        0x2 
 .text._printf_i
                0x000000000800950c      0x24c c:/st/stm32cubeide_1.4.0/stm32cubeide/plugins/com.st.stm32cube.ide.mcu.externaltools.gnu-tools-for-stm32.10.3-2021.10.win32_1.0.0.202111181127/tools/bin/../lib/gcc/arm-none-eabi/10.3.1/../../../../arm-none-eabi/lib/thumb/v7e-m+fp/hard\libc_nano.a(lib_a-nano-vfprintf_i.o)
                0x000000000800950c                _printf_i
 .text._sbrk_r  0x0000000008009758       0x20 c:/st/stm32cubeide_1.4.0/stm32cubeide/plugins/com.st.stm32cube.ide.mcu.externaltools.gnu-tools-for-stm32.10.3-2021.10.win32_1.0.0.202111181127/tools/bin/../lib/gcc/arm-none-eabi/10.3.1/../../../../arm-none-eabi/lib/thumb/v7e-m+fp/hard\libc_nano.a(lib_a-sbrkr.o)
                0x0000000008009758                _sbrk_r
 .text.__sread  0x0000000008009778       0x22 c:/st/stm32cubeide_1.4.0/stm32cubeide/plugins/com.st.stm32cube.ide.mcu.externaltools.gnu-tools-for-stm32.10.3-2021.10.win32_1.0.0.202111181127/tools/bin/../lib/gcc/arm-none-eabi/10.3.1/../../../../arm-none-eabi/lib/thumb/v7e-m+fp/hard\libc_nano.a(lib_a-stdio.o)
                0x0000000008009778                __sread
 .text.__swrite
                0x000000000800979a       0x38 c:/st/stm32cubeide_1.4.0/stm32cubeide/plugins/com.st.stm32cube.ide.mcu.externaltools.gnu-tools-for-stm32.10.3-2021.10.win32_1.0.0.202111181127/tools/bin/../lib/gcc/arm-none-eabi/10.3.1/../../../../arm-none-eabi/lib/thumb/v7e-m+fp/hard\libc_nano.a(lib_a-stdio.o)
                0x000000000800979a                __swrite
 .text.__sseek  0x00000000080097d2       0x24 c:/st/stm32cubeide_1.4.0/stm32cubeide/plugins/com.st.stm32cube.ide.mcu.externaltools.gnu-tools-for-stm32.10.3-2021.10.win32_1.0.0.202111181127/tools/bin/../lib/gcc/arm-none-eabi/10.3.1/../../../../arm-none-eabi/lib/thumb/v7e-m+fp/hard\libc_nano.a(lib_a-stdio.o)
                0x00000000080097d2                __sseek
 .text.__sclose
                0x00000000080097f6        0x8 c:/st/stm32cubeide_1.4.0/stm32cubeide/plugins/com.st.stm32cube.ide.mcu.externaltools.gnu-tools-for-stm32.10.3-2021.10.win32_1.0.0.202111181127/tools/bin/../lib/gcc/arm-none-eabi/10.3.1/../../../../arm-none-eabi/lib/thumb/v7e-m+fp/hard\libc_nano.a(lib_a-stdio.o)
                0x00000000080097f6                __sclose
 *fill*         0x00000000080097fe        0x2 
 .text._write_r
                0x0000000008009800       0x24 c:/st/stm32cubeide_1.4.0/stm32cubeide/plugins/com.st.stm32cube.ide.mcu.externaltools.gnu-tools-for-stm32.10.3-2021.10.win32_1.0.0.202111181127/tools/bin/../lib/gcc/arm-none-eabi/10.3.1/../../../../arm-none-eabi/lib/thumb/v7e-m+fp/hard\libc_nano.a(lib_a-writer.o)
                0x0000000008009800                _write_r
 .text._close_r
                0x0000000008009824       0x20 c:/st/stm32cubeide_1.4.0/stm32cubeide/plugins/com.st.stm32cube.ide.mcu.externaltools.gnu-tools-for-stm32.10.3-2021.10.win32_1.0.0.202111181127/tools/bin/../lib/gcc/arm-none-eabi/10.3.1/../../../../arm-none-eabi/lib/thumb/v7e-m+fp/hard\libc_nano.a(lib_a-closer.o)
                0x0000000008009824                _close_r
 .text._fstat_r
                0x0000000008009844       0x24 c:/st/stm32cubeide_1.4.0/stm32cubeide/plugins/com.st.stm32cube.ide.mcu.externaltools.gnu-tools-for-stm32.10.3-2021.10.win32_1.0.0.202111181127/tools/bin/../lib/gcc/arm-none-eabi/10.3.1/../../../../arm-none-eabi/lib/thumb/v7e-m+fp/hard\libc_nano.a(lib_a-fstatr.o)
                0x0000000008009844                _fstat_r
 .text._isatty_r
                0x0000000008009868       0x20 c:/st/stm32cubeide_1.4.0/stm32cubeide/plugins/com.st.stm32cube.ide.mcu.externaltools.gnu-tools-for-stm32.10.3-2021.10.win32_1.0.0.202111181127/tools/bin/../lib/gcc/arm-none-eabi/10.3.1/../../../../arm-none-eabi/lib/thumb/v7e-m+fp/hard\libc_nano.a(lib_a-isattyr.o)
                0x0000000008009868                _isatty_r
 .text._lseek_r
                0x0000000008009888       0x24 c:/st/stm32cubeide_1.4.0/stm32cubeide/plugins/com.st.stm32cube.ide.mcu.externaltools.gnu-tools-for-stm32.10.3-2021.10.win32_1.0.0.202111181127/tools/bin/../lib/gcc/arm-none-eabi/10.3.1/../../../../arm-none-eabi/lib/thumb/v7e-m+fp/hard\libc_nano.a(lib_a-lseekr.o)
                0x0000000008009888                _lseek_r
 .text.__malloc_lock
                0x00000000080098ac        0xc c:/st/stm32cubeide_1.4.0/stm32cubeide/plugins/com.st.stm32cube.ide.mcu.externaltools.gnu-tools-for-stm32.10.3-2021.10.win32_1.0.0.202111181127/tools/bin/../lib/gcc/arm-none-eabi/10.3.1/../../../../arm-none-eabi/lib/thumb/v7e-m+fp/hard\libc_nano.a(lib_a-mlock.o)
                0x00000000080098ac                __malloc_lock
 .text.__malloc_unlock
                0x00000000080098b8        0xc c:/st/stm32cubeide_1.4.0/stm32cubeide/plugins/com.st.stm32cube.ide.mcu.externaltools.gnu-tools-for-stm32.10.3-2021.10.win32_1.0.0.202111181127/tools/bin/../lib/gcc/arm-none-eabi/10.3.1/../../../../arm-none-eabi/lib/thumb/v7e-m+fp/hard\libc_nano.a(lib_a-mlock.o)
                0x00000000080098b8                __malloc_unlock
 .text._read_r  0x00000000080098c4       0x24 c:/st/stm32cubeide_1.4.0/stm32cubeide/plugins/com.st.stm32cube.ide.mcu.externaltools.gnu-tools-for-stm32.10.3-2021.10.win32_1.0.0.202111181127/tools/bin/../lib/gcc/arm-none-eabi/10.3.1/../../../../arm-none-eabi/lib/thumb/v7e-m+fp/hard\libc_nano.a(lib_a-readr.o)
                0x00000000080098c4                _read_r
 *(.glue_7)
 .glue_7        0x00000000080098e8        0x0 linker stubs
 *(.glue_7t)
 .glue_7t       0x00000000080098e8        0x0 linker stubs
 *(.eh_frame)
 .eh_frame      0x00000000080098e8        0x0 c:/st/stm32cubeide_1.4.0/stm32cubeide/plugins/com.st.stm32cube.ide.mcu.externaltools.gnu-tools-for-stm32.10.3-2021.10.win32_1.0.0.202111181127/tools/bin/../lib/gcc/arm-none-eabi/10.3.1/thumb/v7e-m+fp/hard/crtbegin.o
 *(.init)
 .init          0x00000000080098e8        0x4 c:/st/stm32cubeide_1.4.0/stm32cubeide/plugins/com.st.stm32cube.ide.mcu.externaltools.gnu-tools-for-stm32.10.3-2021.10.win32_1.0.0.202111181127/tools/bin/../lib/gcc/arm-none-eabi/10.3.1/thumb/v7e-m+fp/hard/crti.o
                0x00000000080098e8                _init
 .init          0x00000000080098ec        0x8 c:/st/stm32cubeide_1.4.0/stm32cubeide/plugins/com.st.stm32cube.ide.mcu.externaltools.gnu-tools-for-stm32.10.3-2021.10.win32_1.0.0.202111181127/tools/bin/../lib/gcc/arm-none-eabi/10.3.1/thumb/v7e-m+fp/hard/crtn.o
 *(.fini)
 .fini          0x00000000080098f4        0x4 c:/st/stm32cubeide_1.4.0/stm32cubeide/plugins/com.st.stm32cube.ide.mcu.externaltools.gnu-tools-for-stm32.10.3-2021.10.win32_1.0.0.202111181127/tools/bin/../lib/gcc/arm-none-eabi/10.3.1/thumb/v7e-m+fp/hard/crti.o
                0x00000000080098f4                _fini
 .fini          0x00000000080098f8        0x8 c:/st/stm32cubeide_1.4.0/stm32cubeide/plugins/com.st.stm32cube.ide.mcu.externaltools.gnu-tools-for-stm32.10.3-2021.10.win32_1.0.0.202111181127/tools/bin/../lib/gcc/arm-none-eabi/10.3.1/thumb/v7e-m+fp/hard/crtn.o
                0x0000000008009900                . = ALIGN (0x4)
                0x0000000008009900                _etext = .

.vfp11_veneer   0x0000000008009900        0x0
 .vfp11_veneer  0x0000000008009900        0x0 linker stubs

.v4_bx          0x0000000008009900        0x0
 .v4_bx         0x0000000008009900        0x0 linker stubs

.iplt           0x0000000008009900        0x0
 .iplt          0x0000000008009900        0x0 c:/st/stm32cubeide_1.4.0/stm32cubeide/plugins/com.st.stm32cube.ide.mcu.externaltools.gnu-tools-for-stm32.10.3-2021.10.win32_1.0.0.202111181127/tools/bin/../lib/gcc/arm-none-eabi/10.3.1/thumb/v7e-m+fp/hard/crtbegin.o

.rodata         0x0000000008009900      0x640
                0x0000000008009900                . = ALIGN (0x4)
 *(.rodata)
 .rodata        0x0000000008009900        0xd ./BlueNRG-MS/Target/hci_tl_interface.o
 *fill*         0x000000000800990d        0x3 
 .rodata        0x0000000008009910       0x6b ./Core/Src/FitnessController_ApplicationLayer/BatteryService/BatteryService.o
 *fill*         0x000000000800997b        0x1 
 .rodata        0x000000000800997c      0x119 ./Core/Src/FitnessController_ApplicationLayer/DeviceInfoService/DeviceInfoService.o
 *fill*         0x0000000008009a95        0x3 
 .rodata        0x0000000008009a98      0x10e ./Core/Src/FitnessController_ApplicationLayer/FitnessController.o
 *fill*         0x0000000008009ba6        0x2 
 .rodata        0x0000000008009ba8       0xd8 ./Core/Src/FitnessController_ApplicationLayer/HIDService/HIDService.o
 .rodata        0x0000000008009c80       0x18 ./Core/Src/main.o
 *(.rodata*)
 .rodata.BatteryCharUUIDLookUpTable
                0x0000000008009c98        0x2 ./Core/Src/FitnessController_ApplicationLayer/BatteryService/BatteryService.o
 *fill*         0x0000000008009c9a        0x2 
 .rodata.AnalogStickIO_Driver1
                0x0000000008009c9c       0x14 ./Core/Src/FitnessController_ApplicationLayer/Controller_Parts/analog_stick_hardware.o
                0x0000000008009c9c                AnalogStickIO_Driver1
 .rodata.AnalogStickIO_Driver2
                0x0000000008009cb0       0x14 ./Core/Src/FitnessController_ApplicationLayer/Controller_Parts/analog_stick_hardware.o
                0x0000000008009cb0                AnalogStickIO_Driver2
 .rodata.ButtonGPIOLUT
                0x0000000008009cc4       0x70 ./Core/Src/FitnessController_ApplicationLayer/Controller_Parts/button_hardware.o
 .rodata.ButtonIO_DriverPosLogic
                0x0000000008009d34       0x14 ./Core/Src/FitnessController_ApplicationLayer/Controller_Parts/button_hardware.o
                0x0000000008009d34                ButtonIO_DriverPosLogic
 .rodata.ButtonIO_DriverNegLogic
                0x0000000008009d48       0x14 ./Core/Src/FitnessController_ApplicationLayer/Controller_Parts/button_hardware.o
                0x0000000008009d48                ButtonIO_DriverNegLogic
 .rodata.TriggerIO_Driver1
                0x0000000008009d5c       0x14 ./Core/Src/FitnessController_ApplicationLayer/Controller_Parts/trigger_hardware.o
                0x0000000008009d5c                TriggerIO_Driver1
 .rodata.TriggerIO_Driver2
                0x0000000008009d70       0x14 ./Core/Src/FitnessController_ApplicationLayer/Controller_Parts/trigger_hardware.o
                0x0000000008009d70                TriggerIO_Driver2
 .rodata.DEVICEINFO_MFGNAME_STR
                0x0000000008009d84        0xc ./Core/Src/FitnessController_ApplicationLayer/DeviceInfoService/DeviceInfoService.o
 .rodata.DEVICEINFO_MODELNUMBER_STR
                0x0000000008009d90        0xc ./Core/Src/FitnessController_ApplicationLayer/DeviceInfoService/DeviceInfoService.o
 .rodata.DEVICEINFO_SERIALNUMBER_STR
                0x0000000008009d9c        0xa ./Core/Src/FitnessController_ApplicationLayer/DeviceInfoService/DeviceInfoService.o
 *fill*         0x0000000008009da6        0x2 
 .rodata.DEVICEINFO_HARDWAREREV_STR
                0x0000000008009da8       0x10 ./Core/Src/FitnessController_ApplicationLayer/DeviceInfoService/DeviceInfoService.o
 .rodata.DeviceInfoCharUUIDTypeLookUpTable
                0x0000000008009db8        0x4 ./Core/Src/FitnessController_ApplicationLayer/DeviceInfoService/DeviceInfoService.o
 .rodata.DeviceInfoCharUUIDLookUpTable
                0x0000000008009dbc        0x8 ./Core/Src/FitnessController_ApplicationLayer/DeviceInfoService/DeviceInfoService.o
 .rodata.DeviceInfoCharPermissionsLookUpTable
                0x0000000008009dc4        0x4 ./Core/Src/FitnessController_ApplicationLayer/DeviceInfoService/DeviceInfoService.o
 .rodata.DeviceInfoCharNotifyModeLookUpTable
                0x0000000008009dc8        0x4 ./Core/Src/FitnessController_ApplicationLayer/DeviceInfoService/DeviceInfoService.o
 .rodata.DeviceInfoCharErrorReturnLookUpTable
                0x0000000008009dcc        0x4 ./Core/Src/FitnessController_ApplicationLayer/DeviceInfoService/DeviceInfoService.o
 .rodata.SERVER_BDADDR
                0x0000000008009dd0        0x6 ./Core/Src/FitnessController_ApplicationLayer/FitnessController.o
 *fill*         0x0000000008009dd6        0x2 
 .rodata.local_name
                0x0000000008009dd8       0x13 ./Core/Src/FitnessController_ApplicationLayer/FitnessController.o
 *fill*         0x0000000008009deb        0x1 
 .rodata.ButtonMskLUT
                0x0000000008009dec       0x1c ./Core/Src/FitnessController_ApplicationLayer/FitnessController.o
 .rodata.HIDInfoValue
                0x0000000008009e08        0x4 ./Core/Src/FitnessController_ApplicationLayer/HIDService/HID.o
                0x0000000008009e08                HIDInfoValue
 .rodata.HID_ReportMap
                0x0000000008009e0c       0x3b ./Core/Src/FitnessController_ApplicationLayer/HIDService/HID.o
                0x0000000008009e0c                HID_ReportMap
 *fill*         0x0000000008009e47        0x1 
 .rodata.HIDCharUUIDType
                0x0000000008009e48        0x4 ./Core/Src/FitnessController_ApplicationLayer/HIDService/HIDService.o
 .rodata.HIDCharUUIDLookUpTable
                0x0000000008009e4c        0x8 ./Core/Src/FitnessController_ApplicationLayer/HIDService/HIDService.o
 .rodata.HIDCharPermissionsLookUpTable
                0x0000000008009e54        0x4 ./Core/Src/FitnessController_ApplicationLayer/HIDService/HIDService.o
 .rodata.HID_CharNotifyModeLookUpTable
                0x0000000008009e58        0x4 ./Core/Src/FitnessController_ApplicationLayer/HIDService/HIDService.o
 .rodata.HIDCharErrorReturnLookUpTable
                0x0000000008009e5c        0x4 ./Core/Src/FitnessController_ApplicationLayer/HIDService/HIDService.o
 .rodata.AHBPrescTable
                0x0000000008009e60       0x10 ./Core/Src/system_stm32l4xx.o
                0x0000000008009e60                AHBPrescTable
 .rodata.APBPrescTable
                0x0000000008009e70        0x8 ./Core/Src/system_stm32l4xx.o
                0x0000000008009e70                APBPrescTable
 .rodata.MSIRangeTable
                0x0000000008009e78       0x30 ./Core/Src/system_stm32l4xx.o
                0x0000000008009e78                MSIRangeTable
 .rodata._global_impure_ptr
                0x0000000008009ea8        0x4 c:/st/stm32cubeide_1.4.0/stm32cubeide/plugins/com.st.stm32cube.ide.mcu.externaltools.gnu-tools-for-stm32.10.3-2021.10.win32_1.0.0.202111181127/tools/bin/../lib/gcc/arm-none-eabi/10.3.1/../../../../arm-none-eabi/lib/thumb/v7e-m+fp/hard\libc_nano.a(lib_a-impure.o)
                0x0000000008009ea8                _global_impure_ptr
 .rodata.__sf_fake_stderr
                0x0000000008009eac       0x20 c:/st/stm32cubeide_1.4.0/stm32cubeide/plugins/com.st.stm32cube.ide.mcu.externaltools.gnu-tools-for-stm32.10.3-2021.10.win32_1.0.0.202111181127/tools/bin/../lib/gcc/arm-none-eabi/10.3.1/../../../../arm-none-eabi/lib/thumb/v7e-m+fp/hard\libc_nano.a(lib_a-findfp.o)
                0x0000000008009eac                __sf_fake_stderr
 .rodata.__sf_fake_stdin
                0x0000000008009ecc       0x20 c:/st/stm32cubeide_1.4.0/stm32cubeide/plugins/com.st.stm32cube.ide.mcu.externaltools.gnu-tools-for-stm32.10.3-2021.10.win32_1.0.0.202111181127/tools/bin/../lib/gcc/arm-none-eabi/10.3.1/../../../../arm-none-eabi/lib/thumb/v7e-m+fp/hard\libc_nano.a(lib_a-findfp.o)
                0x0000000008009ecc                __sf_fake_stdin
 .rodata.__sf_fake_stdout
                0x0000000008009eec       0x20 c:/st/stm32cubeide_1.4.0/stm32cubeide/plugins/com.st.stm32cube.ide.mcu.externaltools.gnu-tools-for-stm32.10.3-2021.10.win32_1.0.0.202111181127/tools/bin/../lib/gcc/arm-none-eabi/10.3.1/../../../../arm-none-eabi/lib/thumb/v7e-m+fp/hard\libc_nano.a(lib_a-findfp.o)
                0x0000000008009eec                __sf_fake_stdout
 .rodata._vfprintf_r.str1.1
                0x0000000008009f0c       0x11 c:/st/stm32cubeide_1.4.0/stm32cubeide/plugins/com.st.stm32cube.ide.mcu.externaltools.gnu-tools-for-stm32.10.3-2021.10.win32_1.0.0.202111181127/tools/bin/../lib/gcc/arm-none-eabi/10.3.1/../../../../arm-none-eabi/lib/thumb/v7e-m+fp/hard\libc_nano.a(lib_a-nano-vfprintf.o)
 .rodata._printf_i.str1.1
                0x0000000008009f1d       0x22 c:/st/stm32cubeide_1.4.0/stm32cubeide/plugins/com.st.stm32cube.ide.mcu.externaltools.gnu-tools-for-stm32.10.3-2021.10.win32_1.0.0.202111181127/tools/bin/../lib/gcc/arm-none-eabi/10.3.1/../../../../arm-none-eabi/lib/thumb/v7e-m+fp/hard\libc_nano.a(lib_a-nano-vfprintf_i.o)
                0x0000000008009f40                . = ALIGN (0x4)
 *fill*         0x0000000008009f3f        0x1 

.ARM.extab      0x0000000008009f40        0x0
                0x0000000008009f40                . = ALIGN (0x4)
 *(.ARM.extab* .gnu.linkonce.armextab.*)
                0x0000000008009f40                . = ALIGN (0x4)

.ARM            0x0000000008009f40        0x8
                0x0000000008009f40                . = ALIGN (0x4)
                0x0000000008009f40                __exidx_start = .
 *(.ARM.exidx*)
 .ARM.exidx     0x0000000008009f40        0x8 c:/st/stm32cubeide_1.4.0/stm32cubeide/plugins/com.st.stm32cube.ide.mcu.externaltools.gnu-tools-for-stm32.10.3-2021.10.win32_1.0.0.202111181127/tools/bin/../lib/gcc/arm-none-eabi/10.3.1/thumb/v7e-m+fp/hard\libgcc.a(_udivmoddi4.o)
                0x0000000008009f48                __exidx_end = .
                0x0000000008009f48                . = ALIGN (0x4)

.rel.dyn        0x0000000008009f48        0x0
 .rel.iplt      0x0000000008009f48        0x0 c:/st/stm32cubeide_1.4.0/stm32cubeide/plugins/com.st.stm32cube.ide.mcu.externaltools.gnu-tools-for-stm32.10.3-2021.10.win32_1.0.0.202111181127/tools/bin/../lib/gcc/arm-none-eabi/10.3.1/thumb/v7e-m+fp/hard/crtbegin.o

.preinit_array  0x0000000008009f48        0x0
                0x0000000008009f48                . = ALIGN (0x4)
                0x0000000008009f48                PROVIDE (__preinit_array_start = .)
 *(.preinit_array*)
                0x0000000008009f48                PROVIDE (__preinit_array_end = .)
                0x0000000008009f48                . = ALIGN (0x4)

.init_array     0x0000000008009f48        0x4
                0x0000000008009f48                . = ALIGN (0x4)
                0x0000000008009f48                PROVIDE (__init_array_start = .)
 *(SORT_BY_NAME(.init_array.*))
 *(.init_array*)
 .init_array    0x0000000008009f48        0x4 c:/st/stm32cubeide_1.4.0/stm32cubeide/plugins/com.st.stm32cube.ide.mcu.externaltools.gnu-tools-for-stm32.10.3-2021.10.win32_1.0.0.202111181127/tools/bin/../lib/gcc/arm-none-eabi/10.3.1/thumb/v7e-m+fp/hard/crtbegin.o
                0x0000000008009f4c                PROVIDE (__init_array_end = .)
                0x0000000008009f4c                . = ALIGN (0x4)

.fini_array     0x0000000008009f4c        0x4
                0x0000000008009f4c                . = ALIGN (0x4)
                [!provide]                        PROVIDE (__fini_array_start = .)
 *(SORT_BY_NAME(.fini_array.*))
 *(.fini_array*)
 .fini_array    0x0000000008009f4c        0x4 c:/st/stm32cubeide_1.4.0/stm32cubeide/plugins/com.st.stm32cube.ide.mcu.externaltools.gnu-tools-for-stm32.10.3-2021.10.win32_1.0.0.202111181127/tools/bin/../lib/gcc/arm-none-eabi/10.3.1/thumb/v7e-m+fp/hard/crtbegin.o
                [!provide]                        PROVIDE (__fini_array_end = .)
                0x0000000008009f50                . = ALIGN (0x4)
                0x0000000008009f50                _sidata = LOADADDR (.data)

.data           0x0000000020000000       0xd8 load address 0x0000000008009f50
                0x0000000020000000                . = ALIGN (0x4)
                0x0000000020000000                _sdata = .
 *(.data)
 *(.data*)
 .data.BatteryCharUUIDType
                0x0000000020000000        0x1 ./Core/Src/FitnessController_ApplicationLayer/BatteryService/BatteryService.o
 *fill*         0x0000000020000001        0x3 
 .data.BatteryCharPropertiesLookUpTable
                0x0000000020000004        0x2 ./Core/Src/FitnessController_ApplicationLayer/BatteryService/BatteryService.o
 *fill*         0x0000000020000006        0x2 
 .data.BatteryCharErrorStringLookUpTable
                0x0000000020000008        0x4 ./Core/Src/FitnessController_ApplicationLayer/BatteryService/BatteryService.o
 .data.DeviceInfoCharValueLengthLookUpTable
                0x000000002000000c        0x4 ./Core/Src/FitnessController_ApplicationLayer/DeviceInfoService/DeviceInfoService.o
 .data.DeviceInfo_CharPropertiesLookUpTable
                0x0000000020000010        0x4 ./Core/Src/FitnessController_ApplicationLayer/DeviceInfoService/DeviceInfoService.o
 .data.DeviceInfoCharValueStrings
                0x0000000020000014       0x10 ./Core/Src/FitnessController_ApplicationLayer/DeviceInfoService/DeviceInfoService.o
 .data.DeviceInfoCharErrorStringLookUpTable
                0x0000000020000024       0x10 ./Core/Src/FitnessController_ApplicationLayer/DeviceInfoService/DeviceInfoService.o
 .data.connected
                0x0000000020000034        0x1 ./Core/Src/FitnessController_ApplicationLayer/FitnessController.o
 *fill*         0x0000000020000035        0x3 
 .data.HIDCharValueLenLookUpTable
                0x0000000020000038        0x8 ./Core/Src/FitnessController_ApplicationLayer/HIDService/HIDService.o
 .data.HIDCharPropertiesLookUpTable
                0x0000000020000040        0x8 ./Core/Src/FitnessController_ApplicationLayer/HIDService/HIDService.o
 .data.HIDCharErrorStringLookUpTable
                0x0000000020000048       0x10 ./Core/Src/FitnessController_ApplicationLayer/HIDService/HIDService.o
 .data.HIDCharValueLookUpTable
                0x0000000020000058       0x10 ./Core/Src/FitnessController_ApplicationLayer/HIDService/HIDService.o
 .data.SystemCoreClock
                0x0000000020000068        0x4 ./Core/Src/system_stm32l4xx.o
                0x0000000020000068                SystemCoreClock
 .data.uwTickPrio
                0x000000002000006c        0x4 ./Drivers/STM32L4xx_HAL_Driver/Src/stm32l4xx_hal.o
                0x000000002000006c                uwTickPrio
 .data.uwTickFreq
                0x0000000020000070        0x1 ./Drivers/STM32L4xx_HAL_Driver/Src/stm32l4xx_hal.o
                0x0000000020000070                uwTickFreq
 *fill*         0x0000000020000071        0x3 
 .data._impure_ptr
                0x0000000020000074        0x4 c:/st/stm32cubeide_1.4.0/stm32cubeide/plugins/com.st.stm32cube.ide.mcu.externaltools.gnu-tools-for-stm32.10.3-2021.10.win32_1.0.0.202111181127/tools/bin/../lib/gcc/arm-none-eabi/10.3.1/../../../../arm-none-eabi/lib/thumb/v7e-m+fp/hard\libc_nano.a(lib_a-impure.o)
                0x0000000020000074                _impure_ptr
 .data.impure_data
                0x0000000020000078       0x60 c:/st/stm32cubeide_1.4.0/stm32cubeide/plugins/com.st.stm32cube.ide.mcu.externaltools.gnu-tools-for-stm32.10.3-2021.10.win32_1.0.0.202111181127/tools/bin/../lib/gcc/arm-none-eabi/10.3.1/../../../../arm-none-eabi/lib/thumb/v7e-m+fp/hard\libc_nano.a(lib_a-impure.o)
 *(.RamFunc)
 *(.RamFunc*)
                0x00000000200000d8                . = ALIGN (0x4)
                0x00000000200000d8                _edata = .

.igot.plt       0x00000000200000d8        0x0 load address 0x000000000800a028
 .igot.plt      0x00000000200000d8        0x0 c:/st/stm32cubeide_1.4.0/stm32cubeide/plugins/com.st.stm32cube.ide.mcu.externaltools.gnu-tools-for-stm32.10.3-2021.10.win32_1.0.0.202111181127/tools/bin/../lib/gcc/arm-none-eabi/10.3.1/thumb/v7e-m+fp/hard/crtbegin.o
                0x00000000200000d8                . = ALIGN (0x4)

.bss            0x00000000200000d8      0xa68 load address 0x000000000800a028
                0x00000000200000d8                _sbss = .
                0x00000000200000d8                __bss_start__ = _sbss
 *(.bss)
 .bss           0x00000000200000d8       0x1c c:/st/stm32cubeide_1.4.0/stm32cubeide/plugins/com.st.stm32cube.ide.mcu.externaltools.gnu-tools-for-stm32.10.3-2021.10.win32_1.0.0.202111181127/tools/bin/../lib/gcc/arm-none-eabi/10.3.1/thumb/v7e-m+fp/hard/crtbegin.o
 *(.bss*)
 .bss.hexti6    0x00000000200000f4        0x8 ./BlueNRG-MS/Target/hci_tl_interface.o
                0x00000000200000f4                hexti6
 .bss.read_char_buf.0
                0x00000000200000fc       0xff ./BlueNRG-MS/Target/hci_tl_interface.o
 *fill*         0x00000000200001fb        0x1 
 .bss.BatteryServiceHandle
                0x00000000200001fc        0x2 ./Core/Src/FitnessController_ApplicationLayer/BatteryService/BatteryService.o
 *fill*         0x00000000200001fe        0x2 
 .bss.BatteryCharHandleLookUpTable
                0x0000000020000200        0x2 ./Core/Src/FitnessController_ApplicationLayer/BatteryService/BatteryService.o
 .bss.initialize_status
                0x0000000020000202        0x1 ./Core/Src/FitnessController_ApplicationLayer/Controller_Parts/button_hardware.o
 *fill*         0x0000000020000203        0x1 
 .bss.DeviceInfoServiceHandle
                0x0000000020000204        0x2 ./Core/Src/FitnessController_ApplicationLayer/DeviceInfoService/DeviceInfoService.o
 *fill*         0x0000000020000206        0x2 
 .bss.DeviceInfoCharHandleLookUpTable
                0x0000000020000208        0x8 ./Core/Src/FitnessController_ApplicationLayer/DeviceInfoService/DeviceInfoService.o
 .bss.FitnessController
                0x0000000020000210      0x1e8 ./Core/Src/FitnessController_ApplicationLayer/FitnessController.o
                0x0000000020000210                FitnessController
 .bss.HIDControlPoint
                0x00000000200003f8        0x1 ./Core/Src/FitnessController_ApplicationLayer/HIDService/HID.o
                0x00000000200003f8                HIDControlPoint
 *fill*         0x00000000200003f9        0x3 
 .bss.HIDReport
                0x00000000200003fc        0xc ./Core/Src/FitnessController_ApplicationLayer/HIDService/HID.o
                0x00000000200003fc                HIDReport
 .bss.HidServiceHandle
                0x0000000020000408        0x2 ./Core/Src/FitnessController_ApplicationLayer/HIDService/HIDService.o
 *fill*         0x000000002000040a        0x2 
 .bss.HIDCharHandleLookUpTable
                0x000000002000040c        0x8 ./Core/Src/FitnessController_ApplicationLayer/HIDService/HIDService.o
 .bss.hadc1     0x0000000020000414       0x64 ./Core/Src/adc.o
                0x0000000020000414                hadc1
 .bss.hdma_adc1
                0x0000000020000478       0x48 ./Core/Src/adc.o
                0x0000000020000478                hdma_adc1
 .bss.adc_buffer
                0x00000000200004c0        0xc ./Core/Src/adc.o
                0x00000000200004c0                adc_buffer
 .bss.ADC_Init_Status
                0x00000000200004cc        0x1 ./Core/Src/adc.o
                0x00000000200004cc                ADC_Init_Status
 *fill*         0x00000000200004cd        0x3 
 .bss.__sbrk_heap_end
                0x00000000200004d0        0x4 ./Core/Src/sysmem.o
 .bss.huart1    0x00000000200004d4       0x84 ./Core/Src/usart.o
                0x00000000200004d4                huart1
 .bss.hspi3     0x0000000020000558       0x64 ./Drivers/BSP/B-L475E-IOT01A1/b_l475e_iot01a1_bus.o
                0x0000000020000558                hspi3
 .bss.SPI3InitCounter
                0x00000000200005bc        0x4 ./Drivers/BSP/B-L475E-IOT01A1/b_l475e_iot01a1_bus.o
 .bss.uwTick    0x00000000200005c0        0x4 ./Drivers/STM32L4xx_HAL_Driver/Src/stm32l4xx_hal.o
                0x00000000200005c0                uwTick
 .bss.hciReadPktPool
                0x00000000200005c4        0x8 ./Middlewares/ST/BlueNRG-MS/hci/hci_tl_patterns/Basic/hci_tl.o
                0x00000000200005c4                hciReadPktPool
 .bss.hciReadPktRxQueue
                0x00000000200005cc        0x8 ./Middlewares/ST/BlueNRG-MS/hci/hci_tl_patterns/Basic/hci_tl.o
                0x00000000200005cc                hciReadPktRxQueue
 .bss.hciReadPacketBuffer
                0x00000000200005d4      0x53c ./Middlewares/ST/BlueNRG-MS/hci/hci_tl_patterns/Basic/hci_tl.o
 .bss.hciContext
                0x0000000020000b10       0x20 ./Middlewares/ST/BlueNRG-MS/hci/hci_tl_patterns/Basic/hci_tl.o
 .bss.__lock___malloc_recursive_mutex
                0x0000000020000b30        0x1 c:/st/stm32cubeide_1.4.0/stm32cubeide/plugins/com.st.stm32cube.ide.mcu.externaltools.gnu-tools-for-stm32.10.3-2021.10.win32_1.0.0.202111181127/tools/bin/../lib/gcc/arm-none-eabi/10.3.1/../../../../arm-none-eabi/lib/thumb/v7e-m+fp/hard\libc_nano.a(lib_a-lock.o)
                0x0000000020000b30                __lock___malloc_recursive_mutex
 .bss.__lock___sfp_recursive_mutex
                0x0000000020000b31        0x1 c:/st/stm32cubeide_1.4.0/stm32cubeide/plugins/com.st.stm32cube.ide.mcu.externaltools.gnu-tools-for-stm32.10.3-2021.10.win32_1.0.0.202111181127/tools/bin/../lib/gcc/arm-none-eabi/10.3.1/../../../../arm-none-eabi/lib/thumb/v7e-m+fp/hard\libc_nano.a(lib_a-lock.o)
                0x0000000020000b31                __lock___sfp_recursive_mutex
 .bss.__lock___sinit_recursive_mutex