../Core/Src/FitnessController_ApplicationLayer/FitnessController.c:66:6:FitnessControllerBLEInit	56	static
../Core/Src/FitnessController_ApplicationLayer/FitnessController.c:131:6:FitnessController_BLE_Process	16	static
../Core/Src/FitnessController_ApplicationLayer/FitnessController.c:143:6:FitnessControllerHardwareInit	16	static
../Core/Src/FitnessController_ApplicationLayer/FitnessController.c:151:29:FitnessControllerUpdateState	24	static
../Core/Src/FitnessController_ApplicationLayer/FitnessController.c:188:13:AddServices	16	static
../Core/Src/FitnessController_ApplicationLayer/FitnessController.c:213:19:SetDiscoverable	48	static
../Core/Src/FitnessController_ApplicationLayer/FitnessController.c:227:13:ControllerEventNotify	40	static
../Core/Src/FitnessController_ApplicationLayer/FitnessController.c:282:13:ControllerButtonInit	56	static
../Core/Src/FitnessController_ApplicationLayer/FitnessController.c:294:13:ControllerTriggerInit	32	static
../Core/Src/FitnessController_ApplicationLayer/FitnessController.c:299:13:ControllerStickInit	32	static
../Core/Src/FitnessController_ApplicationLayer/FitnessController.c:304:13:ControllerDpadInit	40	static
../Core/Src/FitnessController_ApplicationLayer/FitnessController.c:308:13:HeartRateInit	64	static
